Archive member included to satisfy reference by file (symbol)

c:/renesas/ra/e2studio_v2023-04_fsp_v4.4.0/toolchains/gcc_arm/gcc-arm-none-eabi-10.3-2021.10/bin/../lib/gcc/arm-none-eabi/10.3.1/thumb/v8-m.base/nofp\libgcc.a(_clzsi2.o)
                              ./ra/fsp/src/r_adc/r_adc.o (__clzsi2)
c:/renesas/ra/e2studio_v2023-04_fsp_v4.4.0/toolchains/gcc_arm/gcc-arm-none-eabi-10.3-2021.10/bin/../lib/gcc/arm-none-eabi/10.3.1/thumb/v8-m.base/nofp\libgcc.a(_aeabi_ldivmod.o)
                              ./ra/fsp/src/r_sci_uart/r_sci_uart.o (__aeabi_ldivmod)
c:/renesas/ra/e2studio_v2023-04_fsp_v4.4.0/toolchains/gcc_arm/gcc-arm-none-eabi-10.3-2021.10/bin/../lib/gcc/arm-none-eabi/10.3.1/thumb/v8-m.base/nofp\libgcc.a(_muldi3.o)
                              ./ra/fsp/src/r_sci_uart/r_sci_uart.o (__aeabi_lmul)
c:/renesas/ra/e2studio_v2023-04_fsp_v4.4.0/toolchains/gcc_arm/gcc-arm-none-eabi-10.3-2021.10/bin/../lib/gcc/arm-none-eabi/10.3.1/thumb/v8-m.base/nofp\libgcc.a(bpabi.o)
                              c:/renesas/ra/e2studio_v2023-04_fsp_v4.4.0/toolchains/gcc_arm/gcc-arm-none-eabi-10.3-2021.10/bin/../lib/gcc/arm-none-eabi/10.3.1/thumb/v8-m.base/nofp\libgcc.a(_aeabi_ldivmod.o) (__gnu_ldivmod_helper)
c:/renesas/ra/e2studio_v2023-04_fsp_v4.4.0/toolchains/gcc_arm/gcc-arm-none-eabi-10.3-2021.10/bin/../lib/gcc/arm-none-eabi/10.3.1/thumb/v8-m.base/nofp\libgcc.a(adddf3.o)
                              ./src/user_ntc_3950_10k_read/user_ntc_3950_10k_read.o (__aeabi_dadd)
c:/renesas/ra/e2studio_v2023-04_fsp_v4.4.0/toolchains/gcc_arm/gcc-arm-none-eabi-10.3-2021.10/bin/../lib/gcc/arm-none-eabi/10.3.1/thumb/v8-m.base/nofp\libgcc.a(divdf3.o)
                              ./src/user_ntc_3950_10k_read/user_ntc_3950_10k_read.o (__aeabi_ddiv)
c:/renesas/ra/e2studio_v2023-04_fsp_v4.4.0/toolchains/gcc_arm/gcc-arm-none-eabi-10.3-2021.10/bin/../lib/gcc/arm-none-eabi/10.3.1/thumb/v8-m.base/nofp\libgcc.a(muldf3.o)
                              ./src/user_ntc_3950_10k_read/user_ntc_3950_10k_read.o (__aeabi_dmul)
c:/renesas/ra/e2studio_v2023-04_fsp_v4.4.0/toolchains/gcc_arm/gcc-arm-none-eabi-10.3-2021.10/bin/../lib/gcc/arm-none-eabi/10.3.1/thumb/v8-m.base/nofp\libgcc.a(subdf3.o)
                              ./src/user_ntc_3950_10k_read/user_ntc_3950_10k_read.o (__aeabi_dsub)
c:/renesas/ra/e2studio_v2023-04_fsp_v4.4.0/toolchains/gcc_arm/gcc-arm-none-eabi-10.3-2021.10/bin/../lib/gcc/arm-none-eabi/10.3.1/thumb/v8-m.base/nofp\libgcc.a(fixdfsi.o)
                              ./src/user_ntc_3950_10k_read/user_ntc_3950_10k_read.o (__aeabi_d2iz)
c:/renesas/ra/e2studio_v2023-04_fsp_v4.4.0/toolchains/gcc_arm/gcc-arm-none-eabi-10.3-2021.10/bin/../lib/gcc/arm-none-eabi/10.3.1/thumb/v8-m.base/nofp\libgcc.a(floatsidf.o)
                              ./src/user_bsp_adc/user_bsp_adc.o (__aeabi_i2d)
c:/renesas/ra/e2studio_v2023-04_fsp_v4.4.0/toolchains/gcc_arm/gcc-arm-none-eabi-10.3-2021.10/bin/../lib/gcc/arm-none-eabi/10.3.1/thumb/v8-m.base/nofp\libgcc.a(_dvmd_tls.o)
                              c:/renesas/ra/e2studio_v2023-04_fsp_v4.4.0/toolchains/gcc_arm/gcc-arm-none-eabi-10.3-2021.10/bin/../lib/gcc/arm-none-eabi/10.3.1/thumb/v8-m.base/nofp\libgcc.a(_aeabi_ldivmod.o) (__aeabi_ldiv0)
c:/renesas/ra/e2studio_v2023-04_fsp_v4.4.0/toolchains/gcc_arm/gcc-arm-none-eabi-10.3-2021.10/bin/../lib/gcc/arm-none-eabi/10.3.1/thumb/v8-m.base/nofp\libgcc.a(_divdi3.o)
                              c:/renesas/ra/e2studio_v2023-04_fsp_v4.4.0/toolchains/gcc_arm/gcc-arm-none-eabi-10.3-2021.10/bin/../lib/gcc/arm-none-eabi/10.3.1/thumb/v8-m.base/nofp\libgcc.a(bpabi.o) (__divdi3)
c:/renesas/ra/e2studio_v2023-04_fsp_v4.4.0/toolchains/gcc_arm/gcc-arm-none-eabi-10.3-2021.10/bin/../lib/gcc/arm-none-eabi/10.3.1/../../../../arm-none-eabi/lib/thumb/v8-m.base/nofp\libg_nano.a(lib_a-errno.o)
                              ./ra/fsp/src/bsp/mcu/all/bsp_sbrk.o (__errno)
c:/renesas/ra/e2studio_v2023-04_fsp_v4.4.0/toolchains/gcc_arm/gcc-arm-none-eabi-10.3-2021.10/bin/../lib/gcc/arm-none-eabi/10.3.1/../../../../arm-none-eabi/lib/thumb/v8-m.base/nofp\libg_nano.a(lib_a-exit.o)
                              c:/renesas/ra/e2studio_v2023-04_fsp_v4.4.0/toolchains/gcc_arm/gcc-arm-none-eabi-10.3-2021.10/bin/../lib/gcc/arm-none-eabi/10.3.1/../../../../arm-none-eabi/lib/thumb/v8-m.base/nofp/crt0.o (exit)
c:/renesas/ra/e2studio_v2023-04_fsp_v4.4.0/toolchains/gcc_arm/gcc-arm-none-eabi-10.3-2021.10/bin/../lib/gcc/arm-none-eabi/10.3.1/../../../../arm-none-eabi/lib/thumb/v8-m.base/nofp\libg_nano.a(lib_a-impure.o)
                              c:/renesas/ra/e2studio_v2023-04_fsp_v4.4.0/toolchains/gcc_arm/gcc-arm-none-eabi-10.3-2021.10/bin/../lib/gcc/arm-none-eabi/10.3.1/../../../../arm-none-eabi/lib/thumb/v8-m.base/nofp\libg_nano.a(lib_a-exit.o) (_global_impure_ptr)
c:/renesas/ra/e2studio_v2023-04_fsp_v4.4.0/toolchains/gcc_arm/gcc-arm-none-eabi-10.3-2021.10/bin/../lib/gcc/arm-none-eabi/10.3.1/../../../../arm-none-eabi/lib/thumb/v8-m.base/nofp\libg_nano.a(lib_a-init.o)
[...]
Memory Configuration

Name             Origin             Length             Attributes
ITCM             0x00000000         0x00000000         xr
DTCM             0x00000000         0x00000000         xrw
FLASH            0x00000000         0x00010000         xr
RAM              0x20004000         0x00004000         xrw
DATA_FLASH       0x40100000         0x00001000         xr
QSPI_FLASH       0x60000000         0x00000000         xr
OSPI_DEVICE_0    0x80020000         0x00000000         xr
OSPI_DEVICE_1    0x80030000         0x00000000         xr
OSPI_DEVICE_0_RAM 0x80020000         0x00000000         xrw
OSPI_DEVICE_1_RAM 0x80030000         0x00000000         xrw
SDRAM            0x80010000         0x00000000         xrw
OPTION_SETTING   0x00000000         0x00000000         r
OPTION_SETTING_OFS 0x00000000         0x00000018         r
OPTION_SETTING_SAS 0x00000034         0xffffffcc         r
OPTION_SETTING_S 0x80000000         0x00000000         r
ID_CODE          0x01010018         0x00000020         xr
*default*        0x00000000         0xffffffff

Linker script and memory map

LOAD c:/renesas/ra/e2studio_v2023-04_fsp_v4.4.0/toolchains/gcc_arm/gcc-arm-none-eabi-10.3-2021.10/bin/../lib/gcc/arm-none-eabi/10.3.1/thumb/v8-m.base/nofp/crti.o
LOAD c:/renesas/ra/e2studio_v2023-04_fsp_v4.4.0/toolchains/gcc_arm/gcc-arm-none-eabi-10.3-2021.10/bin/../lib/gcc/arm-none-eabi/10.3.1/thumb/v8-m.base/nofp/crtbegin.o
LOAD c:/renesas/ra/e2studio_v2023-04_fsp_v4.4.0/toolchains/gcc_arm/gcc-arm-none-eabi-10.3-2021.10/bin/../lib/gcc/arm-none-eabi/10.3.1/../../../../arm-none-eabi/lib/thumb/v8-m.base/nofp/crt0.o
START GROUP
LOAD ./src/user_wifi/use_wifi.o
LOAD ./src/user_ntc_3950_10k_read/user_ntc_3950_10k_read.o
LOAD ./src/user_lcd_driver/user_lcd_driver.o
LOAD ./src/user_bsp_uart/user_bsp_uart.o
LOAD ./src/user_bsp_rtc/user_bsp_rtc.o
LOAD ./src/user_bsp_gpt_pwm/user_bsp_gpt_pwm.o
LOAD ./src/user_bsp_gpio/user_bsp_gpio.o
LOAD ./src/user_bsp_adc/user_bsp_adc.o
LOAD ./src/user_bsp_SysTick/user_bsp_SysTick.o
LOAD ./src/user_DHT11/user_dht11.o
LOAD ./src/hal_entry.o
LOAD ./ra_gen/common_data.o
LOAD ./ra_gen/hal_data.o
LOAD ./ra_gen/main.o
LOAD ./ra_gen/pin_data.o
LOAD ./ra_gen/vector_data.o
LOAD ./ra/fsp/src/r_sci_uart/r_sci_uart.o
LOAD ./ra/fsp/src/r_rtc/r_rtc.o
LOAD ./ra/fsp/src/r_ioport/r_ioport.o
LOAD ./ra/fsp/src/r_iic_master/r_iic_master.o
LOAD ./ra/fsp/src/r_gpt/r_gpt.o
LOAD ./ra/fsp/src/r_adc/r_adc.o
LOAD ./ra/fsp/src/bsp/mcu/all/bsp_clocks.o
LOAD ./ra/fsp/src/bsp/mcu/all/bsp_common.o
LOAD ./ra/fsp/src/bsp/mcu/all/bsp_delay.o
LOAD ./ra/fsp/src/bsp/mcu/all/bsp_group_irq.o
LOAD ./ra/fsp/src/bsp/mcu/all/bsp_guard.o
LOAD ./ra/fsp/src/bsp/mcu/all/bsp_io.o
LOAD ./ra/fsp/src/bsp/mcu/all/bsp_irq.o
LOAD ./ra/fsp/src/bsp/mcu/all/bsp_register_protection.o
LOAD ./ra/fsp/src/bsp/mcu/all/bsp_rom_registers.o
LOAD ./ra/fsp/src/bsp/mcu/all/bsp_sbrk.o
LOAD ./ra/fsp/src/bsp/mcu/all/bsp_security.o
LOAD ./ra/fsp/src/bsp/cmsis/Device/RENESAS/Source/startup.o
LOAD ./ra/fsp/src/bsp/cmsis/Device/RENESAS/Source/system.o
END GROUP
START GROUP
LOAD c:/renesas/ra/e2studio_v2023-04_fsp_v4.4.0/toolchains/gcc_arm/gcc-arm-none-eabi-10.3-2021.10/bin/../lib/gcc/arm-none-eabi/10.3.1/thumb/v8-m.base/nofp\libgcc.a
LOAD c:/renesas/ra/e2studio_v2023-04_fsp_v4.4.0/toolchains/gcc_arm/gcc-arm-none-eabi-10.3-2021.10/bin/../lib/gcc/arm-none-eabi/10.3.1/../../../../arm-none-eabi/lib/thumb/v8-m.base/nofp\libg_nano.a
LOAD c:/renesas/ra/e2studio_v2023-04_fsp_v4.4.0/toolchains/gcc_arm/gcc-arm-none-eabi-10.3-2021.10/bin/../lib/gcc/arm-none-eabi/10.3.1/../../../../arm-none-eabi/lib/thumb/v8-m.base/nofp\libc_nano.a
END GROUP
START GROUP
LOAD c:/renesas/ra/e2studio_v2023-04_fsp_v4.4.0/toolchains/gcc_arm/gcc-arm-none-eabi-10.3-2021.10/bin/../lib/gcc/arm-none-eabi/10.3.1/thumb/v8-m.base/nofp\libgcc.a
LOAD c:/renesas/ra/e2studio_v2023-04_fsp_v4.4.0/toolchains/gcc_arm/gcc-arm-none-eabi-10.3-2021.10/bin/../lib/gcc/arm-none-eabi/10.3.1/../../../../arm-none-eabi/lib/thumb/v8-m.base/nofp\libc_nano.a
END GROUP
LOAD c:/renesas/ra/e2studio_v2023-04_fsp_v4.4.0/toolchains/gcc_arm/gcc-arm-none-eabi-10.3-2021.10/bin/../lib/gcc/arm-none-eabi/10.3.1/thumb/v8-m.base/nofp/crtend.o
LOAD c:/renesas/ra/e2studio_v2023-04_fsp_v4.4.0/toolchains/gcc_arm/gcc-arm-none-eabi-10.3-2021.10/bin/../lib/gcc/arm-none-eabi/10.3.1/thumb/v8-m.base/nofp/crtn.o
                0x20004000                RAM_START = 0x20004000
                0x00004000                RAM_LENGTH = 0x4000
                0x00000000                FLASH_START = 0x0
                0x00010000                FLASH_LENGTH = 0x10000
                0x40100000                DATA_FLASH_START = 0x40100000
                0x00001000                DATA_FLASH_LENGTH = 0x1000
                0x00000000                OPTION_SETTING_START = 0x0
                0x00000000                OPTION_SETTING_LENGTH = 0x0
                0x80000000                OPTION_SETTING_S_START = 0x80000000
                0x00000000                OPTION_SETTING_S_LENGTH = 0x0
                0x01010018                ID_CODE_START = 0x1010018
                0x00000020                ID_CODE_LENGTH = 0x20
                0x80010000                SDRAM_START = 0x80010000
                0x00000000                SDRAM_LENGTH = 0x0
                0x60000000                QSPI_FLASH_START = 0x60000000
                0x00000000                QSPI_FLASH_LENGTH = 0x0
                0x80020000                OSPI_DEVICE_0_START = 0x80020000
                0x00000000                OSPI_DEVICE_0_LENGTH = 0x0
                0x80030000                OSPI_DEVICE_1_START = 0x80030000
                0x00000000                OSPI_DEVICE_1_LENGTH = 0x0
                0x00000000                QSPI_FLASH_PRV_LENGTH = DEFINED (QSPI_FLASH_SIZE)?ABSOLUTE (QSPI_FLASH_SIZE):ABSOLUTE (QSPI_FLASH_LENGTH)
                0x00000000                OSPI_DEVICE_0_PRV_LENGTH = DEFINED (OSPI_DEVICE_0_SIZE)?ABSOLUTE (OSPI_DEVICE_0_SIZE):ABSOLUTE (OSPI_DEVICE_0_LENGTH)
                0x00000000                OSPI_DEVICE_1_PRV_LENGTH = DEFINED (OSPI_DEVICE_1_SIZE)?ABSOLUTE (OSPI_DEVICE_1_SIZE):ABSOLUTE (OSPI_DEVICE_1_LENGTH)
                0x00000000                __RESERVE_NS_RAM = ((! (DEFINED (PROJECT_NONSECURE)) && DEFINED (RAM_NS_BUFFER_LENGTH)) && (OPTION_SETTING_S_LENGTH != 0x0))
                0x00000000                ITCM_START = DEFINED (ITCM_START)?ITCM_START:0x0
                0x00000000                ITCM_LENGTH = DEFINED (ITCM_LENGTH)?ITCM_LENGTH:0x0
                0x00000000                DTCM_START = DEFINED (DTCM_START)?DTCM_START:0x0
                0x00000000                DTCM_LENGTH = DEFINED (DTCM_LENGTH)?DTCM_LENGTH:0x0
                0x00000000                NS_OFFSET_START = DEFINED (NS_OFFSET_START)?NS_OFFSET_START:0x0
                0x00000000                NS_IMAGE_OFFSET = DEFINED (PROJECT_NONSECURE)?NS_OFFSET_START:0x0
                0x00000000                RAM_NS_BUFFER_BLOCK_LENGTH = DEFINED (RAM_NS_BUFFER_LENGTH)?ALIGN (RAM_NS_BUFFER_LENGTH, 0x2000):0x0
                0x00000000                RAM_NS_BUFFER_LENGTH = DEFINED (RAM_NS_BUFFER_LENGTH)?RAM_NS_BUFFER_LENGTH:0x0
                0x20008000                RAM_NS_BUFFER_START = ((RAM_START + RAM_LENGTH) - RAM_NS_BUFFER_LENGTH)
                0x20008000                RAM_NS_BUFFER_BLOCK_START = ((RAM_START + RAM_LENGTH) - RAM_NS_BUFFER_BLOCK_LENGTH)
                0x00000080                OPTION_SETTING_START_NS = DEFINED (PROJECT_NONSECURE)?OPTION_SETTING_START:(OPTION_SETTING_START + 0x80)
                0x00000001                __bl_FSP_BOOTABLE_IMAGE = 0x1
                0x00000001                __bln_FSP_BOOTABLE_IMAGE = 0x1
                0x00000000                PROJECT_SECURE_OR_FLAT = (((! (DEFINED (PROJECT_NONSECURE)) || DEFINED (PROJECT_SECURE)) && OPTION_SETTING_LENGTH) && ! (DEFINED (FSP_BOOTABLE_IMAGE)))
                0x00000000                USE_OPTION_SETTING_NS = (DEFINED (PROJECT_NONSECURE) && ! (DEFINED (FSP_BOOTABLE_IMAGE)))
                0x00000000                __bl_FLASH_IMAGE_START = ! (DEFINED (FLASH_BOOTLOADER_LENGTH))?0x0:(FLASH_APPLICATION_IMAGE_NUMBER == 0x1)?(FLASH_BOOTLOADER_LENGTH + FLASH_BOOTLOADER_HEADER_LENGTH):(((FLASH_BOOTLOADER_LENGTH + FLASH_BOOTLOADER_SCRATCH_LENGTH) + FLASH_APPLICATION_S_LENGTH) + FLASH_BOOTLOADER_HEADER_LENGTH)
                0x00000000                __bl_FLASH_IMAGE_LENGTH = ! (DEFINED (FLASH_BOOTLOADER_LENGTH))?0x0:(FLASH_APPLICATION_S_LENGTH - FLASH_BOOTLOADER_HEADER_LENGTH)
                0x00000000                __bl_FLASH_IMAGE_END = (__bl_FLASH_IMAGE_START + __bl_FLASH_IMAGE_LENGTH)
                0x00000000                __bl_XIP_SECONDARY_FLASH_IMAGE_START = ! (DEFINED (FLASH_BOOTLOADER_LENGTH))?0x0:((FLASH_BOOTLOADER_LENGTH + FLASH_APPLICATION_S_LENGTH) + FLASH_BOOTLOADER_HEADER_LENGTH)
                0x00000000                __bl_XIP_SECONDARY_FLASH_IMAGE_END = (__bl_XIP_SECONDARY_FLASH_IMAGE_START + __bl_FLASH_IMAGE_LENGTH)
                0x00000000                __bl_FLASH_NS_START = ! (DEFINED (FLASH_BOOTLOADER_LENGTH))?0x0:(FLASH_APPLICATION_NS_LENGTH == 0x0)?__bl_FLASH_IMAGE_END:((__bl_FLASH_IMAGE_START - FLASH_BOOTLOADER_HEADER_LENGTH) + FLASH_APPLICATION_S_LENGTH)
                0x00000000                __bl_FLASH_NSC_START = ! (DEFINED (FLASH_BOOTLOADER_LENGTH))?0x0:(FLASH_APPLICATION_NS_LENGTH == 0x0)?__bl_FLASH_IMAGE_END:(__bl_FLASH_NS_START - FLASH_APPLICATION_NSC_LENGTH)
                0x00000000                __bl_RAM_NS_START = ! (DEFINED (FLASH_BOOTLOADER_LENGTH))?0x0:(FLASH_APPLICATION_NS_LENGTH == 0x0)?(RAM_START + RAM_LENGTH):((RAM_START + RAM_LENGTH) - RAM_APPLICATION_NS_LENGTH)
                0x00000000                __bl_RAM_NSC_START = ! (DEFINED (FLASH_BOOTLOADER_LENGTH))?0x0:(FLASH_APPLICATION_NS_LENGTH == 0x0)?(RAM_START + RAM_LENGTH):(__bl_RAM_NS_START - RAM_APPLICATION_NSC_LENGTH)
                0x00000000                __bl_FLASH_NS_IMAGE_START = ! (DEFINED (FLASH_BOOTLOADER_LENGTH))?0x0:(FLASH_APPLICATION_NS_LENGTH == 0x0)?__bl_FLASH_IMAGE_END:(__bl_FLASH_NS_START + FLASH_BOOTLOADER_HEADER_LENGTH_2)
                0x00000000                __bln_FLASH_IMAGE_START = __bl_FLASH_NS_IMAGE_START
                0x00000000                __bln_FLASH_IMAGE_LENGTH = ! (DEFINED (FLASH_BOOTLOADER_LENGTH))?0x0:(FLASH_APPLICATION_NS_LENGTH == 0x0)?__bl_FLASH_IMAGE_END:(FLASH_APPLICATION_NS_LENGTH - FLASH_BOOTLOADER_HEADER_LENGTH_2)
                0x00000000                XIP_SECONDARY_SLOT_IMAGE = DEFINED (XIP_SECONDARY_SLOT_IMAGE)?XIP_SECONDARY_SLOT_IMAGE:0x0
                0x00000000                FLASH_ORIGIN = ! (DEFINED (FLASH_IMAGE_START))?FLASH_START:(XIP_SECONDARY_SLOT_IMAGE == 0x1)?XIP_SECONDARY_FLASH_IMAGE_START:FLASH_IMAGE_START
                0x00010000                LIMITED_FLASH_LENGTH = DEFINED (FLASH_IMAGE_LENGTH)?FLASH_IMAGE_LENGTH:DEFINED (FLASH_BOOTLOADER_LENGTH)?FLASH_BOOTLOADER_LENGTH:FLASH_LENGTH
START GROUP
LOAD c:/renesas/ra/e2studio_v2023-04_fsp_v4.4.0/toolchains/gcc_arm/gcc-arm-none-eabi-10.3-2021.10/bin/../lib/gcc/arm-none-eabi/10.3.1/thumb/v8-m.base/nofp\libgcc.a
LOAD c:/renesas/ra/e2studio_v2023-04_fsp_v4.4.0/toolchains/gcc_arm/gcc-arm-none-eabi-10.3-2021.10/bin/../lib/gcc/arm-none-eabi/10.3.1/../../../../arm-none-eabi/lib/thumb/v8-m.base/nofp\libc.a
LOAD c:/renesas/ra/e2studio_v2023-04_fsp_v4.4.0/toolchains/gcc_arm/gcc-arm-none-eabi-10.3-2021.10/bin/../lib/gcc/arm-none-eabi/10.3.1/../../../../arm-none-eabi/lib/thumb/v8-m.base/nofp\libm.a
LOAD c:/renesas/ra/e2studio_v2023-04_fsp_v4.4.0/toolchains/gcc_arm/gcc-arm-none-eabi-10.3-2021.10/bin/../lib/gcc/arm-none-eabi/10.3.1/../../../../arm-none-eabi/lib/thumb/v8-m.base/nofp\libnosys.a
END GROUP

.itcm_data      0x00000000        0x0
                0x00000000                __tz_ITCM_S = ABSOLUTE (ITCM_START)
                0x00000000                __itcm_data_start__ = .
 *(.itcm_data*)
                0x00000000                __itcm_data_end__ = .
                0x00000000                __tz_ITCM_N = DEFINED (ITCM_NS_START)?ABSOLUTE (ITCM_NS_START):ALIGN (__itcm_data_end__, 0x2000)

.text           0x00000000     0xada4
                0x00000000                __tz_FLASH_S = ABSOLUTE (FLASH_START)
                0x00000000                __ROM_Start = .
 *(.fixed_vectors*)
 .fixed_vectors
                0x00000000       0x40 ./ra/fsp/src/bsp/cmsis/Device/RENESAS/Source/startup.o
                0x00000000                __Vectors
 *(.application_vectors*)
 .application_vectors
                0x00000040       0x80 ./ra_gen/vector_data.o
                0x00000040                g_vector_table
                0x000000c0                __Vectors_End = .
                0x00000400                . = (OPTION_SETTING_LENGTH > 0x0)?.:(__ROM_Start + 0x400)
 *fill*         0x000000c0      0x340 ff
 *(.rom_registers*)
 .rom_registers
                0x00000400       0x3c ./ra/fsp/src/bsp/mcu/all/bsp_rom_registers.o
                0x00000500                . = (OPTION_SETTING_LENGTH > 0x0)?.:(__ROM_Start + 0x500)
 *fill*         0x0000043c       0xc4 ff
                0x00000500                . = ALIGN (0x80)
 *(.mcuboot_sce9_key*)
 *(.text*)
 .text          0x00000500       0x50 c:/renesas/ra/e2studio_v2023-04_fsp_v4.4.0/toolchains/gcc_arm/gcc-arm-none-eabi-10.3-2021.10/bin/../lib/gcc/arm-none-eabi/10.3.1/thumb/v8-m.base/nofp/crtbegin.o
 .text.Wifi_get_weather
                0x00000550       0x54 ./src/user_wifi/use_wifi.o
                0x00000550                Wifi_get_weather
 .text.Wifi_state_inquire
                0x000005a4       0x68 ./src/user_wifi/use_wifi.o
                0x000005a4                Wifi_state_inquire
 .text.ntc10k_3950_temp_data
                0x0000060c       0xec ./src/user_ntc_3950_10k_read/user_ntc_3950_10k_read.o
                0x0000060c                ntc10k_3950_temp_data
 .text.Read_Temperature_Display
                0x000006f8       0x40 ./src/user_ntc_3950_10k_read/user_ntc_3950_10k_read.o
                0x000006f8                Read_Temperature_Display
 .text.itoa     0x00000738       0x98 ./src/user_ntc_3950_10k_read/user_ntc_3950_10k_read.o
                0x00000738                itoa
 .text.SPI_SendByte
                0x000007d0       0x78 ./src/user_lcd_driver/user_lcd_driver.o
                0x000007d0                SPI_SendByte
 .text.SPI_SendByte_16
                0x00000848       0x78 ./src/user_lcd_driver/user_lcd_driver.o
                0x00000848                SPI_SendByte_16
 .text.TFT_full
                0x000008c0      0x2e8 ./src/user_lcd_driver/user_lcd_driver.o
                0x000008c0                TFT_full
 .text.TFT_init
                0x00000ba8      0xb7c ./src/user_lcd_driver/user_lcd_driver.o
                0x00000ba8                TFT_init
 .text.display_char16_16
                0x00001724      0x3d8 ./src/user_lcd_driver/user_lcd_driver.o
                0x00001724                display_char16_16
 .text.show_BJ_Piceute
                0x00001afc        0xc ./src/user_lcd_driver/user_lcd_driver.o
                0x00001afc                show_BJ_Piceute
 .text.LCD_integer_and_decimal_display
                0x00001b08      0x110 ./src/user_lcd_driver/user_lcd_driver.o
                0x00001b08                LCD_integer_and_decimal_display
 .text.debug_uart1_Init.part.0
                0x00001c18       0x20 ./src/user_bsp_uart/user_bsp_uart.o
 .text.User_uart2_Init.part.0
                0x00001c38       0x20 ./src/user_bsp_uart/user_bsp_uart.o
 .text.User_uart9_Init.part.0
                0x00001c58       0x20 ./src/user_bsp_uart/user_bsp_uart.o
 .text.Receive_weather_by_UART1.part.0
                0x00001c78       0xec ./src/user_bsp_uart/user_bsp_uart.o
 .text.Receive_wifi_state_by_UATR1.part.0
                0x00001d64       0x60 ./src/user_bsp_uart/user_bsp_uart.o
 .text.ALL_Uart_Init
                0x00001dc4       0x54 ./src/user_bsp_uart/user_bsp_uart.o
                0x00001dc4                ALL_Uart_Init
 .text.User_UART2_Callback
                0x00001e18       0x30 ./src/user_bsp_uart/user_bsp_uart.o
                0x00001e18                User_UART2_Callback
 .text.User_UART9_Callback
                0x00001e48       0x14 ./src/user_bsp_uart/user_bsp_uart.o
                0x00001e48                User_UART9_Callback
 .text.User_UART1_Callback
                0x00001e5c       0x64 ./src/user_bsp_uart/user_bsp_uart.o
                0x00001e5c                User_UART1_Callback
 .text._write   0x00001ec0       0x28 ./src/user_bsp_uart/user_bsp_uart.o
                0x00001ec0                _write
 .text.Send_get_weather_by_UART1
                0x00001ee8       0x4c ./src/user_bsp_uart/user_bsp_uart.o
                0x00001ee8                Send_get_weather_by_UART1
 .text.UART1_Receive_Weather_init
                0x00001f34        0xc ./src/user_bsp_uart/user_bsp_uart.o
                0x00001f34                UART1_Receive_Weather_init
 .text.Send_get_wifi_state_by_UART1
                0x00001f40       0x58 ./src/user_bsp_uart/user_bsp_uart.o
                0x00001f40                Send_get_wifi_state_by_UART1
 .text.WiFi_Uart_Receive_All
                0x00001f98       0x68 ./src/user_bsp_uart/user_bsp_uart.o
                0x00001f98                WiFi_Uart_Receive_All
 .text.Wifi_state
                0x00002000       0x5c ./src/user_bsp_uart/user_bsp_uart.o
                0x00002000                Wifi_state
 .text.RTC_Init
                0x0000205c       0x44 ./src/user_bsp_rtc/user_bsp_rtc.o
                0x0000205c                RTC_Init
 .text.rtc_callback
                0x000020a0       0x54 ./src/user_bsp_rtc/user_bsp_rtc.o
                0x000020a0                rtc_callback
 .text.rtc_minute_30_read
                0x000020f4       0x34 ./src/user_bsp_rtc/user_bsp_rtc.o
                0x000020f4                rtc_minute_30_read
 .text.GPT_InputCapture_Init
                0x00002128       0x44 ./src/user_bsp_gpt_pwm/user_bsp_gpt_pwm.o
                0x00002128                GPT_InputCapture_Init
 .text.gpt9_input_capture_callback
                0x0000216c      0x29c ./src/user_bsp_gpt_pwm/user_bsp_gpt_pwm.o
                0x0000216c                gpt9_input_capture_callback
 .text.GPIO_Init
                0x00002408       0x1c ./src/user_bsp_gpio/user_bsp_gpio.o
                0x00002408                GPIO_Init
 .text.ADC_Init
                0x00002424       0x4c ./src/user_bsp_adc/user_bsp_adc.o
                0x00002424                ADC_Init
 .text.adc_callback
                0x00002470       0x10 ./src/user_bsp_adc/user_bsp_adc.o
                0x00002470                adc_callback
 .text.Read_ADC_Voltage_Value
                0x00002480       0x64 ./src/user_bsp_adc/user_bsp_adc.o
                0x00002480                Read_ADC_Voltage_Value
 .text.SysTick_Init
                0x000024e4       0x6c ./src/user_bsp_SysTick/user_bsp_SysTick.o
                0x000024e4                SysTick_Init
 .text.TaskRemarks
                0x00002550       0x28 ./src/user_bsp_SysTick/user_bsp_SysTick.o
                0x00002550                TaskRemarks
 .text.SysTick_Handler
                0x00002578        0x8 ./src/user_bsp_SysTick/user_bsp_SysTick.o
                0x00002578                SysTick_Handler
 .text.TaskProcess
                0x00002580       0x24 ./src/user_bsp_SysTick/user_bsp_SysTick.o
                0x00002580                TaskProcess
 .text.DHT11_Init
                0x000025a4       0x60 ./src/user_DHT11/user_dht11.o
                0x000025a4                DHT11_Init
 .text.DHT11_Read_Byte
                0x00002604       0xb4 ./src/user_DHT11/user_dht11.o
                0x00002604                DHT11_Read_Byte
 .text.DHT11_Read
                0x000026b8      0x10c ./src/user_DHT11/user_dht11.o
                0x000026b8                DHT11_Read
 .text.Read_H_Display
                0x000027c4       0x34 ./src/user_DHT11/user_dht11.o
                0x000027c4                Read_H_Display
 .text.System_Init
                0x000027f8       0xf0 ./src/hal_entry.o
                0x000027f8                System_Init
 .text.hal_entry
                0x000028e8       0x1c ./src/hal_entry.o
                0x000028e8                hal_entry
 .text.R_BSP_WarmStart
                0x00002904       0x38 ./src/hal_entry.o
                0x00002904                R_BSP_WarmStart
 .text.startup.main
                0x0000293c        0xc ./ra_gen/main.o
                0x0000293c                main
 .text.R_SCI_UART_Write
                0x00002948       0x40 ./ra/fsp/src/r_sci_uart/r_sci_uart.o
                0x00002948                R_SCI_UART_Write
 .text.r_sci_irq_cfg
                0x00002988       0x88 ./ra/fsp/src/r_sci_uart/r_sci_uart.o
 .text.r_sci_uart_call_callback
                0x00002a10       0x50 ./ra/fsp/src/r_sci_uart/r_sci_uart.o
 .text.R_SCI_UART_Open
                0x00002a60      0x2a8 ./ra/fsp/src/r_sci_uart/r_sci_uart.o
                0x00002a60                R_SCI_UART_Open
 .text.sci_uart_txi_isr
                0x00002d08       0x94 ./ra/fsp/src/r_sci_uart/r_sci_uart.o
                0x00002d08                sci_uart_txi_isr
 .text.sci_uart_rxi_isr
                0x00002d9c       0xa0 ./ra/fsp/src/r_sci_uart/r_sci_uart.o
                0x00002d9c                sci_uart_rxi_isr
 .text.sci_uart_tei_isr
                0x00002e3c       0x4c ./ra/fsp/src/r_sci_uart/r_sci_uart.o
                0x00002e3c                sci_uart_tei_isr
 .text.sci_uart_eri_isr
                0x00002e88       0x78 ./ra/fsp/src/r_sci_uart/r_sci_uart.o
                0x00002e88                sci_uart_eri_isr
 .text.R_RTC_Close
                0x00002f00       0xe0 ./ra/fsp/src/r_rtc/r_rtc.o
                0x00002f00                R_RTC_Close
 .text.R_RTC_CalendarAlarmGet
                0x00002fe0       0xdc ./ra/fsp/src/r_rtc/r_rtc.o
                0x00002fe0                R_RTC_CalendarAlarmGet
 .text.R_RTC_InfoGet
                0x000030bc       0x1c ./ra/fsp/src/r_rtc/r_rtc.o
                0x000030bc                R_RTC_InfoGet
 .text.R_RTC_CallbackSet
                0x000030d8        0xc ./ra/fsp/src/r_rtc/r_rtc.o
                0x000030d8                R_RTC_CallbackSet
 .text.r_rtc_set_clock_source
                0x000030e4       0x94 ./ra/fsp/src/r_rtc/r_rtc.o
 .text.R_RTC_ClockSourceSet
                0x00003178        0xc ./ra/fsp/src/r_rtc/r_rtc.o
                0x00003178                R_RTC_ClockSourceSet
 .text.R_RTC_CalendarTimeGet
                0x00003184      0x1c8 ./ra/fsp/src/r_rtc/r_rtc.o
                0x00003184                R_RTC_CalendarTimeGet
 .text.r_rtc_error_adjustment_set.isra.0
                0x0000334c       0xb0 ./ra/fsp/src/r_rtc/r_rtc.o
 .text.R_RTC_CalendarTimeSet
                0x000033fc       0xf4 ./ra/fsp/src/r_rtc/r_rtc.o
                0x000033fc                R_RTC_CalendarTimeSet
 .text.R_RTC_ErrorAdjustmentSet
                0x000034f0       0x14 ./ra/fsp/src/r_rtc/r_rtc.o
                0x000034f0                R_RTC_ErrorAdjustmentSet
 .text.R_RTC_PeriodicIrqRateSet
                0x00003504       0x88 ./ra/fsp/src/r_rtc/r_rtc.o
                0x00003504                R_RTC_PeriodicIrqRateSet
 .text.R_RTC_CalendarAlarmSet
                0x0000358c      0x224 ./ra/fsp/src/r_rtc/r_rtc.o
                0x0000358c                R_RTC_CalendarAlarmSet
 .text.R_RTC_Open
                0x000037b0      0x108 ./ra/fsp/src/r_rtc/r_rtc.o
                0x000037b0                R_RTC_Open
 .text.rtc_alarm_periodic_isr
                0x000038b8       0x7c ./ra/fsp/src/r_rtc/r_rtc.o
                0x000038b8                rtc_alarm_periodic_isr
 .text.rtc_carry_isr
                0x00003934       0x34 ./ra/fsp/src/r_rtc/r_rtc.o
                0x00003934                rtc_carry_isr
 .text.R_IOPORT_Close
                0x00003968        0x8 ./ra/fsp/src/r_ioport/r_ioport.o
                0x00003968                R_IOPORT_Close
 .text.R_IOPORT_PinRead
                0x00003970       0x24 ./ra/fsp/src/r_ioport/r_ioport.o
                0x00003970                R_IOPORT_PinRead
 .text.R_IOPORT_PortRead
                0x00003994       0x18 ./ra/fsp/src/r_ioport/r_ioport.o
                0x00003994                R_IOPORT_PortRead
 .text.R_IOPORT_PortWrite
                0x000039ac       0x20 ./ra/fsp/src/r_ioport/r_ioport.o
                0x000039ac                R_IOPORT_PortWrite
 .text.R_IOPORT_PinWrite
                0x000039cc       0x28 ./ra/fsp/src/r_ioport/r_ioport.o
                0x000039cc                R_IOPORT_PinWrite
 .text.R_IOPORT_PortDirectionSet
                0x000039f4       0x24 ./ra/fsp/src/r_ioport/r_ioport.o
                0x000039f4                R_IOPORT_PortDirectionSet
 .text.R_IOPORT_PortEventInputRead
                0x00003a18       0x18 ./ra/fsp/src/r_ioport/r_ioport.o
                0x00003a18                R_IOPORT_PortEventInputRead
 .text.R_IOPORT_PinEventInputRead
                0x00003a30       0x2c ./ra/fsp/src/r_ioport/r_ioport.o
                0x00003a30                R_IOPORT_PinEventInputRead
 .text.R_IOPORT_PortEventOutputWrite
                0x00003a5c       0x20 ./ra/fsp/src/r_ioport/r_ioport.o
                0x00003a5c                R_IOPORT_PortEventOutputWrite
 .text.R_IOPORT_PinEventOutputWrite
                0x00003a7c       0x4c ./ra/fsp/src/r_ioport/r_ioport.o
                0x00003a7c                R_IOPORT_PinEventOutputWrite
 .text.r_ioport_pins_config
                0x00003ac8       0xf8 ./ra/fsp/src/r_ioport/r_ioport.o
 .text.R_IOPORT_Open
                0x00003bc0       0x18 ./ra/fsp/src/r_ioport/r_ioport.o
                0x00003bc0                R_IOPORT_Open
 .text.R_IOPORT_PinsCfg
                0x00003bd8        0xc ./ra/fsp/src/r_ioport/r_ioport.o
                0x00003bd8                R_IOPORT_PinsCfg
 .text.R_IOPORT_PinCfg
                0x00003be4       0xa0 ./ra/fsp/src/r_ioport/r_ioport.o
                0x00003be4                R_IOPORT_PinCfg
 .text.iic_master_notify
                0x00003c84       0x34 ./ra/fsp/src/r_iic_master/r_iic_master.o
 .text.iic_master_open_hw_master
                0x00003cb8      0x268 ./ra/fsp/src/r_iic_master/r_iic_master.o
 .text.iic_master_rxi_isr
                0x00003f20      0x13c ./ra/fsp/src/r_iic_master/r_iic_master.o
                0x00003f20                iic_master_rxi_isr
 .text.iic_master_txi_isr
                0x0000405c       0xf8 ./ra/fsp/src/r_iic_master/r_iic_master.o
                0x0000405c                iic_master_txi_isr
 .text.iic_master_tei_isr
                0x00004154       0xc8 ./ra/fsp/src/r_iic_master/r_iic_master.o
                0x00004154                iic_master_tei_isr
 .text.iic_master_eri_isr
                0x0000421c      0x11c ./ra/fsp/src/r_iic_master/r_iic_master.o
                0x0000421c                iic_master_eri_isr
 .text.R_GPT_Start
                0x00004338        0xc ./ra/fsp/src/r_gpt/r_gpt.o
                0x00004338                R_GPT_Start
 .text.R_GPT_Enable
                0x00004344       0x2c ./ra/fsp/src/r_gpt/r_gpt.o
                0x00004344                R_GPT_Enable
 .text.r_gpt_call_callback
                0x00004370       0x40 ./ra/fsp/src/r_gpt/r_gpt.o
 .text.r_gpt_capture_common_isr
                0x000043b0       0xc4 ./ra/fsp/src/r_gpt/r_gpt.o
 .text.R_GPT_InfoGet
                0x00004474       0x40 ./ra/fsp/src/r_gpt/r_gpt.o
                0x00004474                R_GPT_InfoGet
 .text.gpt_calculate_duty_cycle.isra.0
                0x000044b4       0x60 ./ra/fsp/src/r_gpt/r_gpt.o
 .text.r_gpt_enable_irq
                0x00004514       0x94 ./ra/fsp/src/r_gpt/r_gpt.o
 .text.R_GPT_Open
                0x000045a8      0x2c4 ./ra/fsp/src/r_gpt/r_gpt.o
                0x000045a8                R_GPT_Open
 .text.gpt_counter_overflow_isr
                0x0000486c       0xa8 ./ra/fsp/src/r_gpt/r_gpt.o
                0x0000486c                gpt_counter_overflow_isr
 .text.gpt_capture_a_isr
                0x00004914        0xc ./ra/fsp/src/r_gpt/r_gpt.o
                0x00004914                gpt_capture_a_isr
 .text.gpt_capture_b_isr
                0x00004920        0xc ./ra/fsp/src/r_gpt/r_gpt.o
                0x00004920                gpt_capture_b_isr
 .text.R_ADC_ScanStart
                0x0000492c        0xc ./ra/fsp/src/r_adc/r_adc.o
                0x0000492c                R_ADC_ScanStart
 .text.R_ADC_Read
                0x00004938       0x10 ./ra/fsp/src/r_adc/r_adc.o
                0x00004938                R_ADC_Read
 .text.r_adc_call_callback
                0x00004948       0x3c ./ra/fsp/src/r_adc/r_adc.o
 .text.r_adc_scan_end_common_isr
                0x00004984       0x60 ./ra/fsp/src/r_adc/r_adc.o
 .text.r_adc_irq_enable.part.0
                0x000049e4       0x8c ./ra/fsp/src/r_adc/r_adc.o
 .text.R_ADC_Open
                0x00004a70      0x170 ./ra/fsp/src/r_adc/r_adc.o
                0x00004a70                R_ADC_Open
 .text.R_ADC_ScanCfg
                0x00004be0      0x240 ./ra/fsp/src/r_adc/r_adc.o
                0x00004be0                R_ADC_ScanCfg
 .text.adc_scan_end_isr
                0x00004e20        0xc ./ra/fsp/src/r_adc/r_adc.o
                0x00004e20                adc_scan_end_isr
 .text.SystemCoreClockUpdate
                0x00004e2c       0x2c ./ra/fsp/src/bsp/mcu/all/bsp_clocks.o
                0x00004e2c                SystemCoreClockUpdate
 .text.bsp_clock_init
                0x00004e58      0x140 ./ra/fsp/src/bsp/mcu/all/bsp_clocks.o
                0x00004e58                bsp_clock_init
 .text.R_BSP_Init_RTC
                0x00004f98       0x10 ./ra/fsp/src/bsp/mcu/all/bsp_clocks.o
                0x00004f98                R_BSP_Init_RTC
 .text.bsp_init_internal
                0x00004fa8        0x4 ./ra/fsp/src/bsp/mcu/all/bsp_common.o
                0x00004fa8                bsp_init_internal
                0x00004fa8                bsp_init
 .text.__assert_func
                0x00004fac        0x4 ./ra/fsp/src/bsp/mcu/all/bsp_common.o
                0x00004fac                __assert_func
 .text.bsp_prv_software_delay_loop
                0x00004fb0        0x8 ./ra/fsp/src/bsp/mcu/all/bsp_delay.o
                0x00004fb0                bsp_prv_software_delay_loop
 .text.R_BSP_SoftwareDelay
                0x00004fb8       0x5c ./ra/fsp/src/bsp/mcu/all/bsp_delay.o
                0x00004fb8                R_BSP_SoftwareDelay
 .text.NMI_Handler
                0x00005014       0x48 ./ra/fsp/src/bsp/mcu/all/bsp_group_irq.o
                0x00005014                NMI_Handler
 .text.bsp_irq_cfg
                0x0000505c       0x28 ./ra/fsp/src/bsp/mcu/all/bsp_irq.o
                0x0000505c                bsp_irq_cfg
 .text.R_BSP_RegisterProtectEnable
                0x00005084       0x54 ./ra/fsp/src/bsp/mcu/all/bsp_register_protection.o
                0x00005084                R_BSP_RegisterProtectEnable
 .text.R_BSP_RegisterProtectDisable
                0x000050d8       0x4c ./ra/fsp/src/bsp/mcu/all/bsp_register_protection.o
                0x000050d8                R_BSP_RegisterProtectDisable
 .text._sbrk    0x00005124       0x44 ./ra/fsp/src/bsp/mcu/all/bsp_sbrk.o
                0x00005124                _sbrk
 .text.Default_Handler
                0x00005168        0x4 ./ra/fsp/src/bsp/cmsis/Device/RENESAS/Source/startup.o
                0x00005168                DebugMon_Handler
                0x00005168                HardFault_Handler
                0x00005168                PendSV_Handler
                0x00005168                UsageFault_Handler
                0x00005168                SecureFault_Handler
                0x00005168                Default_Handler
                0x00005168                MemManage_Handler
                0x00005168                SVC_Handler
                0x00005168                BusFault_Handler
 .text.Reset_Handler
                0x0000516c        0xc ./ra/fsp/src/bsp/cmsis/Device/RENESAS/Source/startup.o
                0x0000516c                Reset_Handler
 .text.SystemInit
                0x00005178      0x144 ./ra/fsp/src/bsp/cmsis/Device/RENESAS/Source/system.o
                0x00005178                SystemInit
 .text          0x000052bc       0x3c c:/renesas/ra/e2studio_v2023-04_fsp_v4.4.0/toolchains/gcc_arm/gcc-arm-none-eabi-10.3-2021.10/bin/../lib/gcc/arm-none-eabi/10.3.1/thumb/v8-m.base/nofp\libgcc.a(_clzsi2.o)
                0x000052bc                __clzsi2
 .text          0x000052f8       0x5c c:/renesas/ra/e2studio_v2023-04_fsp_v4.4.0/toolchains/gcc_arm/gcc-arm-none-eabi-10.3-2021.10/bin/../lib/gcc/arm-none-eabi/10.3.1/thumb/v8-m.base/nofp\libgcc.a(_muldi3.o)
                0x000052f8                __muldi3
                0x000052f8                __aeabi_lmul
 .text          0x00005354      0x6b4 c:/renesas/ra/e2studio_v2023-04_fsp_v4.4.0/toolchains/gcc_arm/gcc-arm-none-eabi-10.3-2021.10/bin/../lib/gcc/arm-none-eabi/10.3.1/thumb/v8-m.base/nofp\libgcc.a(adddf3.o)
                0x00005354                __aeabi_dadd
 .text          0x00005a08      0x638 c:/renesas/ra/e2studio_v2023-04_fsp_v4.4.0/toolchains/gcc_arm/gcc-arm-none-eabi-10.3-2021.10/bin/../lib/gcc/arm-none-eabi/10.3.1/thumb/v8-m.base/nofp\libgcc.a(divdf3.o)
                0x00005a08                __aeabi_ddiv
 .text          0x00006040      0x50c c:/renesas/ra/e2studio_v2023-04_fsp_v4.4.0/toolchains/gcc_arm/gcc-arm-none-eabi-10.3-2021.10/bin/../lib/gcc/arm-none-eabi/10.3.1/thumb/v8-m.base/nofp\libgcc.a(muldf3.o)
                0x00006040                __aeabi_dmul
 .text          0x0000654c      0x724 c:/renesas/ra/e2studio_v2023-04_fsp_v4.4.0/toolchains/gcc_arm/gcc-arm-none-eabi-10.3-2021.10/bin/../lib/gcc/arm-none-eabi/10.3.1/thumb/v8-m.base/nofp\libgcc.a(subdf3.o)
                0x0000654c                __aeabi_dsub
 .text          0x00006c70       0x64 c:/renesas/ra/e2studio_v2023-04_fsp_v4.4.0/toolchains/gcc_arm/gcc-arm-none-eabi-10.3-2021.10/bin/../lib/gcc/arm-none-eabi/10.3.1/thumb/v8-m.base/nofp\libgcc.a(fixdfsi.o)
                0x00006c70                __aeabi_d2iz
 .text          0x00006cd4       0x60 c:/renesas/ra/e2studio_v2023-04_fsp_v4.4.0/toolchains/gcc_arm/gcc-arm-none-eabi-10.3-2021.10/bin/../lib/gcc/arm-none-eabi/10.3.1/thumb/v8-m.base/nofp\libgcc.a(floatsidf.o)
                0x00006cd4                __aeabi_i2d
 .text.__errno  0x00006d34        0xc c:/renesas/ra/e2studio_v2023-04_fsp_v4.4.0/toolchains/gcc_arm/gcc-arm-none-eabi-10.3-2021.10/bin/../lib/gcc/arm-none-eabi/10.3.1/../../../../arm-none-eabi/lib/thumb/v8-m.base/nofp\libg_nano.a(lib_a-errno.o)
                0x00006d34                __errno
 .text.malloc   0x00006d40       0x14 c:/renesas/ra/e2studio_v2023-04_fsp_v4.4.0/toolchains/gcc_arm/gcc-arm-none-eabi-10.3-2021.10/bin/../lib/gcc/arm-none-eabi/10.3.1/../../../../arm-none-eabi/lib/thumb/v8-m.base/nofp\libg_nano.a(lib_a-malloc.o)
                0x00006d40                malloc
 .text.free     0x00006d54       0x14 c:/renesas/ra/e2studio_v2023-04_fsp_v4.4.0/toolchains/gcc_arm/gcc-arm-none-eabi-10.3-2021.10/bin/../lib/gcc/arm-none-eabi/10.3.1/../../../../arm-none-eabi/lib/thumb/v8-m.base/nofp\libg_nano.a(lib_a-malloc.o)
                0x00006d54                free
 .text.memcpy   0x00006d68       0x12 c:/renesas/ra/e2studio_v2023-04_fsp_v4.4.0/toolchains/gcc_arm/gcc-arm-none-eabi-10.3-2021.10/bin/../lib/gcc/arm-none-eabi/10.3.1/../../../../arm-none-eabi/lib/thumb/v8-m.base/nofp\libg_nano.a(lib_a-memcpy-stub.o)
                0x00006d68                memcpy
 .text.memset   0x00006d7a       0x10 c:/renesas/ra/e2studio_v2023-04_fsp_v4.4.0/toolchains/gcc_arm/gcc-arm-none-eabi-10.3-2021.10/bin/../lib/gcc/arm-none-eabi/10.3.1/../../../../arm-none-eabi/lib/thumb/v8-m.base/nofp\libg_nano.a(lib_a-memset.o)
                0x00006d7a                memset
 *fill*         0x00006d8a        0x2 ff
 .text._free_r  0x00006d8c       0x8c c:/renesas/ra/e2studio_v2023-04_fsp_v4.4.0/toolchains/gcc_arm/gcc-arm-none-eabi-10.3-2021.10/bin/../lib/gcc/arm-none-eabi/10.3.1/../../../../arm-none-eabi/lib/thumb/v8-m.base/nofp\libg_nano.a(lib_a-nano-freer.o)
                0x00006d8c                _free_r
 .text.sbrk_aligned
                0x00006e18       0x40 c:/renesas/ra/e2studio_v2023-04_fsp_v4.4.0/toolchains/gcc_arm/gcc-arm-none-eabi-10.3-2021.10/bin/../lib/gcc/arm-none-eabi/10.3.1/../../../../arm-none-eabi/lib/thumb/v8-m.base/nofp\libg_nano.a(lib_a-nano-mallocr.o)
 .text._malloc_r
                0x00006e58       0xec c:/renesas/ra/e2studio_v2023-04_fsp_v4.4.0/toolchains/gcc_arm/gcc-arm-none-eabi-10.3-2021.10/bin/../lib/gcc/arm-none-eabi/10.3.1/../../../../arm-none-eabi/lib/thumb/v8-m.base/nofp\libg_nano.a(lib_a-nano-mallocr.o)
                0x00006e58                _malloc_r
 .text.__cvt    0x00006f44       0xc2 c:/renesas/ra/e2studio_v2023-04_fsp_v4.4.0/toolchains/gcc_arm/gcc-arm-none-eabi-10.3-2021.10/bin/../lib/gcc/arm-none-eabi/10.3.1/../../../../arm-none-eabi/lib/thumb/v8-m.base/nofp\libg_nano.a(lib_a-nano-vfprintf_float.o)
                0x00006f44                __cvt
 .text.__exponent
                0x00007006       0x70 c:/renesas/ra/e2studio_v2023-04_fsp_v4.4.0/toolchains/gcc_arm/gcc-arm-none-eabi-10.3-2021.10/bin/../lib/gcc/arm-none-eabi/10.3.1/../../../../arm-none-eabi/lib/thumb/v8-m.base/nofp\libg_nano.a(lib_a-nano-vfprintf_float.o)
                0x00007006                __exponent
 *fill*         0x00007076        0x2 ff
 .text._printf_float
                0x00007078      0x478 c:/renesas/ra/e2studio_v2023-04_fsp_v4.4.0/toolchains/gcc_arm/gcc-arm-none-eabi-10.3-2021.10/bin/../lib/gcc/arm-none-eabi/10.3.1/../../../../arm-none-eabi/lib/thumb/v8-m.base/nofp\libg_nano.a(lib_a-nano-vfprintf_float.o)
                0x00007078                _printf_float
 .text._printf_common
                0x000074f0       0xdc c:/renesas/ra/e2studio_v2023-04_fsp_v4.4.0/toolchains/gcc_arm/gcc-arm-none-eabi-10.3-2021.10/bin/../lib/gcc/arm-none-eabi/10.3.1/../../../../arm-none-eabi/lib/thumb/v8-m.base/nofp\libg_nano.a(lib_a-nano-vfprintf_i.o)
                0x000074f0                _printf_common
 .text._printf_i
                0x000075cc      0x218 c:/renesas/ra/e2studio_v2023-04_fsp_v4.4.0/toolchains/gcc_arm/gcc-arm-none-eabi-10.3-2021.10/bin/../lib/gcc/arm-none-eabi/10.3.1/../../../../arm-none-eabi/lib/thumb/v8-m.base/nofp\libg_nano.a(lib_a-nano-vfprintf_i.o)
                0x000075cc                _printf_i
 .text.printf   0x000077e4       0x30 c:/renesas/ra/e2studio_v2023-04_fsp_v4.4.0/toolchains/gcc_arm/gcc-arm-none-eabi-10.3-2021.10/bin/../lib/gcc/arm-none-eabi/10.3.1/../../../../arm-none-eabi/lib/thumb/v8-m.base/nofp\libg_nano.a(lib_a-printf.o)
                0x000077e4                iprintf
                0x000077e4                printf
 .text._sbrk_r  0x00007814       0x20 c:/renesas/ra/e2studio_v2023-04_fsp_v4.4.0/toolchains/gcc_arm/gcc-arm-none-eabi-10.3-2021.10/bin/../lib/gcc/arm-none-eabi/10.3.1/../../../../arm-none-eabi/lib/thumb/v8-m.base/nofp\libg_nano.a(lib_a-sbrkr.o)
                0x00007814                _sbrk_r
 .text          0x00007834        0xe c:/renesas/ra/e2studio_v2023-04_fsp_v4.4.0/toolchains/gcc_arm/gcc-arm-none-eabi-10.3-2021.10/bin/../lib/gcc/arm-none-eabi/10.3.1/../../../../arm-none-eabi/lib/thumb/v8-m.base/nofp\libg_nano.a(lib_a-strlen.o)
                0x00007834                strlen
 .text.quorem   0x00007842      0x10c c:/renesas/ra/e2studio_v2023-04_fsp_v4.4.0/toolchains/gcc_arm/gcc-arm-none-eabi-10.3-2021.10/bin/../lib/gcc/arm-none-eabi/10.3.1/../../../../arm-none-eabi/lib/thumb/v8-m.base/nofp\libg_nano.a(lib_a-dtoa.o)
 *fill*         0x0000794e        0x2 ff
 .text._dtoa_r  0x00007950      0xc20 c:/renesas/ra/e2studio_v2023-04_fsp_v4.4.0/toolchains/gcc_arm/gcc-arm-none-eabi-10.3-2021.10/bin/../lib/gcc/arm-none-eabi/10.3.1/../../../../arm-none-eabi/lib/thumb/v8-m.base/nofp\libg_nano.a(lib_a-dtoa.o)
                0x00007950                _dtoa_r
 .text.std      0x00008570       0x48 c:/renesas/ra/e2studio_v2023-04_fsp_v4.4.0/toolchains/gcc_arm/gcc-arm-none-eabi-10.3-2021.10/bin/../lib/gcc/arm-none-eabi/10.3.1/../../../../arm-none-eabi/lib/thumb/v8-m.base/nofp\libg_nano.a(lib_a-findfp.o)
 .text._cleanup_r
                0x000085b8       0x10 c:/renesas/ra/e2studio_v2023-04_fsp_v4.4.0/toolchains/gcc_arm/gcc-arm-none-eabi-10.3-2021.10/bin/../lib/gcc/arm-none-eabi/10.3.1/../../../../arm-none-eabi/lib/thumb/v8-m.base/nofp\libg_nano.a(lib_a-findfp.o)
                0x000085b8                _cleanup_r
 .text.__sfmoreglue
                0x000085c8       0x2c c:/renesas/ra/e2studio_v2023-04_fsp_v4.4.0/toolchains/gcc_arm/gcc-arm-none-eabi-10.3-2021.10/bin/../lib/gcc/arm-none-eabi/10.3.1/../../../../arm-none-eabi/lib/thumb/v8-m.base/nofp\libg_nano.a(lib_a-findfp.o)
                0x000085c8                __sfmoreglue
 .text.__sfp_lock_acquire
                0x000085f4       0x10 c:/renesas/ra/e2studio_v2023-04_fsp_v4.4.0/toolchains/gcc_arm/gcc-arm-none-eabi-10.3-2021.10/bin/../lib/gcc/arm-none-eabi/10.3.1/../../../../arm-none-eabi/lib/thumb/v8-m.base/nofp\libg_nano.a(lib_a-findfp.o)
                0x000085f4                __sfp_lock_acquire
 .text.__sfp_lock_release
                0x00008604       0x10 c:/renesas/ra/e2studio_v2023-04_fsp_v4.4.0/toolchains/gcc_arm/gcc-arm-none-eabi-10.3-2021.10/bin/../lib/gcc/arm-none-eabi/10.3.1/../../../../arm-none-eabi/lib/thumb/v8-m.base/nofp\libg_nano.a(lib_a-findfp.o)
                0x00008604                __sfp_lock_release
 .text.__sinit_lock_acquire
                0x00008614       0x10 c:/renesas/ra/e2studio_v2023-04_fsp_v4.4.0/toolchains/gcc_arm/gcc-arm-none-eabi-10.3-2021.10/bin/../lib/gcc/arm-none-eabi/10.3.1/../../../../arm-none-eabi/lib/thumb/v8-m.base/nofp\libg_nano.a(lib_a-findfp.o)
                0x00008614                __sinit_lock_acquire
 .text.__sinit_lock_release
                0x00008624       0x10 c:/renesas/ra/e2studio_v2023-04_fsp_v4.4.0/toolchains/gcc_arm/gcc-arm-none-eabi-10.3-2021.10/bin/../lib/gcc/arm-none-eabi/10.3.1/../../../../arm-none-eabi/lib/thumb/v8-m.base/nofp\libg_nano.a(lib_a-findfp.o)
                0x00008624                __sinit_lock_release
 .text.__sinit  0x00008634       0x70 c:/renesas/ra/e2studio_v2023-04_fsp_v4.4.0/toolchains/gcc_arm/gcc-arm-none-eabi-10.3-2021.10/bin/../lib/gcc/arm-none-eabi/10.3.1/../../../../arm-none-eabi/lib/thumb/v8-m.base/nofp\libg_nano.a(lib_a-findfp.o)
                0x00008634                __sinit
 .text.__sfp    0x000086a4       0x8c c:/renesas/ra/e2studio_v2023-04_fsp_v4.4.0/toolchains/gcc_arm/gcc-arm-none-eabi-10.3-2021.10/bin/../lib/gcc/arm-none-eabi/10.3.1/../../../../arm-none-eabi/lib/thumb/v8-m.base/nofp\libg_nano.a(lib_a-findfp.o)
                0x000086a4                __sfp
 .text._fwalk_reent
                0x00008730       0x40 c:/renesas/ra/e2studio_v2023-04_fsp_v4.4.0/toolchains/gcc_arm/gcc-arm-none-eabi-10.3-2021.10/bin/../lib/gcc/arm-none-eabi/10.3.1/../../../../arm-none-eabi/lib/thumb/v8-m.base/nofp\libg_nano.a(lib_a-fwalk.o)
                0x00008730                _fwalk_reent
 .text._localeconv_r
                0x00008770        0x8 c:/renesas/ra/e2studio_v2023-04_fsp_v4.4.0/toolchains/gcc_arm/gcc-arm-none-eabi-10.3-2021.10/bin/../lib/gcc/arm-none-eabi/10.3.1/../../../../arm-none-eabi/lib/thumb/v8-m.base/nofp\libg_nano.a(lib_a-localeconv.o)
                0x00008770                _localeconv_r
 .text.__retarget_lock_init_recursive
                0x00008778        0x2 c:/renesas/ra/e2studio_v2023-04_fsp_v4.4.0/toolchains/gcc_arm/gcc-arm-none-eabi-10.3-2021.10/bin/../lib/gcc/arm-none-eabi/10.3.1/../../../../arm-none-eabi/lib/thumb/v8-m.base/nofp\libg_nano.a(lib_a-lock.o)
                0x00008778                __retarget_lock_init_recursive
 .text.__retarget_lock_acquire_recursive
                0x0000877a        0x2 c:/renesas/ra/e2studio_v2023-04_fsp_v4.4.0/toolchains/gcc_arm/gcc-arm-none-eabi-10.3-2021.10/bin/../lib/gcc/arm-none-eabi/10.3.1/../../../../arm-none-eabi/lib/thumb/v8-m.base/nofp\libg_nano.a(lib_a-lock.o)
                0x0000877a                __retarget_lock_acquire_recursive
 .text.__retarget_lock_release_recursive
                0x0000877c        0x2 c:/renesas/ra/e2studio_v2023-04_fsp_v4.4.0/toolchains/gcc_arm/gcc-arm-none-eabi-10.3-2021.10/bin/../lib/gcc/arm-none-eabi/10.3.1/../../../../arm-none-eabi/lib/thumb/v8-m.base/nofp\libg_nano.a(lib_a-lock.o)
                0x0000877c                __retarget_lock_release_recursive
 .text.memchr   0x0000877e       0x16 c:/renesas/ra/e2studio_v2023-04_fsp_v4.4.0/toolchains/gcc_arm/gcc-arm-none-eabi-10.3-2021.10/bin/../lib/gcc/arm-none-eabi/10.3.1/../../../../arm-none-eabi/lib/thumb/v8-m.base/nofp\libg_nano.a(lib_a-memchr-stub.o)
                0x0000877e                memchr
 .text.__malloc_lock
                0x00008794       0x10 c:/renesas/ra/e2studio_v2023-04_fsp_v4.4.0/toolchains/gcc_arm/gcc-arm-none-eabi-10.3-2021.10/bin/../lib/gcc/arm-none-eabi/10.3.1/../../../../arm-none-eabi/lib/thumb/v8-m.base/nofp\libg_nano.a(lib_a-mlock.o)
                0x00008794                __malloc_lock
 .text.__malloc_unlock
                0x000087a4       0x10 c:/renesas/ra/e2studio_v2023-04_fsp_v4.4.0/toolchains/gcc_arm/gcc-arm-none-eabi-10.3-2021.10/bin/../lib/gcc/arm-none-eabi/10.3.1/../../../../arm-none-eabi/lib/thumb/v8-m.base/nofp\libg_nano.a(lib_a-mlock.o)
                0x000087a4                __malloc_unlock
 .text._Balloc  0x000087b4       0x80 c:/renesas/ra/e2studio_v2023-04_fsp_v4.4.0/toolchains/gcc_arm/gcc-arm-none-eabi-10.3-2021.10/bin/../lib/gcc/arm-none-eabi/10.3.1/../../../../arm-none-eabi/lib/thumb/v8-m.base/nofp\libg_nano.a(lib_a-mprec.o)
                0x000087b4                _Balloc
 .text._Bfree   0x00008834       0x44 c:/renesas/ra/e2studio_v2023-04_fsp_v4.4.0/toolchains/gcc_arm/gcc-arm-none-eabi-10.3-2021.10/bin/../lib/gcc/arm-none-eabi/10.3.1/../../../../arm-none-eabi/lib/thumb/v8-m.base/nofp\libg_nano.a(lib_a-mprec.o)
                0x00008834                _Bfree
 .text.__multadd
                0x00008878       0x84 c:/renesas/ra/e2studio_v2023-04_fsp_v4.4.0/toolchains/gcc_arm/gcc-arm-none-eabi-10.3-2021.10/bin/../lib/gcc/arm-none-eabi/10.3.1/../../../../arm-none-eabi/lib/thumb/v8-m.base/nofp\libg_nano.a(lib_a-mprec.o)
                0x00008878                __multadd
 .text.__hi0bits
                0x000088fc       0x32 c:/renesas/ra/e2studio_v2023-04_fsp_v4.4.0/toolchains/gcc_arm/gcc-arm-none-eabi-10.3-2021.10/bin/../lib/gcc/arm-none-eabi/10.3.1/../../../../arm-none-eabi/lib/thumb/v8-m.base/nofp\libg_nano.a(lib_a-mprec.o)
                0x000088fc                __hi0bits
 .text.__lo0bits
                0x0000892e       0x5a c:/renesas/ra/e2studio_v2023-04_fsp_v4.4.0/toolchains/gcc_arm/gcc-arm-none-eabi-10.3-2021.10/bin/../lib/gcc/arm-none-eabi/10.3.1/../../../../arm-none-eabi/lib/thumb/v8-m.base/nofp\libg_nano.a(lib_a-mprec.o)
                0x0000892e                __lo0bits
 .text.__i2b    0x00008988       0x2c c:/renesas/ra/e2studio_v2023-04_fsp_v4.4.0/toolchains/gcc_arm/gcc-arm-none-eabi-10.3-2021.10/bin/../lib/gcc/arm-none-eabi/10.3.1/../../../../arm-none-eabi/lib/thumb/v8-m.base/nofp\libg_nano.a(lib_a-mprec.o)
                0x00008988                __i2b
 .text.__multiply
                0x000089b4      0x15c c:/renesas/ra/e2studio_v2023-04_fsp_v4.4.0/toolchains/gcc_arm/gcc-arm-none-eabi-10.3-2021.10/bin/../lib/gcc/arm-none-eabi/10.3.1/../../../../arm-none-eabi/lib/thumb/v8-m.base/nofp\libg_nano.a(lib_a-mprec.o)
                0x000089b4                __multiply
 .text.__pow5mult
                0x00008b10       0xb0 c:/renesas/ra/e2studio_v2023-04_fsp_v4.4.0/toolchains/gcc_arm/gcc-arm-none-eabi-10.3-2021.10/bin/../lib/gcc/arm-none-eabi/10.3.1/../../../../arm-none-eabi/lib/thumb/v8-m.base/nofp\libg_nano.a(lib_a-mprec.o)
                0x00008b10                __pow5mult
 .text.__lshift
                0x00008bc0       0xd8 c:/renesas/ra/e2studio_v2023-04_fsp_v4.4.0/toolchains/gcc_arm/gcc-arm-none-eabi-10.3-2021.10/bin/../lib/gcc/arm-none-eabi/10.3.1/../../../../arm-none-eabi/lib/thumb/v8-m.base/nofp\libg_nano.a(lib_a-mprec.o)
                0x00008bc0                __lshift
 .text.__mcmp   0x00008c98       0x36 c:/renesas/ra/e2studio_v2023-04_fsp_v4.4.0/toolchains/gcc_arm/gcc-arm-none-eabi-10.3-2021.10/bin/../lib/gcc/arm-none-eabi/10.3.1/../../../../arm-none-eabi/lib/thumb/v8-m.base/nofp\libg_nano.a(lib_a-mprec.o)
                0x00008c98                __mcmp
 *fill*         0x00008cce        0x2 ff
 .text.__mdiff  0x00008cd0      0x12c c:/renesas/ra/e2studio_v2023-04_fsp_v4.4.0/toolchains/gcc_arm/gcc-arm-none-eabi-10.3-2021.10/bin/../lib/gcc/arm-none-eabi/10.3.1/../../../../arm-none-eabi/lib/thumb/v8-m.base/nofp\libg_nano.a(lib_a-mprec.o)
                0x00008cd0                __mdiff
 .text.__d2b    0x00008dfc       0xc0 c:/renesas/ra/e2studio_v2023-04_fsp_v4.4.0/toolchains/gcc_arm/gcc-arm-none-eabi-10.3-2021.10/bin/../lib/gcc/arm-none-eabi/10.3.1/../../../../arm-none-eabi/lib/thumb/v8-m.base/nofp\libg_nano.a(lib_a-mprec.o)
                0x00008dfc                __d2b
 .text._calloc_r
                0x00008ebc       0x54 c:/renesas/ra/e2studio_v2023-04_fsp_v4.4.0/toolchains/gcc_arm/gcc-arm-none-eabi-10.3-2021.10/bin/../lib/gcc/arm-none-eabi/10.3.1/../../../../arm-none-eabi/lib/thumb/v8-m.base/nofp\libg_nano.a(lib_a-nano-callocr.o)
                0x00008ebc                _calloc_r
 .text.__sfputc_r
                0x00008f10       0x2a c:/renesas/ra/e2studio_v2023-04_fsp_v4.4.0/toolchains/gcc_arm/gcc-arm-none-eabi-10.3-2021.10/bin/../lib/gcc/arm-none-eabi/10.3.1/../../../../arm-none-eabi/lib/thumb/v8-m.base/nofp\libg_nano.a(lib_a-nano-vfprintf.o)
 .text.__sfputs_r
                0x00008f3a       0x24 c:/renesas/ra/e2studio_v2023-04_fsp_v4.4.0/toolchains/gcc_arm/gcc-arm-none-eabi-10.3-2021.10/bin/../lib/gcc/arm-none-eabi/10.3.1/../../../../arm-none-eabi/lib/thumb/v8-m.base/nofp\libg_nano.a(lib_a-nano-vfprintf.o)
                0x00008f3a                __sfputs_r
 *fill*         0x00008f5e        0x2 ff
 .text._vfprintf_r
                0x00008f60      0x264 c:/renesas/ra/e2studio_v2023-04_fsp_v4.4.0/toolchains/gcc_arm/gcc-arm-none-eabi-10.3-2021.10/bin/../lib/gcc/arm-none-eabi/10.3.1/../../../../arm-none-eabi/lib/thumb/v8-m.base/nofp\libg_nano.a(lib_a-nano-vfprintf.o)
                0x00008f60                _vfprintf_r
                0x00008f60                _vfiprintf_r
 .text.__sread  0x000091c4       0x28 c:/renesas/ra/e2studio_v2023-04_fsp_v4.4.0/toolchains/gcc_arm/gcc-arm-none-eabi-10.3-2021.10/bin/../lib/gcc/arm-none-eabi/10.3.1/../../../../arm-none-eabi/lib/thumb/v8-m.base/nofp\libg_nano.a(lib_a-stdio.o)
                0x000091c4                __sread
 .text.__swrite
                0x000091ec       0x38 c:/renesas/ra/e2studio_v2023-04_fsp_v4.4.0/toolchains/gcc_arm/gcc-arm-none-eabi-10.3-2021.10/bin/../lib/gcc/arm-none-eabi/10.3.1/../../../../arm-none-eabi/lib/thumb/v8-m.base/nofp\libg_nano.a(lib_a-stdio.o)
                0x000091ec                __swrite
 .text.__sseek  0x00009224       0x2c c:/renesas/ra/e2studio_v2023-04_fsp_v4.4.0/toolchains/gcc_arm/gcc-arm-none-eabi-10.3-2021.10/bin/../lib/gcc/arm-none-eabi/10.3.1/../../../../arm-none-eabi/lib/thumb/v8-m.base/nofp\libg_nano.a(lib_a-stdio.o)
                0x00009224                __sseek
 .text.__sclose
                0x00009250        0xc c:/renesas/ra/e2studio_v2023-04_fsp_v4.4.0/toolchains/gcc_arm/gcc-arm-none-eabi-10.3-2021.10/bin/../lib/gcc/arm-none-eabi/10.3.1/../../../../arm-none-eabi/lib/thumb/v8-m.base/nofp\libg_nano.a(lib_a-stdio.o)
                0x00009250                __sclose
 .text.__swbuf_r
                0x0000925c       0xa4 c:/renesas/ra/e2studio_v2023-04_fsp_v4.4.0/toolchains/gcc_arm/gcc-arm-none-eabi-10.3-2021.10/bin/../lib/gcc/arm-none-eabi/10.3.1/../../../../arm-none-eabi/lib/thumb/v8-m.base/nofp\libg_nano.a(lib_a-wbuf.o)
                0x0000925c                __swbuf_r
 .text._write_r
                0x00009300       0x24 c:/renesas/ra/e2studio_v2023-04_fsp_v4.4.0/toolchains/gcc_arm/gcc-arm-none-eabi-10.3-2021.10/bin/../lib/gcc/arm-none-eabi/10.3.1/../../../../arm-none-eabi/lib/thumb/v8-m.base/nofp\libg_nano.a(lib_a-writer.o)
                0x00009300                _write_r
 .text.__swsetup_r
                0x00009324       0xe8 c:/renesas/ra/e2studio_v2023-04_fsp_v4.4.0/toolchains/gcc_arm/gcc-arm-none-eabi-10.3-2021.10/bin/../lib/gcc/arm-none-eabi/10.3.1/../../../../arm-none-eabi/lib/thumb/v8-m.base/nofp\libg_nano.a(lib_a-wsetup.o)
                0x00009324                __swsetup_r
 .text._close_r
                0x0000940c       0x20 c:/renesas/ra/e2studio_v2023-04_fsp_v4.4.0/toolchains/gcc_arm/gcc-arm-none-eabi-10.3-2021.10/bin/../lib/gcc/arm-none-eabi/10.3.1/../../../../arm-none-eabi/lib/thumb/v8-m.base/nofp\libg_nano.a(lib_a-closer.o)
                0x0000940c                _close_r
 .text.__sflush_r
                0x0000942c      0x114 c:/renesas/ra/e2studio_v2023-04_fsp_v4.4.0/toolchains/gcc_arm/gcc-arm-none-eabi-10.3-2021.10/bin/../lib/gcc/arm-none-eabi/10.3.1/../../../../arm-none-eabi/lib/thumb/v8-m.base/nofp\libg_nano.a(lib_a-fflush.o)
                0x0000942c                __sflush_r
 .text._fflush_r
                0x00009540       0x78 c:/renesas/ra/e2studio_v2023-04_fsp_v4.4.0/toolchains/gcc_arm/gcc-arm-none-eabi-10.3-2021.10/bin/../lib/gcc/arm-none-eabi/10.3.1/../../../../arm-none-eabi/lib/thumb/v8-m.base/nofp\libg_nano.a(lib_a-fflush.o)
                0x00009540                _fflush_r
 .text._lseek_r
                0x000095b8       0x24 c:/renesas/ra/e2studio_v2023-04_fsp_v4.4.0/toolchains/gcc_arm/gcc-arm-none-eabi-10.3-2021.10/bin/../lib/gcc/arm-none-eabi/10.3.1/../../../../arm-none-eabi/lib/thumb/v8-m.base/nofp\libg_nano.a(lib_a-lseekr.o)
                0x000095b8                _lseek_r
 .text.__swhatbuf_r
                0x000095dc       0x50 c:/renesas/ra/e2studio_v2023-04_fsp_v4.4.0/toolchains/gcc_arm/gcc-arm-none-eabi-10.3-2021.10/bin/../lib/gcc/arm-none-eabi/10.3.1/../../../../arm-none-eabi/lib/thumb/v8-m.base/nofp\libg_nano.a(lib_a-makebuf.o)
                0x000095dc                __swhatbuf_r
 .text.__smakebuf_r
                0x0000962c       0x80 c:/renesas/ra/e2studio_v2023-04_fsp_v4.4.0/toolchains/gcc_arm/gcc-arm-none-eabi-10.3-2021.10/bin/../lib/gcc/arm-none-eabi/10.3.1/../../../../arm-none-eabi/lib/thumb/v8-m.base/nofp\libg_nano.a(lib_a-makebuf.o)
                0x0000962c                __smakebuf_r
 .text.__ascii_mbtowc
                0x000096ac       0x20 c:/renesas/ra/e2studio_v2023-04_fsp_v4.4.0/toolchains/gcc_arm/gcc-arm-none-eabi-10.3-2021.10/bin/../lib/gcc/arm-none-eabi/10.3.1/../../../../arm-none-eabi/lib/thumb/v8-m.base/nofp\libg_nano.a(lib_a-mbtowc_r.o)
                0x000096ac                __ascii_mbtowc
 .text._read_r  0x000096cc       0x24 c:/renesas/ra/e2studio_v2023-04_fsp_v4.4.0/toolchains/gcc_arm/gcc-arm-none-eabi-10.3-2021.10/bin/../lib/gcc/arm-none-eabi/10.3.1/../../../../arm-none-eabi/lib/thumb/v8-m.base/nofp\libg_nano.a(lib_a-readr.o)
                0x000096cc                _read_r
 .text.__ascii_wctomb
                0x000096f0       0x1a c:/renesas/ra/e2studio_v2023-04_fsp_v4.4.0/toolchains/gcc_arm/gcc-arm-none-eabi-10.3-2021.10/bin/../lib/gcc/arm-none-eabi/10.3.1/../../../../arm-none-eabi/lib/thumb/v8-m.base/nofp\libg_nano.a(lib_a-wctomb_r.o)
                0x000096f0                __ascii_wctomb
 *fill*         0x0000970a        0x2 ff
 .text._fstat_r
                0x0000970c       0x24 c:/renesas/ra/e2studio_v2023-04_fsp_v4.4.0/toolchains/gcc_arm/gcc-arm-none-eabi-10.3-2021.10/bin/../lib/gcc/arm-none-eabi/10.3.1/../../../../arm-none-eabi/lib/thumb/v8-m.base/nofp\libg_nano.a(lib_a-fstatr.o)
                0x0000970c                _fstat_r
 .text._isatty_r
                0x00009730       0x20 c:/renesas/ra/e2studio_v2023-04_fsp_v4.4.0/toolchains/gcc_arm/gcc-arm-none-eabi-10.3-2021.10/bin/../lib/gcc/arm-none-eabi/10.3.1/../../../../arm-none-eabi/lib/thumb/v8-m.base/nofp\libg_nano.a(lib_a-isattyr.o)
                0x00009730                _isatty_r
 .text          0x00009750       0x14 c:/renesas/ra/e2studio_v2023-04_fsp_v4.4.0/toolchains/gcc_arm/gcc-arm-none-eabi-10.3-2021.10/bin/../lib/gcc/arm-none-eabi/10.3.1/thumb/v8-m.base/nofp\libgcc.a(_thumb1_case_uqi.o)
                0x00009750                __gnu_thumb1_case_uqi
 .text          0x00009764       0x14 c:/renesas/ra/e2studio_v2023-04_fsp_v4.4.0/toolchains/gcc_arm/gcc-arm-none-eabi-10.3-2021.10/bin/../lib/gcc/arm-none-eabi/10.3.1/thumb/v8-m.base/nofp\libgcc.a(_thumb1_case_shi.o)
                0x00009764                __gnu_thumb1_case_shi
 .text          0x00009778       0x7c c:/renesas/ra/e2studio_v2023-04_fsp_v4.4.0/toolchains/gcc_arm/gcc-arm-none-eabi-10.3-2021.10/bin/../lib/gcc/arm-none-eabi/10.3.1/thumb/v8-m.base/nofp\libgcc.a(_arm_cmpdf2.o)
                0x00009778                __aeabi_cdrcmple
                0x00009788                __aeabi_cdcmple
                0x00009788                __aeabi_cdcmpeq
                0x00009798                __aeabi_dcmpeq
                0x000097a4                __aeabi_dcmplt
                0x000097b8                __aeabi_dcmple
                0x000097cc                __aeabi_dcmpgt
                0x000097e0                __aeabi_dcmpge
 .text          0x000097f4       0x84 c:/renesas/ra/e2studio_v2023-04_fsp_v4.4.0/toolchains/gcc_arm/gcc-arm-none-eabi-10.3-2021.10/bin/../lib/gcc/arm-none-eabi/10.3.1/thumb/v8-m.base/nofp\libgcc.a(eqdf2.o)
                0x000097f4                __nedf2
                0x000097f4                __eqdf2
 .text          0x00009878       0xc8 c:/renesas/ra/e2studio_v2023-04_fsp_v4.4.0/toolchains/gcc_arm/gcc-arm-none-eabi-10.3-2021.10/bin/../lib/gcc/arm-none-eabi/10.3.1/thumb/v8-m.base/nofp\libgcc.a(gedf2.o)
                0x00009878                __gedf2
                0x00009878                __gtdf2
 .text          0x00009940       0xc0 c:/renesas/ra/e2studio_v2023-04_fsp_v4.4.0/toolchains/gcc_arm/gcc-arm-none-eabi-10.3-2021.10/bin/../lib/gcc/arm-none-eabi/10.3.1/thumb/v8-m.base/nofp\libgcc.a(ledf2.o)
                0x00009940                __ledf2
                0x00009940                __ltdf2
 .text          0x00009a00       0x3c c:/renesas/ra/e2studio_v2023-04_fsp_v4.4.0/toolchains/gcc_arm/gcc-arm-none-eabi-10.3-2021.10/bin/../lib/gcc/arm-none-eabi/10.3.1/thumb/v8-m.base/nofp\libgcc.a(unorddf2.o)
                0x00009a00                __aeabi_dcmpun
 .text          0x00009a3c       0x50 c:/renesas/ra/e2studio_v2023-04_fsp_v4.4.0/toolchains/gcc_arm/gcc-arm-none-eabi-10.3-2021.10/bin/../lib/gcc/arm-none-eabi/10.3.1/thumb/v8-m.base/nofp\libgcc.a(floatunsidf.o)
                0x00009a3c                __aeabi_ui2d
 .text.floor    0x00009a8c      0x158 c:/renesas/ra/e2studio_v2023-04_fsp_v4.4.0/toolchains/gcc_arm/gcc-arm-none-eabi-10.3-2021.10/bin/../lib/gcc/arm-none-eabi/10.3.1/../../../../arm-none-eabi/lib/thumb/v8-m.base/nofp\libm.a(lib_a-s_floor.o)
                0x00009a8c                floor
 .text.log      0x00009be4       0x68 c:/renesas/ra/e2studio_v2023-04_fsp_v4.4.0/toolchains/gcc_arm/gcc-arm-none-eabi-10.3-2021.10/bin/../lib/gcc/arm-none-eabi/10.3.1/../../../../arm-none-eabi/lib/thumb/v8-m.base/nofp\libm.a(lib_a-w_log.o)
                0x00009be4                log
 .text.__ieee754_log
                0x00009c4c      0x478 c:/renesas/ra/e2studio_v2023-04_fsp_v4.4.0/toolchains/gcc_arm/gcc-arm-none-eabi-10.3-2021.10/bin/../lib/gcc/arm-none-eabi/10.3.1/../../../../arm-none-eabi/lib/thumb/v8-m.base/nofp\libm.a(lib_a-e_log.o)
                0x00009c4c                __ieee754_log
 .text.nan      0x0000a0c4        0xc c:/renesas/ra/e2studio_v2023-04_fsp_v4.4.0/toolchains/gcc_arm/gcc-arm-none-eabi-10.3-2021.10/bin/../lib/gcc/arm-none-eabi/10.3.1/../../../../arm-none-eabi/lib/thumb/v8-m.base/nofp\libm.a(lib_a-s_nan.o)
                0x0000a0c4                nan
 .text._close   0x0000a0d0       0x14 c:/renesas/ra/e2studio_v2023-04_fsp_v4.4.0/toolchains/gcc_arm/gcc-arm-none-eabi-10.3-2021.10/bin/../lib/gcc/arm-none-eabi/10.3.1/../../../../arm-none-eabi/lib/thumb/v8-m.base/nofp\libnosys.a(close.o)
                0x0000a0d0                _close
 .text._fstat   0x0000a0e4       0x14 c:/renesas/ra/e2studio_v2023-04_fsp_v4.4.0/toolchains/gcc_arm/gcc-arm-none-eabi-10.3-2021.10/bin/../lib/gcc/arm-none-eabi/10.3.1/../../../../arm-none-eabi/lib/thumb/v8-m.base/nofp\libnosys.a(fstat.o)
                0x0000a0e4                _fstat
 .text._isatty  0x0000a0f8       0x10 c:/renesas/ra/e2studio_v2023-04_fsp_v4.4.0/toolchains/gcc_arm/gcc-arm-none-eabi-10.3-2021.10/bin/../lib/gcc/arm-none-eabi/10.3.1/../../../../arm-none-eabi/lib/thumb/v8-m.base/nofp\libnosys.a(isatty.o)
                0x0000a0f8                _isatty
 .text._lseek   0x0000a108       0x14 c:/renesas/ra/e2studio_v2023-04_fsp_v4.4.0/toolchains/gcc_arm/gcc-arm-none-eabi-10.3-2021.10/bin/../lib/gcc/arm-none-eabi/10.3.1/../../../../arm-none-eabi/lib/thumb/v8-m.base/nofp\libnosys.a(lseek.o)
                0x0000a108                _lseek
 .text._read    0x0000a11c       0x14 c:/renesas/ra/e2studio_v2023-04_fsp_v4.4.0/toolchains/gcc_arm/gcc-arm-none-eabi-10.3-2021.10/bin/../lib/gcc/arm-none-eabi/10.3.1/../../../../arm-none-eabi/lib/thumb/v8-m.base/nofp\libnosys.a(read.o)
                0x0000a11c                _read
 *(.version)
 .version       0x0000a130       0x50 ./ra/fsp/src/bsp/mcu/all/bsp_common.o
 *(.init)
 .init          0x0000a180        0x4 c:/renesas/ra/e2studio_v2023-04_fsp_v4.4.0/toolchains/gcc_arm/gcc-arm-none-eabi-10.3-2021.10/bin/../lib/gcc/arm-none-eabi/10.3.1/thumb/v8-m.base/nofp/crti.o
                0x0000a180                _init
 .init          0x0000a184        0x8 c:/renesas/ra/e2studio_v2023-04_fsp_v4.4.0/toolchains/gcc_arm/gcc-arm-none-eabi-10.3-2021.10/bin/../lib/gcc/arm-none-eabi/10.3.1/thumb/v8-m.base/nofp/crtn.o
 *(.fini)
 .fini          0x0000a18c        0x4 c:/renesas/ra/e2studio_v2023-04_fsp_v4.4.0/toolchains/gcc_arm/gcc-arm-none-eabi-10.3-2021.10/bin/../lib/gcc/arm-none-eabi/10.3.1/thumb/v8-m.base/nofp/crti.o
                0x0000a18c                _fini
 .fini          0x0000a190        0x8 c:/renesas/ra/e2studio_v2023-04_fsp_v4.4.0/toolchains/gcc_arm/gcc-arm-none-eabi-10.3-2021.10/bin/../lib/gcc/arm-none-eabi/10.3.1/thumb/v8-m.base/nofp/crtn.o
 *crtbegin.o(.ctors)
 *crtbegin?.o(.ctors)
 *(EXCLUDE_FILE(*crtend.o *crtend?.o) .ctors)
 *(SORT_BY_NAME(.ctors.*))
 *(.ctors)
 *crtbegin.o(.dtors)
 *crtbegin?.o(.dtors)
 *(EXCLUDE_FILE(*crtend.o *crtend?.o) .dtors)
 *(SORT_BY_NAME(.dtors.*))
 *(.dtors)
 *(.rodata*)
 .rodata.GET_Wifi_State.str1.4
                0x0000a198       0x8f ./src/user_wifi/use_wifi.o
 *fill*         0x0000a227        0x1 ff
 .rodata.Wifi_get_weather.str1.4
                0x0000a228       0x8f ./src/user_wifi/use_wifi.o
 *fill*         0x0000a2b7        0x1 ff
 .rodata.Wifi_state_inquire.str1.4
                0x0000a2b8       0x27 ./src/user_wifi/use_wifi.o
 *fill*         0x0000a2df        0x1 ff
 .rodata.ntc10k_3950_temp_data.str1.4
                0x0000a2e0       0x5f ./src/user_ntc_3950_10k_read/user_ntc_3950_10k_read.o
 *fill*         0x0000a33f        0x1 ff
 .rodata.itoa.str1.4
                0x0000a340       0x11 ./src/user_ntc_3950_10k_read/user_ntc_3950_10k_read.o
 *fill*         0x0000a351        0x3 ff
 .rodata.LCD_integer_and_decimal_display.str1.4
                0x0000a354        0x6 ./src/user_lcd_driver/user_lcd_driver.o
 *fill*         0x0000a35a        0x2 ff
 .rodata.debug_uart1_Init.part.0.str1.4
                0x0000a35c       0x39 ./src/user_bsp_uart/user_bsp_uart.o
 *fill*         0x0000a395        0x3 ff
 .rodata.Receive_weather_by_UART1.part.0.str1.4
                0x0000a398       0x48 ./src/user_bsp_uart/user_bsp_uart.o
 .rodata.__func__.0
                0x0000a3e0       0x10 ./src/user_bsp_uart/user_bsp_uart.o
 .rodata.__func__.1
                0x0000a3f0       0x10 ./src/user_bsp_uart/user_bsp_uart.o
 .rodata.__func__.2
                0x0000a400       0x11 ./src/user_bsp_uart/user_bsp_uart.o
 *fill*         0x0000a411        0x3 ff
 .rodata.ADC_Init.str1.4
                0x0000a414       0x37 ./src/user_bsp_adc/user_bsp_adc.o
 *fill*         0x0000a44b        0x1 ff
 .rodata.__func__.0
                0x0000a44c        0x9 ./src/user_bsp_adc/user_bsp_adc.o
 *fill*         0x0000a455        0x3 ff
 .rodata.SysTick_Init.str1.4
                0x0000a458       0x33 ./src/user_bsp_SysTick/user_bsp_SysTick.o
 *fill*         0x0000a48b        0x1 ff
 .rodata.__func__.0
                0x0000a48c        0xd ./src/user_bsp_SysTick/user_bsp_SysTick.o
 *fill*         0x0000a499        0x3 ff
 .rodata.DHT11_Read.str1.4
                0x0000a49c      0x107 ./src/user_DHT11/user_dht11.o
 *fill*         0x0000a5a3        0x1 ff
 .rodata.System_Init.str1.4
                0x0000a5a4       0x33 ./src/hal_entry.o
 *fill*         0x0000a5d7        0x1 ff
 .rodata.hal_entry.str1.4
                0x0000a5d8       0x3d ./src/hal_entry.o
 *fill*         0x0000a615        0x3 ff
 .rodata.g_ioport
                0x0000a618        0xc ./ra_gen/common_data.o
                0x0000a618                g_ioport
 .rodata.g_adc0_cfg
                0x0000a624       0x18 ./ra_gen/hal_data.o
                0x0000a624                g_adc0_cfg
 .rodata.g_adc0_cfg_extend
                0x0000a63c        0xa ./ra_gen/hal_data.o
                0x0000a63c                g_adc0_cfg_extend
 *fill*         0x0000a646        0x2 ff
 .rodata.g_adc0_channel_cfg
                0x0000a648       0x14 ./ra_gen/hal_data.o
                0x0000a648                g_adc0_channel_cfg
 .rodata.g_timer_gpt9_cfg
                0x0000a65c       0x20 ./ra_gen/hal_data.o
                0x0000a65c                g_timer_gpt9_cfg
 .rodata.g_timer_gpt9_extend
                0x0000a67c       0x30 ./ra_gen/hal_data.o
                0x0000a67c                g_timer_gpt9_extend
 .rodata.g_uart1_cfg
                0x0000a6ac       0x20 ./ra_gen/hal_data.o
                0x0000a6ac                g_uart1_cfg
 .rodata.g_uart1_cfg_extend
                0x0000a6cc       0x14 ./ra_gen/hal_data.o
                0x0000a6cc                g_uart1_cfg_extend
 .rodata.g_uart2_cfg
                0x0000a6e0       0x20 ./ra_gen/hal_data.o
                0x0000a6e0                g_uart2_cfg
 .rodata.g_uart2_cfg_extend
                0x0000a700       0x14 ./ra_gen/hal_data.o
                0x0000a700                g_uart2_cfg_extend
 .rodata.g_uart9_cfg
                0x0000a714       0x20 ./ra_gen/hal_data.o
                0x0000a714                g_uart9_cfg
 .rodata.g_uart9_cfg_extend
                0x0000a734       0x14 ./ra_gen/hal_data.o
                0x0000a734                g_uart9_cfg_extend
 .rodata.rtc    0x0000a748        0xc ./ra_gen/hal_data.o
                0x0000a748                rtc
 .rodata.rtc_cfg
                0x0000a754       0x20 ./ra_gen/hal_data.o
                0x0000a754                rtc_cfg
 .rodata.rtc_err_cfg
                0x0000a774        0x8 ./ra_gen/hal_data.o
                0x0000a774                rtc_err_cfg
 .rodata.g_bsp_pin_cfg
                0x0000a77c        0x8 ./ra_gen/pin_data.o
                0x0000a77c                g_bsp_pin_cfg
 .rodata.g_bsp_pin_cfg_data
                0x0000a784      0x120 ./ra_gen/pin_data.o
                0x0000a784                g_bsp_pin_cfg_data
 .rodata.g_interrupt_event_link_select
                0x0000a8a4       0x20 ./ra_gen/vector_data.o
                0x0000a8a4                g_interrupt_event_link_select
 .rodata.g_rtc_on_rtc
                0x0000a8c4       0x2c ./ra/fsp/src/r_rtc/r_rtc.o
                0x0000a8c4                g_rtc_on_rtc
 .rodata.g_ioport_on_ioport
                0x0000a8f0       0x34 ./ra/fsp/src/r_ioport/r_ioport.o
                0x0000a8f0                g_ioport_on_ioport
 .rodata.adc_elc_trigger_lut
                0x0000a924        0xc ./ra/fsp/src/r_adc/r_adc.o
 .rodata.g_prcr_masks
                0x0000a930        0x8 ./ra/fsp/src/bsp/mcu/all/bsp_register_protection.o
 .rodata        0x0000a938       0x40 c:/renesas/ra/e2studio_v2023-04_fsp_v4.4.0/toolchains/gcc_arm/gcc-arm-none-eabi-10.3-2021.10/bin/../lib/gcc/arm-none-eabi/10.3.1/thumb/v8-m.base/nofp\libgcc.a(divdf3.o)
 .rodata        0x0000a978       0x40 c:/renesas/ra/e2studio_v2023-04_fsp_v4.4.0/toolchains/gcc_arm/gcc-arm-none-eabi-10.3-2021.10/bin/../lib/gcc/arm-none-eabi/10.3.1/thumb/v8-m.base/nofp\libgcc.a(muldf3.o)
 .rodata._global_impure_ptr
                0x0000a9b8        0x4 c:/renesas/ra/e2studio_v2023-04_fsp_v4.4.0/toolchains/gcc_arm/gcc-arm-none-eabi-10.3-2021.10/bin/../lib/gcc/arm-none-eabi/10.3.1/../../../../arm-none-eabi/lib/thumb/v8-m.base/nofp\libg_nano.a(lib_a-impure.o)
                0x0000a9b8                _global_impure_ptr
 .rodata._printf_float.str1.1
                0x0000a9bc       0x12 c:/renesas/ra/e2studio_v2023-04_fsp_v4.4.0/toolchains/gcc_arm/gcc-arm-none-eabi-10.3-2021.10/bin/../lib/gcc/arm-none-eabi/10.3.1/../../../../arm-none-eabi/lib/thumb/v8-m.base/nofp\libg_nano.a(lib_a-nano-vfprintf_float.o)
 .rodata._printf_i.str1.1
                0x0000a9ce       0x22 c:/renesas/ra/e2studio_v2023-04_fsp_v4.4.0/toolchains/gcc_arm/gcc-arm-none-eabi-10.3-2021.10/bin/../lib/gcc/arm-none-eabi/10.3.1/../../../../arm-none-eabi/lib/thumb/v8-m.base/nofp\libg_nano.a(lib_a-nano-vfprintf_i.o)
 .rodata._dtoa_r.str1.1
                0x0000a9f0       0xb3 c:/renesas/ra/e2studio_v2023-04_fsp_v4.4.0/toolchains/gcc_arm/gcc-arm-none-eabi-10.3-2021.10/bin/../lib/gcc/arm-none-eabi/10.3.1/../../../../arm-none-eabi/lib/thumb/v8-m.base/nofp\libg_nano.a(lib_a-dtoa.o)
                                 0xb5 (size before relaxing)
 *fill*         0x0000aaa3        0x1 ff
 .rodata.__sf_fake_stderr
                0x0000aaa4       0x20 c:/renesas/ra/e2studio_v2023-04_fsp_v4.4.0/toolchains/gcc_arm/gcc-arm-none-eabi-10.3-2021.10/bin/../lib/gcc/arm-none-eabi/10.3.1/../../../../arm-none-eabi/lib/thumb/v8-m.base/nofp\libg_nano.a(lib_a-findfp.o)
                0x0000aaa4                __sf_fake_stderr
 .rodata.__sf_fake_stdin
                0x0000aac4       0x20 c:/renesas/ra/e2studio_v2023-04_fsp_v4.4.0/toolchains/gcc_arm/gcc-arm-none-eabi-10.3-2021.10/bin/../lib/gcc/arm-none-eabi/10.3.1/../../../../arm-none-eabi/lib/thumb/v8-m.base/nofp\libg_nano.a(lib_a-findfp.o)
                0x0000aac4                __sf_fake_stdin
 .rodata.__sf_fake_stdout
                0x0000aae4       0x20 c:/renesas/ra/e2studio_v2023-04_fsp_v4.4.0/toolchains/gcc_arm/gcc-arm-none-eabi-10.3-2021.10/bin/../lib/gcc/arm-none-eabi/10.3.1/../../../../arm-none-eabi/lib/thumb/v8-m.base/nofp\libg_nano.a(lib_a-findfp.o)
                0x0000aae4                __sf_fake_stdout
 .rodata._Balloc.str1.1
                0x0000ab04       0x7f c:/renesas/ra/e2studio_v2023-04_fsp_v4.4.0/toolchains/gcc_arm/gcc-arm-none-eabi-10.3-2021.10/bin/../lib/gcc/arm-none-eabi/10.3.1/../../../../arm-none-eabi/lib/thumb/v8-m.base/nofp\libg_nano.a(lib_a-mprec.o)
                                 0x96 (size before relaxing)
 .rodata.__multadd.str1.1
                0x0000ab83       0x11 c:/renesas/ra/e2studio_v2023-04_fsp_v4.4.0/toolchains/gcc_arm/gcc-arm-none-eabi-10.3-2021.10/bin/../lib/gcc/arm-none-eabi/10.3.1/../../../../arm-none-eabi/lib/thumb/v8-m.base/nofp\libg_nano.a(lib_a-mprec.o)
 *fill*         0x0000ab83        0x5 ff
 .rodata.__mprec_bigtens
                0x0000ab88       0x28 c:/renesas/ra/e2studio_v2023-04_fsp_v4.4.0/toolchains/gcc_arm/gcc-arm-none-eabi-10.3-2021.10/bin/../lib/gcc/arm-none-eabi/10.3.1/../../../../arm-none-eabi/lib/thumb/v8-m.base/nofp\libg_nano.a(lib_a-mprec.o)
                0x0000ab88                __mprec_bigtens
 .rodata.__mprec_tens
                0x0000abb0       0xc8 c:/renesas/ra/e2studio_v2023-04_fsp_v4.4.0/toolchains/gcc_arm/gcc-arm-none-eabi-10.3-2021.10/bin/../lib/gcc/arm-none-eabi/10.3.1/../../../../arm-none-eabi/lib/thumb/v8-m.base/nofp\libg_nano.a(lib_a-mprec.o)
                0x0000abb0                __mprec_tens
 .rodata.p05.0  0x0000ac78        0xc c:/renesas/ra/e2studio_v2023-04_fsp_v4.4.0/toolchains/gcc_arm/gcc-arm-none-eabi-10.3-2021.10/bin/../lib/gcc/arm-none-eabi/10.3.1/../../../../arm-none-eabi/lib/thumb/v8-m.base/nofp\libg_nano.a(lib_a-mprec.o)
 .rodata._vfprintf_r.str1.1
                0x0000ac84       0x11 c:/renesas/ra/e2studio_v2023-04_fsp_v4.4.0/toolchains/gcc_arm/gcc-arm-none-eabi-10.3-2021.10/bin/../lib/gcc/arm-none-eabi/10.3.1/../../../../arm-none-eabi/lib/thumb/v8-m.base/nofp\libg_nano.a(lib_a-nano-vfprintf.o)
 .rodata._setlocale_r.str1.1
                0x0000ac95        0x8 c:/renesas/ra/e2studio_v2023-04_fsp_v4.4.0/toolchains/gcc_arm/gcc-arm-none-eabi-10.3-2021.10/bin/../lib/gcc/arm-none-eabi/10.3.1/../../../../arm-none-eabi/lib/thumb/v8-m.base/nofp\libg_nano.a(lib_a-locale.o)
                                  0x9 (size before relaxing)
 .rodata.str1.1
                0x0000ac9d        0x2 c:/renesas/ra/e2studio_v2023-04_fsp_v4.4.0/toolchains/gcc_arm/gcc-arm-none-eabi-10.3-2021.10/bin/../lib/gcc/arm-none-eabi/10.3.1/../../../../arm-none-eabi/lib/thumb/v8-m.base/nofp\libg_nano.a(lib_a-locale.o)
 .rodata._ctype_
                0x0000ac9f      0x101 c:/renesas/ra/e2studio_v2023-04_fsp_v4.4.0/toolchains/gcc_arm/gcc-arm-none-eabi-10.3-2021.10/bin/../lib/gcc/arm-none-eabi/10.3.1/../../../../arm-none-eabi/lib/thumb/v8-m.base/nofp\libg_nano.a(lib_a-ctype_.o)
                0x0000ac9f                _ctype_
 .rodata.log.str1.4
                0x0000ada0       0x3d c:/renesas/ra/e2studio_v2023-04_fsp_v4.4.0/toolchains/gcc_arm/gcc-arm-none-eabi-10.3-2021.10/bin/../lib/gcc/arm-none-eabi/10.3.1/../../../../arm-none-eabi/lib/thumb/v8-m.base/nofp\libm.a(lib_a-w_log.o)
                                  0x1 (size before relaxing)
                0x0000ada0                __usb_dev_descriptor_start_fs = .
 *(.usb_device_desc_fs*)
                0x0000ada0                __usb_cfg_descriptor_start_fs = .
 *(.usb_config_desc_fs*)
                0x0000ada0                __usb_interface_descriptor_start_fs = .
 *(.usb_interface_desc_fs*)
                0x0000ada0                __usb_descriptor_end_fs = .
                0x0000ada0                __usb_dev_descriptor_start_hs = .
 *(.usb_device_desc_hs*)
                0x0000ada0                __usb_cfg_descriptor_start_hs = .
 *(.usb_config_desc_hs*)
                0x0000ada0                __usb_interface_descriptor_start_hs = .
 *(.usb_interface_desc_hs*)
                0x0000ada0                __usb_descriptor_end_hs = .
 *(.eh_frame*)
 .eh_frame      0x0000ada0        0x0 c:/renesas/ra/e2studio_v2023-04_fsp_v4.4.0/toolchains/gcc_arm/gcc-arm-none-eabi-10.3-2021.10/bin/../lib/gcc/arm-none-eabi/10.3.1/thumb/v8-m.base/nofp/crtbegin.o
 .eh_frame      0x0000ada0        0x4 c:/renesas/ra/e2studio_v2023-04_fsp_v4.4.0/toolchains/gcc_arm/gcc-arm-none-eabi-10.3-2021.10/bin/../lib/gcc/arm-none-eabi/10.3.1/thumb/v8-m.base/nofp/crtend.o
                0x0000ada4                __ROM_End = .
                0x000000c0                __Vectors_Size = (__Vectors_End - __Vectors)

.glue_7         0x0000ada4        0x0
 .glue_7        0x0000ada4        0x0 linker stubs

.glue_7t        0x0000ada4        0x0
 .glue_7t       0x0000ada4        0x0 linker stubs

.vfp11_veneer   0x0000ada4        0x0
 .vfp11_veneer  0x0000ada4        0x0 linker stubs

.v4_bx          0x0000ada4        0x0
 .v4_bx         0x0000ada4        0x0 linker stubs

.iplt           0x0000ada4        0x0
 .iplt          0x0000ada4        0x0 c:/renesas/ra/e2studio_v2023-04_fsp_v4.4.0/toolchains/gcc_arm/gcc-arm-none-eabi-10.3-2021.10/bin/../lib/gcc/arm-none-eabi/10.3.1/thumb/v8-m.base/nofp/crtbegin.o

.ARM.extab
 *(.ARM.extab* .gnu.linkonce.armextab.*)
                0x0000ada4                __exidx_start = .

.ARM.exidx
 *(.ARM.exidx* .gnu.linkonce.armexidx.*)
                0x0000ada4                __exidx_end = .
                0x0000ada4                __etext = .
                0x20004000                __tz_RAM_S = ORIGIN (RAM)

.fsp_dtc_vector_table
                0x20004000        0x0
                0x20004000                . = ORIGIN (RAM)
 *(.fsp_dtc_vector_table)

.data           0x20004000     0x1c8c load address 0x0000ada4
                0x20004000                __data_start__ = .
                0x20004000                . = ALIGN (0x4)
                0x20004000                __Code_In_RAM_Start = .
 *(.code_in_ram*)
                0x20004000                __Code_In_RAM_End = .
 *(vtable)
 *(.data.*)
 .data.chines_word
                0x20004000     0x1a86 ./src/user_lcd_driver/user_lcd_driver.o
                0x20004000                chines_word
 *fill*         0x20005a86        0x2 
 .data.TaskComps
                0x20005a88       0x20 ./src/user_bsp_SysTick/user_bsp_SysTick.o
 .data.g_uart1_baud_setting
                0x20005aa8        0x4 ./ra_gen/hal_data.o
                0x20005aa8                g_uart1_baud_setting
 .data.g_uart2_baud_setting
                0x20005aac        0x4 ./ra_gen/hal_data.o
                0x20005aac                g_uart2_baud_setting
 .data.g_uart9_baud_setting
                0x20005ab0        0x4 ./ra_gen/hal_data.o
                0x20005ab0                g_uart9_baud_setting
 .data._impure_ptr
                0x20005ab4        0x4 c:/renesas/ra/e2studio_v2023-04_fsp_v4.4.0/toolchains/gcc_arm/gcc-arm-none-eabi-10.3-2021.10/bin/../lib/gcc/arm-none-eabi/10.3.1/../../../../arm-none-eabi/lib/thumb/v8-m.base/nofp\libg_nano.a(lib_a-impure.o)
                0x20005ab4                _impure_ptr
 .data.impure_data
                0x20005ab8       0x60 c:/renesas/ra/e2studio_v2023-04_fsp_v4.4.0/toolchains/gcc_arm/gcc-arm-none-eabi-10.3-2021.10/bin/../lib/gcc/arm-none-eabi/10.3.1/../../../../arm-none-eabi/lib/thumb/v8-m.base/nofp\libg_nano.a(lib_a-impure.o)
 .data.__global_locale
                0x20005b18      0x16c c:/renesas/ra/e2studio_v2023-04_fsp_v4.4.0/toolchains/gcc_arm/gcc-arm-none-eabi-10.3-2021.10/bin/../lib/gcc/arm-none-eabi/10.3.1/../../../../arm-none-eabi/lib/thumb/v8-m.base/nofp\libg_nano.a(lib_a-locale.o)
                0x20005b18                __global_locale
 *(.data)
                0x20005c84                . = ALIGN (0x4)
                0x20005c84                PROVIDE (__preinit_array_start = .)
 *(.preinit_array)
                0x20005c84                PROVIDE (__preinit_array_end = .)
                0x20005c84                . = ALIGN (0x4)
                0x20005c84                PROVIDE (__init_array_start = .)
 *(SORT_BY_NAME(.init_array.*))
 *(.init_array)
 .init_array    0x20005c84        0x4 c:/renesas/ra/e2studio_v2023-04_fsp_v4.4.0/toolchains/gcc_arm/gcc-arm-none-eabi-10.3-2021.10/bin/../lib/gcc/arm-none-eabi/10.3.1/thumb/v8-m.base/nofp/crtbegin.o
                0x20005c88                PROVIDE (__init_array_end = .)
                0x20005c88                . = ALIGN (0x4)
                [!provide]                PROVIDE (__fini_array_start = .)
 *(SORT_BY_NAME(.fini_array.*))
 *(.fini_array)
 .fini_array    0x20005c88        0x4 c:/renesas/ra/e2studio_v2023-04_fsp_v4.4.0/toolchains/gcc_arm/gcc-arm-none-eabi-10.3-2021.10/bin/../lib/gcc/arm-none-eabi/10.3.1/thumb/v8-m.base/nofp/crtbegin.o
                [!provide]                PROVIDE (__fini_array_end = .)
 *(.jcr*)
                0x20005c8c                . = ALIGN (0x4)
                0x20005c8c                __data_end__ = .
                0x0000ca30                __dtcm_data_init_start = ((__etext + __data_end__) - __data_start__)

.igot.plt       0x20005c8c        0x0 load address 0x0000ca30
 .igot.plt      0x20005c8c        0x0 c:/renesas/ra/e2studio_v2023-04_fsp_v4.4.0/toolchains/gcc_arm/gcc-arm-none-eabi-10.3-2021.10/bin/../lib/gcc/arm-none-eabi/10.3.1/thumb/v8-m.base/nofp/crtbegin.o

.dtcm_data      0x00000000        0x0 load address 0x0000ca30
                0x00000000                __tz_DTCM_S = ABSOLUTE (DTCM_START)
                0x00000000                __dtcm_data_start__ = .
 *(.dtcm_data*)
                0x00000000                __dtcm_data_end__ = .

.dtcm_noinit    0x00000000        0x0 load address 0x0000ca30
                0x00000000                __dtcm_noinit_start = .
 *(.dtcm_noinit*)
                0x00000000                __dtcm_noinit_end = .
                0x00000000                __tz_DTCM_N = DEFINED (DTCM_NS_START)?ABSOLUTE (DTCM_NS_START):ALIGN (__dtcm_noinit_end, 0x2000)
                0x0000ca30                DATA_END = (LOADADDR (.data) + SIZEOF (.data))
                0x0000cc00                SGSTUBS_LOC = (DEFINED (PROJECT_SECURE) && DEFINED (FLASH_NSC_START))?ABSOLUTE (FLASH_NSC_START):ALIGN (DATA_END, 0x400)

.gnu.sgstubs    0x0000cc00        0x0
                0x0000cc00                __tz_FLASH_C = DEFINED (FLASH_NSC_START)?ABSOLUTE (FLASH_NSC_START):__RESERVE_NS_RAM?ABSOLUTE ((FLASH_START + FLASH_LENGTH)):ALIGN (0x400)
                0x0000cc00                _start_sg = .
 *(.gnu.sgstubs*)
                0x0000cc00                . = ALIGN (0x20)
                0x0000cc00                _end_sg = .
                0x00010000                __tz_FLASH_N = DEFINED (FLASH_NS_START)?ABSOLUTE (FLASH_NS_START):__RESERVE_NS_RAM?ABSOLUTE ((FLASH_START + FLASH_LENGTH)):(FLASH_LENGTH < 0x8000)?FLASH_LENGTH:ALIGN (0x8000)
                0x00010000                FLASH_NS_IMAGE_START = DEFINED (FLASH_NS_IMAGE_START)?FLASH_NS_IMAGE_START:__tz_FLASH_N
                0x60000000                __tz_QSPI_FLASH_S = ORIGIN (QSPI_FLASH)

.qspi_flash     0x60000000        0x0
                0x60000000                __qspi_flash_start__ = .
 *(.qspi_flash*)
 *(.code_in_qspi*)
                0x60000000                __qspi_flash_end__ = .
                0x00000000                __qspi_flash_code_size__ = (__qspi_flash_end__ - __qspi_flash_start__)
                0x0000ca30                __qspi_flash_code_addr__ = (__etext + (__data_end__ - __data_start__))

.qspi_non_retentive
                0x60000000        0x0 load address 0x0000ca30
                0x60000000                __qspi_non_retentive_start__ = .
 *(.qspi_non_retentive*)
                0x60000000                __qspi_non_retentive_end__ = .
                0x00000000                __qspi_non_retentive_size__ = (__qspi_non_retentive_end__ - __qspi_non_retentive_start__)
                0x04000000                __qspi_region_max_size__ = 0x4000000
                0x60000000                __qspi_region_start_address__ = __qspi_flash_start__
                0x64000000                __qspi_region_end_address__ = (__qspi_flash_start__ + __qspi_region_max_size__)
                0x60000000                __tz_QSPI_FLASH_N = __qspi_non_retentive_end__

.OSPI_DEVICE_0_NO_LOAD
                0x80020000        0x0
                0x80020000                . = ALIGN (0x4)
                0x80020000                __ospi_device_0_start__ = .
 *(.ospi_device_0_no_load*)
                0x80020000                . = ALIGN (0x4)
                0x80020000                __ospi_device_0_end__ = .

.OSPI_DEVICE_1_NO_LOAD
                0x80030000        0x0
                0x80030000                . = ALIGN (0x4)
                0x80030000                __ospi_device_1_start__ = .
 *(.ospi_device_1_no_load*)
                0x80030000                . = ALIGN (0x4)
                0x80030000                __ospi_device_1_end__ = .
                0x80020000                __tz_OSPI_DEVICE_0_S = ORIGIN (OSPI_DEVICE_0)

.OSPI_DEVICE_0  0x80020000        0x0
                0x80020000                __ospi_device_0_start__ = .
 *(.ospi_device_0*)
 *(.code_in_ospi_device_0*)
                0x80020000                __ospi_device_0_end__ = .
                0x00000000                __ospi_device_0_code_size__ = (__ospi_device_0_end__ - __ospi_device_0_start__)
                0x0000ca30                __ospi_device_0_code_addr__ = (__etext + (__data_end__ - __data_start__))

.ospi_device_0_non_retentive
                0x80020000        0x0 load address 0x0000ca30
                0x80020000                __ospi_device_0_non_retentive_start__ = .
 *(.ospi_device_0_non_retentive*)
                0x80020000                __ospi_device_0_non_retentive_end__ = .
                0x00000000                __ospi_device_0_non_retentive_size__ = (__ospi_device_0_non_retentive_end__ - __ospi_device_0_non_retentive_start__)
                0x08000000                __ospi_device_0_region_max_size__ = 0x8000000
                0x80020000                __ospi_device_0_region_start_address__ = __ospi_device_0_start__
                0x88020000                __ospi_device_0_region_end_address__ = (__ospi_device_0_start__ + __ospi_device_0_region_max_size__)
                0x80020000                __tz_OSPI_DEVICE_0_N = __ospi_device_0_non_retentive_end__
                0x80030000                __tz_OSPI_DEVICE_1_S = ORIGIN (OSPI_DEVICE_1)

.OSPI_DEVICE_1  0x80030000        0x0
                0x80030000                __ospi_device_1_start__ = .
 *(.ospi_device_1*)
 *(.code_in_ospi_device_1*)
                0x80030000                __ospi_device_1_end__ = .
                0x00000000                __ospi_device_1_code_size__ = (__ospi_device_1_end__ - __ospi_device_1_start__)
                0x0000ca30                __ospi_device_1_code_addr__ = (__etext + (__data_end__ - __data_start__))

.ospi_device_1_non_retentive
                0x80030000        0x0 load address 0x0000ca30
                0x80030000                __ospi_device_1_non_retentive_start__ = .
 *(.ospi_device_1_non_retentive*)
                0x80030000                __ospi_device_1_non_retentive_end__ = .
                0x00000000                __ospi_device_1_non_retentive_size__ = (__ospi_device_1_non_retentive_end__ - __ospi_device_1_non_retentive_start__)
                0x10000000                __ospi_device_1_region_max_size__ = 0x10000000
                0x80030000                __ospi_device_1_region_start_address__ = __ospi_device_1_start__
                0x90030000                __ospi_device_1_region_end_address__ = (__ospi_device_1_start__ + __ospi_device_1_region_max_size__)
                0x80030000                __tz_OSPI_DEVICE_1_N = __ospi_device_1_non_retentive_end__

.noinit         0x20005c8c       0x14
                0x20005c8c                . = ALIGN (0x4)
                0x20005c8c                __noinit_start = .
 *(.noinit*)
 .noinit        0x20005c8c       0x14 ./ra/fsp/src/bsp/mcu/all/bsp_clocks.o
                0x20005ca0                . = ALIGN (0x8)
 *(.heap.*)
                0x20005ca0                __noinit_end = .

.bss            0x20005ca0      0x318
                0x20005ca0                . = ALIGN (0x4)
                0x20005ca0                __bss_start__ = .
 *(.bss*)
 .bss           0x20005ca0       0x1c c:/renesas/ra/e2studio_v2023-04_fsp_v4.4.0/toolchains/gcc_arm/gcc-arm-none-eabi-10.3-2021.10/bin/../lib/gcc/arm-none-eabi/10.3.1/thumb/v8-m.base/nofp/crtbegin.o
 .bss.Rx1Buffer
                0x20005cbc       0x64 ./src/user_bsp_uart/user_bsp_uart.o
                0x20005cbc                Rx1Buffer
 .bss.Rx1_Receive_Count
                0x20005d20        0x1 ./src/user_bsp_uart/user_bsp_uart.o
                0x20005d20                Rx1_Receive_Count
 .bss.UART_TO_WIFI_STA
                0x20005d21        0x1 ./src/user_bsp_uart/user_bsp_uart.o
                0x20005d21                UART_TO_WIFI_STA
 .bss.Wifi_state_flag
                0x20005d22        0x1 ./src/user_bsp_uart/user_bsp_uart.o
                0x20005d22                Wifi_state_flag
 .bss.uart1_Receive_COMPLETE_flag
                0x20005d23        0x1 ./src/user_bsp_uart/user_bsp_uart.o
                0x20005d23                uart1_Receive_COMPLETE_flag
 .bss.uart1_send_complete_flag
                0x20005d24        0x1 ./src/user_bsp_uart/user_bsp_uart.o
                0x20005d24                uart1_send_complete_flag
 .bss.uart2_send_complete_flag
                0x20005d25        0x1 ./src/user_bsp_uart/user_bsp_uart.o
                0x20005d25                uart2_send_complete_flag
 .bss.uart9_send_complete_flag
                0x20005d26        0x1 ./src/user_bsp_uart/user_bsp_uart.o
                0x20005d26                uart9_send_complete_flag
 .bss.wifi_get_weather_init_flag
                0x20005d27        0x1 ./src/user_bsp_uart/user_bsp_uart.o
                0x20005d27                wifi_get_weather_init_flag
 .bss.get_time.1
                0x20005d28       0x24 ./src/user_bsp_rtc/user_bsp_rtc.o
 .bss.rtc_ir_count.0
                0x20005d4c        0x1 ./src/user_bsp_rtc/user_bsp_rtc.o
 .bss.wifi_get_weather_flag
                0x20005d4d        0x1 ./src/user_bsp_rtc/user_bsp_rtc.o
                0x20005d4d                wifi_get_weather_flag
 *fill*         0x20005d4e        0x2 
 .bss.a_time.1  0x20005d50        0x4 ./src/user_bsp_gpt_pwm/user_bsp_gpt_pwm.o
 .bss.b_time.3  0x20005d54        0x4 ./src/user_bsp_gpt_pwm/user_bsp_gpt_pwm.o
 .bss.d_time.2  0x20005d58        0x4 ./src/user_bsp_gpt_pwm/user_bsp_gpt_pwm.o
 .bss.info      0x20005d5c        0xc ./src/user_bsp_gpt_pwm/user_bsp_gpt_pwm.o
                0x20005d5c                info
 .bss.ir_rbuf   0x20005d68       0x64 ./src/user_bsp_gpt_pwm/user_bsp_gpt_pwm.o
                0x20005d68                ir_rbuf
 .bss.ir_rbuf_count
                0x20005dcc        0x1 ./src/user_bsp_gpt_pwm/user_bsp_gpt_pwm.o
                0x20005dcc                ir_rbuf_count
 .bss.ir_receive_complete
                0x20005dcd        0x1 ./src/user_bsp_gpt_pwm/user_bsp_gpt_pwm.o
                0x20005dcd                ir_receive_complete
 .bss.one_period_flag
                0x20005dce        0x1 ./src/user_bsp_gpt_pwm/user_bsp_gpt_pwm.o
                0x20005dce                one_period_flag
 *fill*         0x20005dcf        0x1 
 .bss.overflow_times.4
                0x20005dd0        0x4 ./src/user_bsp_gpt_pwm/user_bsp_gpt_pwm.o
 .bss.period    0x20005dd4        0x4 ./src/user_bsp_gpt_pwm/user_bsp_gpt_pwm.o
                0x20005dd4                period
 .bss.receive_8
                0x20005dd8        0x1 ./src/user_bsp_gpt_pwm/user_bsp_gpt_pwm.o
                0x20005dd8                receive_8
 .bss.repetition_count
                0x20005dd9        0x1 ./src/user_bsp_gpt_pwm/user_bsp_gpt_pwm.o
                0x20005dd9                repetition_count
 .bss.reveive_flag
                0x20005dda        0x1 ./src/user_bsp_gpt_pwm/user_bsp_gpt_pwm.o
                0x20005dda                reveive_flag
 .bss.scan_complete_flag
                0x20005ddb        0x1 ./src/user_bsp_adc/user_bsp_adc.o
                0x20005ddb                scan_complete_flag
 .bss.IT_Period
                0x20005ddc        0x4 ./src/user_bsp_SysTick/user_bsp_SysTick.o
                0x20005ddc                IT_Period
 .bss.g_ioport_ctrl
                0x20005de0        0x8 ./ra_gen/common_data.o
                0x20005de0                g_ioport_ctrl
 .bss.g_adc0_ctrl
                0x20005de8       0x24 ./ra_gen/hal_data.o
                0x20005de8                g_adc0_ctrl
 .bss.g_timer_gpt9_ctrl
                0x20005e0c       0x20 ./ra_gen/hal_data.o
                0x20005e0c                g_timer_gpt9_ctrl
 .bss.g_uart1_ctrl
                0x20005e2c       0x30 ./ra_gen/hal_data.o
                0x20005e2c                g_uart1_ctrl
 .bss.g_uart2_ctrl
                0x20005e5c       0x30 ./ra_gen/hal_data.o
                0x20005e5c                g_uart2_ctrl
 .bss.g_uart9_ctrl
                0x20005e8c       0x30 ./ra_gen/hal_data.o
                0x20005e8c                g_uart9_ctrl
 .bss.rtc_ctrl  0x20005ebc       0x18 ./ra_gen/hal_data.o
                0x20005ebc                rtc_ctrl
 .bss.g_bsp_group_irq_sources
                0x20005ed4       0x40 ./ra/fsp/src/bsp/mcu/all/bsp_group_irq.o
                0x20005ed4                g_bsp_group_irq_sources
 .bss.g_protect_pfswe_counter
                0x20005f14        0x4 ./ra/fsp/src/bsp/mcu/all/bsp_io.o
                0x20005f14                g_protect_pfswe_counter
 .bss.gp_renesas_isr_context
                0x20005f18       0x80 ./ra/fsp/src/bsp/mcu/all/bsp_irq.o
                0x20005f18                gp_renesas_isr_context
 .bss.g_protect_counters
                0x20005f98        0x8 ./ra/fsp/src/bsp/mcu/all/bsp_register_protection.o
                0x20005f98                g_protect_counters
 .bss.current_heap_end.0
                0x20005fa0        0x4 ./ra/fsp/src/bsp/mcu/all/bsp_sbrk.o
 .bss.SystemCoreClock
                0x20005fa4        0x4 ./ra/fsp/src/bsp/cmsis/Device/RENESAS/Source/system.o
                0x20005fa4                SystemCoreClock
 .bss.__malloc_free_list
                0x20005fa8        0x4 c:/renesas/ra/e2studio_v2023-04_fsp_v4.4.0/toolchains/gcc_arm/gcc-arm-none-eabi-10.3-2021.10/bin/../lib/gcc/arm-none-eabi/10.3.1/../../../../arm-none-eabi/lib/thumb/v8-m.base/nofp\libg_nano.a(lib_a-nano-mallocr.o)
                0x20005fa8                __malloc_free_list
 .bss.__malloc_sbrk_start
                0x20005fac        0x4 c:/renesas/ra/e2studio_v2023-04_fsp_v4.4.0/toolchains/gcc_arm/gcc-arm-none-eabi-10.3-2021.10/bin/../lib/gcc/arm-none-eabi/10.3.1/../../../../arm-none-eabi/lib/thumb/v8-m.base/nofp\libg_nano.a(lib_a-nano-mallocr.o)
                0x20005fac                __malloc_sbrk_start
 .bss.__lock___malloc_recursive_mutex
                0x20005fb0        0x1 c:/renesas/ra/e2studio_v2023-04_fsp_v4.4.0/toolchains/gcc_arm/gcc-arm-none-eabi-10.3-2021.10/bin/../lib/gcc/arm-none-eabi/10.3.1/../../../../arm-none-eabi/lib/thumb/v8-m.base/nofp\libg_nano.a(lib_a-lock.o)
                0x20005fb0                __lock___malloc_recursive_mutex
 .bss.__lock___sfp_recursive_mutex
                0x20005fb1        0x1 c:/renesas/ra/e2studio_v2023-04_fsp_v4.4.0/toolchains/gcc_arm/gcc-arm-none-eabi-10.3-2021.10/bin/../lib/gcc/arm-none-eabi/10.3.1/../../../../arm-none-eabi/lib/thumb/v8-m.base/nofp\libg_nano.a(lib_a-lock.o)
                0x20005fb1                __lock___sfp_recursive_mutex
 .bss.__lock___sinit_recursive_mutex
                0x20005fb2        0x1 c:/renesas/ra/e2studio_v2023-04_fsp_v4.4.0/toolchains/gcc_arm/gcc-arm-none-eabi-10.3-2021.10/bin/../lib/gcc/arm-none-eabi/10.3.1/../../../../arm-none-eabi/lib/thumb/v8-m.base/nofp\libg_nano.a(lib_a-lock.o)
                0x20005fb2                __lock___sinit_recursive_mutex
 *fill*         0x20005fb3        0x1 