Archive member included to satisfy reference by file (symbol)

c:/renesas/ra/e2studio_v2023-04_fsp_v4.4.0/toolchains/gcc_arm/gcc-arm-none-eabi-10.3-2021.10/bin/../lib/gcc/arm-none-eabi/10.3.1/thumb/v8-m.base/nofp\libgcc.a(_clzsi2.o)
                              ./ra/fsp/src/r_adc/r_adc.o (__clzsi2)
c:/renesas/ra/e2studio_v2023-04_fsp_v4.4.0/toolchains/gcc_arm/gcc-arm-none-eabi-10.3-2021.10/bin/../lib/gcc/arm-none-eabi/10.3.1/thumb/v8-m.base/nofp\libgcc.a(_aeabi_ldivmod.o)
                              ./ra/fsp/src/r_sci_uart/r_sci_uart.o (__aeabi_ldivmod)
c:/renesas/ra/e2studio_v2023-04_fsp_v4.4.0/toolchains/gcc_arm/gcc-arm-none-eabi-10.3-2021.10/bin/../lib/gcc/arm-none-eabi/10.3.1/thumb/v8-m.base/nofp\libgcc.a(_muldi3.o)
                              ./ra/fsp/src/r_sci_uart/r_sci_uart.o (__aeabi_lmul)
c:/renesas/ra/e2studio_v2023-04_fsp_v4.4.0/toolchains/gcc_arm/gcc-arm-none-eabi-10.3-2021.10/bin/../lib/gcc/arm-none-eabi/10.3.1/thumb/v8-m.base/nofp\libgcc.a(bpabi.o)
                              c:/renesas/ra/e2studio_v2023-04_fsp_v4.4.0/toolchains/gcc_arm/gcc-arm-none-eabi-10.3-2021.10/bin/../lib/gcc/arm-none-eabi/10.3.1/thumb/v8-m.base/nofp\libgcc.a(_aeabi_ldivmod.o) (__gnu_ldivmod_helper)
c:/renesas/ra/e2studio_v2023-04_fsp_v4.4.0/toolchains/gcc_arm/gcc-arm-none-eabi-10.3-2021.10/bin/../lib/gcc/arm-none-eabi/10.3.1/thumb/v8-m.base/nofp\libgcc.a(adddf3.o)
                              ./src/user_ntc_3950_10k_read/user_ntc_3950_10k_read.o (__aeabi_dadd)
c:/renesas/ra/e2studio_v2023-04_fsp_v4.4.0/toolchains/gcc_arm/gcc-arm-none-eabi-10.3-2021.10/bin/../lib/gcc/arm-none-eabi/10.3.1/thumb/v8-m.base/nofp\libgcc.a(divdf3.o)
                              ./src/user_ntc_3950_10k_read/user_ntc_3950_10k_read.o (__aeabi_ddiv)
c:/renesas/ra/e2studio_v2023-04_fsp_v4.4.0/toolchains/gcc_arm/gcc-arm-none-eabi-10.3-2021.10/bin/../lib/gcc/arm-none-eabi/10.3.1/thumb/v8-m.base/nofp\libgcc.a(muldf3.o)
                              ./src/user_ntc_3950_10k_read/user_ntc_3950_10k_read.o (__aeabi_dmul)
c:/renesas/ra/e2studio_v2023-04_fsp_v4.4.0/toolchains/gcc_arm/gcc-arm-none-eabi-10.3-2021.10/bin/../lib/gcc/arm-none-eabi/10.3.1/thumb/v8-m.base/nofp\libgcc.a(subdf3.o)
                              ./src/user_ntc_3950_10k_read/user_ntc_3950_10k_read.o (__aeabi_dsub)
c:/renesas/ra/e2studio_v2023-04_fsp_v4.4.0/toolchains/gcc_arm/gcc-arm-none-eabi-10.3-2021.10/bin/../lib/gcc/arm-none-eabi/10.3.1/thumb/v8-m.base/nofp\libgcc.a(fixdfsi.o)
                              ./src/user_ntc_3950_10k_read/user_ntc_3950_10k_read.o (__aeabi_d2iz)
c:/renesas/ra/e2studio_v2023-04_fsp_v4.4.0/toolchains/gcc_arm/gcc-arm-none-eabi-10.3-2021.10/bin/../lib/gcc/arm-none-eabi/10.3.1/thumb/v8-m.base/nofp\libgcc.a(floatsidf.o)
                              ./src/user_bsp_adc/user_bsp_adc.o (__aeabi_i2d)
c:/renesas/ra/e2studio_v2023-04_fsp_v4.4.0/toolchains/gcc_arm/gcc-arm-none-eabi-10.3-2021.10/bin/../lib/gcc/arm-none-eabi/10.3.1/thumb/v8-m.base/nofp\libgcc.a(_dvmd_tls.o)
                              c:/renesas/ra/e2studio_v2023-04_fsp_v4.4.0/toolchains/gcc_arm/gcc-arm-none-eabi-10.3-2021.10/bin/../lib/gcc/arm-none-eabi/10.3.1/thumb/v8-m.base/nofp\libgcc.a(_aeabi_ldivmod.o) (__aeabi_ldiv0)
c:/renesas/ra/e2studio_v2023-04_fsp_v4.4.0/toolchains/gcc_arm/gcc-arm-none-eabi-10.3-2021.10/bin/../lib/gcc/arm-none-eabi/10.3.1/thumb/v8-m.base/nofp\libgcc.a(_divdi3.o)
                              c:/renesas/ra/e2studio_v2023-04_fsp_v4.4.0/toolchains/gcc_arm/gcc-arm-none-eabi-10.3-2021.10/bin/../lib/gcc/arm-none-eabi/10.3.1/thumb/v8-m.base/nofp\libgcc.a(bpabi.o) (__divdi3)
c:/renesas/ra/e2studio_v2023-04_fsp_v4.4.0/toolchains/gcc_arm/gcc-arm-none-eabi-10.3-2021.10/bin/../lib/gcc/arm-none-eabi/10.3.1/../../../../arm-none-eabi/lib/thumb/v8-m.base/nofp\libg_nano.a(lib_a-errno.o)
                              ./ra/fsp/src/bsp/mcu/all/bsp_sbrk.o (__errno)
c:/renesas/ra/e2studio_v2023-04_fsp_v4.4.0/toolchains/gcc_arm/gcc-arm-none-eabi-10.3-2021.10/bin/../lib/gcc/arm-none-eabi/10.3.1/../../../../arm-none-eabi/lib/thumb/v8-m.base/nofp\libg_nano.a(lib_a-exit.o)
                              c:/renesas/ra/e2studio_v2023-04_fsp_v4.4.0/toolchains/gcc_arm/gcc-arm-none-eabi-10.3-2021.10/bin/../lib/gcc/arm-none-eabi/10.3.1/../../../../arm-none-eabi/lib/thumb/v8-m.base/nofp/crt0.o (exit)
c:/renesas/ra/e2studio_v2023-04_fsp_v4.4.0/toolchains/gcc_arm/gcc-arm-none-eabi-10.3-2021.10/bin/../lib/gcc/arm-none-eabi/10.3.1/../../../../arm-none-eabi/lib/thumb/v8-m.base/nofp\libg_nano.a(lib_a-impure.o)
                              c:/renesas/ra/e2studio_v2023-04_fsp_v4.4.0/toolchains/gcc_arm/gcc-arm-none-eabi-10.3-2021.10/bin/../lib/gcc/arm-none-eabi/10.3.1/../../../../arm-none-eabi/lib/thumb/v8-m.base/nofp\libg_nano.a(lib_a-exit.o) (_global_impure_ptr)
c:/renesas/ra/e2studio_v2023-04_fsp_v4.4.0/toolchains/gcc_arm/gcc-arm-none-eabi-10.3-2021.10/bin/../lib/gcc/arm-none-eabi/10.3.1/../../../../arm-none-eabi/lib/thumb/v8-m.base/nofp\libg_nano.a(lib_a-init.o)
[...]
Memory Configuration

Name             Origin             Length             Attributes
ITCM             0x00000000         0x00000000         xr
DTCM             0x00000000         0x00000000         xrw
FLASH            0x00000000         0x00010000         xr
RAM              0x20004000         0x00004000         xrw
DATA_FLASH       0x40100000         0x00001000         xr
QSPI_FLASH       0x60000000         0x00000000         xr
OSPI_DEVICE_0    0x80020000         0x00000000         xr
OSPI_DEVICE_1    0x80030000         0x00000000         xr
OSPI_DEVICE_0_RAM 0x80020000         0x00000000         xrw
OSPI_DEVICE_1_RAM 0x80030000         0x00000000         xrw
SDRAM            0x80010000         0x00000000         xrw
OPTION_SETTING   0x00000000         0x00000000         r
OPTION_SETTING_OFS 0x00000000         0x00000018         r
OPTION_SETTING_SAS 0x00000034         0xffffffcc         r
OPTION_SETTING_S 0x80000000         0x00000000         r
ID_CODE          0x01010018         0x00000020         xr
*default*        0x00000000         0xffffffff

Linker script and memory map

LOAD c:/renesas/ra/e2studio_v2023-04_fsp_v4.4.0/toolchains/gcc_arm/gcc-arm-none-eabi-10.3-2021.10/bin/../lib/gcc/arm-none-eabi/10.3.1/thumb/v8-m.base/nofp/crti.o
LOAD c:/renesas/ra/e2studio_v2023-04_fsp_v4.4.0/toolchains/gcc_arm/gcc-arm-none-eabi-10.3-2021.10/bin/../lib/gcc/arm-none-eabi/10.3.1/thumb/v8-m.base/nofp/crtbegin.o
LOAD c:/renesas/ra/e2studio_v2023-04_fsp_v4.4.0/toolchains/gcc_arm/gcc-arm-none-eabi-10.3-2021.10/bin/../lib/gcc/arm-none-eabi/10.3.1/../../../../arm-none-eabi/lib/thumb/v8-m.base/nofp/crt0.o
START GROUP
LOAD ./src/user_wifi/use_wifi.o
LOAD ./src/user_ntc_3950_10k_read/user_ntc_3950_10k_read.o
LOAD ./src/user_lcd_driver/user_lcd_driver.o
LOAD ./src/user_ir_send/user_ir_send.o
LOAD ./src/user_bsp_uart/user_bsp_uart.o
LOAD ./src/user_bsp_rtc/user_bsp_rtc.o
LOAD ./src/user_bsp_gpt_pwm/user_bsp_gpt_pwm.o
LOAD ./src/user_bsp_gpio/user_bsp_gpio.o
LOAD ./src/user_bsp_adc/user_bsp_adc.o
LOAD ./src/user_bsp_SysTick/user_bsp_SysTick.o
LOAD ./src/user_DHT11/user_dht11.o
LOAD ./src/hal_entry.o
LOAD ./ra_gen/common_data.o
LOAD ./ra_gen/hal_data.o
LOAD ./ra_gen/main.o
LOAD ./ra_gen/pin_data.o
LOAD ./ra_gen/vector_data.o
LOAD ./ra/fsp/src/r_sci_uart/r_sci_uart.o
LOAD ./ra/fsp/src/r_rtc/r_rtc.o
LOAD ./ra/fsp/src/r_ioport/r_ioport.o
LOAD ./ra/fsp/src/r_iic_master/r_iic_master.o
LOAD ./ra/fsp/src/r_icu/r_icu.o
LOAD ./ra/fsp/src/r_gpt/r_gpt.o
LOAD ./ra/fsp/src/r_adc/r_adc.o
LOAD ./ra/fsp/src/bsp/mcu/all/bsp_clocks.o
LOAD ./ra/fsp/src/bsp/mcu/all/bsp_common.o
LOAD ./ra/fsp/src/bsp/mcu/all/bsp_delay.o
LOAD ./ra/fsp/src/bsp/mcu/all/bsp_group_irq.o
LOAD ./ra/fsp/src/bsp/mcu/all/bsp_guard.o
LOAD ./ra/fsp/src/bsp/mcu/all/bsp_io.o
LOAD ./ra/fsp/src/bsp/mcu/all/bsp_irq.o
LOAD ./ra/fsp/src/bsp/mcu/all/bsp_register_protection.o
LOAD ./ra/fsp/src/bsp/mcu/all/bsp_rom_registers.o
LOAD ./ra/fsp/src/bsp/mcu/all/bsp_sbrk.o
LOAD ./ra/fsp/src/bsp/mcu/all/bsp_security.o
LOAD ./ra/fsp/src/bsp/cmsis/Device/RENESAS/Source/startup.o
LOAD ./ra/fsp/src/bsp/cmsis/Device/RENESAS/Source/system.o
END GROUP
START GROUP
LOAD c:/renesas/ra/e2studio_v2023-04_fsp_v4.4.0/toolchains/gcc_arm/gcc-arm-none-eabi-10.3-2021.10/bin/../lib/gcc/arm-none-eabi/10.3.1/thumb/v8-m.base/nofp\libgcc.a
LOAD c:/renesas/ra/e2studio_v2023-04_fsp_v4.4.0/toolchains/gcc_arm/gcc-arm-none-eabi-10.3-2021.10/bin/../lib/gcc/arm-none-eabi/10.3.1/../../../../arm-none-eabi/lib/thumb/v8-m.base/nofp\libg_nano.a
LOAD c:/renesas/ra/e2studio_v2023-04_fsp_v4.4.0/toolchains/gcc_arm/gcc-arm-none-eabi-10.3-2021.10/bin/../lib/gcc/arm-none-eabi/10.3.1/../../../../arm-none-eabi/lib/thumb/v8-m.base/nofp\libc_nano.a
END GROUP
START GROUP
LOAD c:/renesas/ra/e2studio_v2023-04_fsp_v4.4.0/toolchains/gcc_arm/gcc-arm-none-eabi-10.3-2021.10/bin/../lib/gcc/arm-none-eabi/10.3.1/thumb/v8-m.base/nofp\libgcc.a
LOAD c:/renesas/ra/e2studio_v2023-04_fsp_v4.4.0/toolchains/gcc_arm/gcc-arm-none-eabi-10.3-2021.10/bin/../lib/gcc/arm-none-eabi/10.3.1/../../../../arm-none-eabi/lib/thumb/v8-m.base/nofp\libc_nano.a
END GROUP
LOAD c:/renesas/ra/e2studio_v2023-04_fsp_v4.4.0/toolchains/gcc_arm/gcc-arm-none-eabi-10.3-2021.10/bin/../lib/gcc/arm-none-eabi/10.3.1/thumb/v8-m.base/nofp/crtend.o
LOAD c:/renesas/ra/e2studio_v2023-04_fsp_v4.4.0/toolchains/gcc_arm/gcc-arm-none-eabi-10.3-2021.10/bin/../lib/gcc/arm-none-eabi/10.3.1/thumb/v8-m.base/nofp/crtn.o
                0x20004000                RAM_START = 0x20004000
                0x00004000                RAM_LENGTH = 0x4000
                0x00000000                FLASH_START = 0x0
                0x00010000                FLASH_LENGTH = 0x10000
                0x40100000                DATA_FLASH_START = 0x40100000
                0x00001000                DATA_FLASH_LENGTH = 0x1000
                0x00000000                OPTION_SETTING_START = 0x0
                0x00000000                OPTION_SETTING_LENGTH = 0x0
                0x80000000                OPTION_SETTING_S_START = 0x80000000
                0x00000000                OPTION_SETTING_S_LENGTH = 0x0
                0x01010018                ID_CODE_START = 0x1010018
                0x00000020                ID_CODE_LENGTH = 0x20
                0x80010000                SDRAM_START = 0x80010000
                0x00000000                SDRAM_LENGTH = 0x0
                0x60000000                QSPI_FLASH_START = 0x60000000
                0x00000000                QSPI_FLASH_LENGTH = 0x0
                0x80020000                OSPI_DEVICE_0_START = 0x80020000
                0x00000000                OSPI_DEVICE_0_LENGTH = 0x0
                0x80030000                OSPI_DEVICE_1_START = 0x80030000
                0x00000000                OSPI_DEVICE_1_LENGTH = 0x0
                0x00000000                QSPI_FLASH_PRV_LENGTH = DEFINED (QSPI_FLASH_SIZE)?ABSOLUTE (QSPI_FLASH_SIZE):ABSOLUTE (QSPI_FLASH_LENGTH)
                0x00000000                OSPI_DEVICE_0_PRV_LENGTH = DEFINED (OSPI_DEVICE_0_SIZE)?ABSOLUTE (OSPI_DEVICE_0_SIZE):ABSOLUTE (OSPI_DEVICE_0_LENGTH)
                0x00000000                OSPI_DEVICE_1_PRV_LENGTH = DEFINED (OSPI_DEVICE_1_SIZE)?ABSOLUTE (OSPI_DEVICE_1_SIZE):ABSOLUTE (OSPI_DEVICE_1_LENGTH)
                0x00000000                __RESERVE_NS_RAM = ((! (DEFINED (PROJECT_NONSECURE)) && DEFINED (RAM_NS_BUFFER_LENGTH)) && (OPTION_SETTING_S_LENGTH != 0x0))
                0x00000000                ITCM_START = DEFINED (ITCM_START)?ITCM_START:0x0
                0x00000000                ITCM_LENGTH = DEFINED (ITCM_LENGTH)?ITCM_LENGTH:0x0
                0x00000000                DTCM_START = DEFINED (DTCM_START)?DTCM_START:0x0
                0x00000000                DTCM_LENGTH = DEFINED (DTCM_LENGTH)?DTCM_LENGTH:0x0
                0x00000000                NS_OFFSET_START = DEFINED (NS_OFFSET_START)?NS_OFFSET_START:0x0
                0x00000000                NS_IMAGE_OFFSET = DEFINED (PROJECT_NONSECURE)?NS_OFFSET_START:0x0
                0x00000000                RAM_NS_BUFFER_BLOCK_LENGTH = DEFINED (RAM_NS_BUFFER_LENGTH)?ALIGN (RAM_NS_BUFFER_LENGTH, 0x2000):0x0
                0x00000000                RAM_NS_BUFFER_LENGTH = DEFINED (RAM_NS_BUFFER_LENGTH)?RAM_NS_BUFFER_LENGTH:0x0
                0x20008000                RAM_NS_BUFFER_START = ((RAM_START + RAM_LENGTH) - RAM_NS_BUFFER_LENGTH)
                0x20008000                RAM_NS_BUFFER_BLOCK_START = ((RAM_START + RAM_LENGTH) - RAM_NS_BUFFER_BLOCK_LENGTH)
                0x00000080                OPTION_SETTING_START_NS = DEFINED (PROJECT_NONSECURE)?OPTION_SETTING_START:(OPTION_SETTING_START + 0x80)
                0x00000001                __bl_FSP_BOOTABLE_IMAGE = 0x1
                0x00000001                __bln_FSP_BOOTABLE_IMAGE = 0x1
                0x00000000                PROJECT_SECURE_OR_FLAT = (((! (DEFINED (PROJECT_NONSECURE)) || DEFINED (PROJECT_SECURE)) && OPTION_SETTING_LENGTH) && ! (DEFINED (FSP_BOOTABLE_IMAGE)))
                0x00000000                USE_OPTION_SETTING_NS = (DEFINED (PROJECT_NONSECURE) && ! (DEFINED (FSP_BOOTABLE_IMAGE)))
                0x00000000                __bl_FLASH_IMAGE_START = ! (DEFINED (FLASH_BOOTLOADER_LENGTH))?0x0:(FLASH_APPLICATION_IMAGE_NUMBER == 0x1)?(FLASH_BOOTLOADER_LENGTH + FLASH_BOOTLOADER_HEADER_LENGTH):(((FLASH_BOOTLOADER_LENGTH + FLASH_BOOTLOADER_SCRATCH_LENGTH) + FLASH_APPLICATION_S_LENGTH) + FLASH_BOOTLOADER_HEADER_LENGTH)
                0x00000000                __bl_FLASH_IMAGE_LENGTH = ! (DEFINED (FLASH_BOOTLOADER_LENGTH))?0x0:(FLASH_APPLICATION_S_LENGTH - FLASH_BOOTLOADER_HEADER_LENGTH)
                0x00000000                __bl_FLASH_IMAGE_END = (__bl_FLASH_IMAGE_START + __bl_FLASH_IMAGE_LENGTH)
                0x00000000                __bl_XIP_SECONDARY_FLASH_IMAGE_START = ! (DEFINED (FLASH_BOOTLOADER_LENGTH))?0x0:((FLASH_BOOTLOADER_LENGTH + FLASH_APPLICATION_S_LENGTH) + FLASH_BOOTLOADER_HEADER_LENGTH)
                0x00000000                __bl_XIP_SECONDARY_FLASH_IMAGE_END = (__bl_XIP_SECONDARY_FLASH_IMAGE_START + __bl_FLASH_IMAGE_LENGTH)
                0x00000000                __bl_FLASH_NS_START = ! (DEFINED (FLASH_BOOTLOADER_LENGTH))?0x0:(FLASH_APPLICATION_NS_LENGTH == 0x0)?__bl_FLASH_IMAGE_END:((__bl_FLASH_IMAGE_START - FLASH_BOOTLOADER_HEADER_LENGTH) + FLASH_APPLICATION_S_LENGTH)
                0x00000000                __bl_FLASH_NSC_START = ! (DEFINED (FLASH_BOOTLOADER_LENGTH))?0x0:(FLASH_APPLICATION_NS_LENGTH == 0x0)?__bl_FLASH_IMAGE_END:(__bl_FLASH_NS_START - FLASH_APPLICATION_NSC_LENGTH)
                0x00000000                __bl_RAM_NS_START = ! (DEFINED (FLASH_BOOTLOADER_LENGTH))?0x0:(FLASH_APPLICATION_NS_LENGTH == 0x0)?(RAM_START + RAM_LENGTH):((RAM_START + RAM_LENGTH) - RAM_APPLICATION_NS_LENGTH)
                0x00000000                __bl_RAM_NSC_START = ! (DEFINED (FLASH_BOOTLOADER_LENGTH))?0x0:(FLASH_APPLICATION_NS_LENGTH == 0x0)?(RAM_START + RAM_LENGTH):(__bl_RAM_NS_START - RAM_APPLICATION_NSC_LENGTH)
                0x00000000                __bl_FLASH_NS_IMAGE_START = ! (DEFINED (FLASH_BOOTLOADER_LENGTH))?0x0:(FLASH_APPLICATION_NS_LENGTH == 0x0)?__bl_FLASH_IMAGE_END:(__bl_FLASH_NS_START + FLASH_BOOTLOADER_HEADER_LENGTH_2)
                0x00000000                __bln_FLASH_IMAGE_START = __bl_FLASH_NS_IMAGE_START
                0x00000000                __bln_FLASH_IMAGE_LENGTH = ! (DEFINED (FLASH_BOOTLOADER_LENGTH))?0x0:(FLASH_APPLICATION_NS_LENGTH == 0x0)?__bl_FLASH_IMAGE_END:(FLASH_APPLICATION_NS_LENGTH - FLASH_BOOTLOADER_HEADER_LENGTH_2)
                0x00000000                XIP_SECONDARY_SLOT_IMAGE = DEFINED (XIP_SECONDARY_SLOT_IMAGE)?XIP_SECONDARY_SLOT_IMAGE:0x0
                0x00000000                FLASH_ORIGIN = ! (DEFINED (FLASH_IMAGE_START))?FLASH_START:(XIP_SECONDARY_SLOT_IMAGE == 0x1)?XIP_SECONDARY_FLASH_IMAGE_START:FLASH_IMAGE_START
                0x00010000                LIMITED_FLASH_LENGTH = DEFINED (FLASH_IMAGE_LENGTH)?FLASH_IMAGE_LENGTH:DEFINED (FLASH_BOOTLOADER_LENGTH)?FLASH_BOOTLOADER_LENGTH:FLASH_LENGTH
START GROUP
LOAD c:/renesas/ra/e2studio_v2023-04_fsp_v4.4.0/toolchains/gcc_arm/gcc-arm-none-eabi-10.3-2021.10/bin/../lib/gcc/arm-none-eabi/10.3.1/thumb/v8-m.base/nofp\libgcc.a
LOAD c:/renesas/ra/e2studio_v2023-04_fsp_v4.4.0/toolchains/gcc_arm/gcc-arm-none-eabi-10.3-2021.10/bin/../lib/gcc/arm-none-eabi/10.3.1/../../../../arm-none-eabi/lib/thumb/v8-m.base/nofp\libc.a
LOAD c:/renesas/ra/e2studio_v2023-04_fsp_v4.4.0/toolchains/gcc_arm/gcc-arm-none-eabi-10.3-2021.10/bin/../lib/gcc/arm-none-eabi/10.3.1/../../../../arm-none-eabi/lib/thumb/v8-m.base/nofp\libm.a
LOAD c:/renesas/ra/e2studio_v2023-04_fsp_v4.4.0/toolchains/gcc_arm/gcc-arm-none-eabi-10.3-2021.10/bin/../lib/gcc/arm-none-eabi/10.3.1/../../../../arm-none-eabi/lib/thumb/v8-m.base/nofp\libnosys.a
END GROUP

.itcm_data      0x00000000        0x0
                0x00000000                __tz_ITCM_S = ABSOLUTE (ITCM_START)
                0x00000000                __itcm_data_start__ = .
 *(.itcm_data*)
                0x00000000                __itcm_data_end__ = .
                0x00000000                __tz_ITCM_N = DEFINED (ITCM_NS_START)?ABSOLUTE (ITCM_NS_START):ALIGN (__itcm_data_end__, 0x2000)

.text           0x00000000     0xb8b4
                0x00000000                __tz_FLASH_S = ABSOLUTE (FLASH_START)
                0x00000000                __ROM_Start = .
 *(.fixed_vectors*)
 .fixed_vectors
                0x00000000       0x40 ./ra/fsp/src/bsp/cmsis/Device/RENESAS/Source/startup.o
                0x00000000                __Vectors
 *(.application_vectors*)
 .application_vectors
                0x00000040       0x80 ./ra_gen/vector_data.o
                0x00000040                g_vector_table
                0x000000c0                __Vectors_End = .
                0x00000400                . = (OPTION_SETTING_LENGTH > 0x0)?.:(__ROM_Start + 0x400)
 *fill*         0x000000c0      0x340 ff
 *(.rom_registers*)
 .rom_registers
                0x00000400       0x3c ./ra/fsp/src/bsp/mcu/all/bsp_rom_registers.o
                0x00000500                . = (OPTION_SETTING_LENGTH > 0x0)?.:(__ROM_Start + 0x500)
 *fill*         0x0000043c       0xc4 ff
                0x00000500                . = ALIGN (0x80)
 *(.mcuboot_sce9_key*)
 *(.text*)
 .text          0x00000500       0x50 c:/renesas/ra/e2studio_v2023-04_fsp_v4.4.0/toolchains/gcc_arm/gcc-arm-none-eabi-10.3-2021.10/bin/../lib/gcc/arm-none-eabi/10.3.1/thumb/v8-m.base/nofp/crtbegin.o
 .text.Wifi_get_weather
                0x00000550       0x54 ./src/user_wifi/use_wifi.o
                0x00000550                Wifi_get_weather
 .text.Wifi_state_inquire
                0x000005a4       0xd4 ./src/user_wifi/use_wifi.o
                0x000005a4                Wifi_state_inquire
 .text.WiFi_data_Upload
                0x00000678       0xa0 ./src/user_wifi/use_wifi.o
                0x00000678                WiFi_data_Upload
 .text.WiFi_data_Upload_Timing_Report
                0x00000718       0x38 ./src/user_wifi/use_wifi.o
                0x00000718                WiFi_data_Upload_Timing_Report
 .text.ntc10k_3950_temp_data
                0x00000750       0xec ./src/user_ntc_3950_10k_read/user_ntc_3950_10k_read.o
                0x00000750                ntc10k_3950_temp_data
 .text.Read_Temperature_Display
                0x0000083c       0x4c ./src/user_ntc_3950_10k_read/user_ntc_3950_10k_read.o
                0x0000083c                Read_Temperature_Display
 .text.itoa     0x00000888       0x98 ./src/user_ntc_3950_10k_read/user_ntc_3950_10k_read.o
                0x00000888                itoa
 .text.SPI_SendByte
                0x00000920       0x78 ./src/user_lcd_driver/user_lcd_driver.o
                0x00000920                SPI_SendByte
 .text.SPI_SendByte_16
                0x00000998       0x78 ./src/user_lcd_driver/user_lcd_driver.o
                0x00000998                SPI_SendByte_16
 .text.TFT_full
                0x00000a10      0x2e8 ./src/user_lcd_driver/user_lcd_driver.o
                0x00000a10                TFT_full
 .text.TFT_init
                0x00000cf8      0xb7c ./src/user_lcd_driver/user_lcd_driver.o
                0x00000cf8                TFT_init
 .text.display_char16_16
                0x00001874      0x3d8 ./src/user_lcd_driver/user_lcd_driver.o
                0x00001874                display_char16_16
 .text.show_BJ_Piceute
                0x00001c4c        0xc ./src/user_lcd_driver/user_lcd_driver.o
                0x00001c4c                show_BJ_Piceute
 .text.LCD_integer_and_decimal_display
                0x00001c58      0x110 ./src/user_lcd_driver/user_lcd_driver.o
                0x00001c58                LCD_integer_and_decimal_display
 .text.GPT_Timing_Init
                0x00001d68       0x2c ./src/user_ir_send/user_ir_send.o
                0x00001d68                GPT_Timing_Init
 .text.gpt0_timing_callback
                0x00001d94       0x50 ./src/user_ir_send/user_ir_send.o
                0x00001d94                gpt0_timing_callback
 .text.gpt7_timing_callback
                0x00001de4       0x18 ./src/user_ir_send/user_ir_send.o
                0x00001de4                gpt7_timing_callback
 .text.debug_uart1_Init.part.0
                0x00001dfc       0x20 ./src/user_bsp_uart/user_bsp_uart.o
 .text.User_uart2_Init.part.0
                0x00001e1c       0x20 ./src/user_bsp_uart/user_bsp_uart.o
 .text.User_uart9_Init.part.0
                0x00001e3c       0x20 ./src/user_bsp_uart/user_bsp_uart.o
 .text.Receive_weather_by_UART1.part.0
                0x00001e5c       0xec ./src/user_bsp_uart/user_bsp_uart.o
 .text.Receive_wifi_state_by_UATR1.part.0
                0x00001f48       0x60 ./src/user_bsp_uart/user_bsp_uart.o
 .text.ALL_Uart_Init
                0x00001fa8       0x54 ./src/user_bsp_uart/user_bsp_uart.o
                0x00001fa8                ALL_Uart_Init
 .text.User_UART2_Callback
                0x00001ffc       0x30 ./src/user_bsp_uart/user_bsp_uart.o
                0x00001ffc                User_UART2_Callback
 .text.User_UART9_Callback
                0x0000202c       0x14 ./src/user_bsp_uart/user_bsp_uart.o
                0x0000202c                User_UART9_Callback
 .text.User_UART1_Callback
                0x00002040       0x84 ./src/user_bsp_uart/user_bsp_uart.o
                0x00002040                User_UART1_Callback
 .text._write   0x000020c4       0x28 ./src/user_bsp_uart/user_bsp_uart.o
                0x000020c4                _write
 .text.UART1_Receive_Weather_init_flag
                0x000020ec        0xc ./src/user_bsp_uart/user_bsp_uart.o
                0x000020ec                UART1_Receive_Weather_init_flag
 .text.Set_wifi_get_weather_init_flag
                0x000020f8       0x10 ./src/user_bsp_uart/user_bsp_uart.o
                0x000020f8                Set_wifi_get_weather_init_flag
 .text.Send_get_wifi_state_by_UART1
                0x00002108       0x58 ./src/user_bsp_uart/user_bsp_uart.o
                0x00002108                Send_get_wifi_state_by_UART1
 .text.Send_get_weather_by_UART1
                0x00002160       0x4c ./src/user_bsp_uart/user_bsp_uart.o
                0x00002160                Send_get_weather_by_UART1
 .text.Send_wifi_in_softAP_by_UART1
                0x000021ac       0x4c ./src/user_bsp_uart/user_bsp_uart.o
                0x000021ac                Send_wifi_in_softAP_by_UART1
 .text.Receive_wifi_in_softAP_by_UATR1
                0x000021f8       0x60 ./src/user_bsp_uart/user_bsp_uart.o
                0x000021f8                Receive_wifi_in_softAP_by_UATR1
 .text.Receive_wifi_command_by_UATR1
                0x00002258       0x88 ./src/user_bsp_uart/user_bsp_uart.o
                0x00002258                Receive_wifi_command_by_UATR1
 .text.WiFi_Uart_Receive_All
                0x000022e0       0x74 ./src/user_bsp_uart/user_bsp_uart.o
                0x000022e0                WiFi_Uart_Receive_All
 .text.Wifi_state
                0x00002354       0x5c ./src/user_bsp_uart/user_bsp_uart.o
                0x00002354                Wifi_state
 .text.Uart1_send
                0x000023b0       0x28 ./src/user_bsp_uart/user_bsp_uart.o
                0x000023b0                Uart1_send
 .text.RTC_Init
                0x000023d8       0x44 ./src/user_bsp_rtc/user_bsp_rtc.o
                0x000023d8                RTC_Init
 .text.rtc_callback
                0x0000241c       0x54 ./src/user_bsp_rtc/user_bsp_rtc.o
                0x0000241c                rtc_callback
 .text.rtc_minute_30_read
                0x00002470       0x58 ./src/user_bsp_rtc/user_bsp_rtc.o
                0x00002470                rtc_minute_30_read
 .text.GPT_InputCapture_Init
                0x000024c8       0x44 ./src/user_bsp_gpt_pwm/user_bsp_gpt_pwm.o
                0x000024c8                GPT_InputCapture_Init
 .text.gpt9_input_capture_callback
                0x0000250c      0x2a4 ./src/user_bsp_gpt_pwm/user_bsp_gpt_pwm.o
                0x0000250c                gpt9_input_capture_callback
 .text.ir_receive_data_output
                0x000027b0       0x3c ./src/user_bsp_gpt_pwm/user_bsp_gpt_pwm.o
                0x000027b0                ir_receive_data_output
 .text.GPIO_Init
                0x000027ec       0x1c ./src/user_bsp_gpio/user_bsp_gpio.o
                0x000027ec                GPIO_Init
 .text.Power_Input_Init
                0x00002808       0x44 ./src/user_bsp_gpio/user_bsp_gpio.o
                0x00002808                Power_Input_Init
 .text.power_in_irq_callback
                0x0000284c       0x90 ./src/user_bsp_gpio/user_bsp_gpio.o
                0x0000284c                power_in_irq_callback
 .text.ADC_Init
                0x000028dc       0x4c ./src/user_bsp_adc/user_bsp_adc.o
                0x000028dc                ADC_Init
 .text.adc_callback
                0x00002928       0x10 ./src/user_bsp_adc/user_bsp_adc.o
                0x00002928                adc_callback
 .text.Read_ADC_Voltage_Value
                0x00002938       0x64 ./src/user_bsp_adc/user_bsp_adc.o
                0x00002938                Read_ADC_Voltage_Value
 .text.SysTick_Init
                0x0000299c       0x6c ./src/user_bsp_SysTick/user_bsp_SysTick.o
                0x0000299c                SysTick_Init
 .text.TaskRemarks
                0x00002a08       0x28 ./src/user_bsp_SysTick/user_bsp_SysTick.o
                0x00002a08                TaskRemarks
 .text.SysTick_Handler
                0x00002a30        0x8 ./src/user_bsp_SysTick/user_bsp_SysTick.o
                0x00002a30                SysTick_Handler
 .text.TaskProcess
                0x00002a38       0x24 ./src/user_bsp_SysTick/user_bsp_SysTick.o
                0x00002a38                TaskProcess
 .text.DHT11_Init
                0x00002a5c       0x60 ./src/user_DHT11/user_dht11.o
                0x00002a5c                DHT11_Init
 .text.DHT11_Read_Byte
                0x00002abc       0xb4 ./src/user_DHT11/user_dht11.o
                0x00002abc                DHT11_Read_Byte
 .text.DHT11_Read
                0x00002b70      0x114 ./src/user_DHT11/user_dht11.o
                0x00002b70                DHT11_Read
 .text.Read_H_Display
                0x00002c84       0x34 ./src/user_DHT11/user_dht11.o
                0x00002c84                Read_H_Display
 .text.System_Init
                0x00002cb8       0xf8 ./src/hal_entry.o
                0x00002cb8                System_Init
 .text.hal_entry
                0x00002db0       0x1c ./src/hal_entry.o
                0x00002db0                hal_entry
 .text.R_BSP_WarmStart
                0x00002dcc       0x38 ./src/hal_entry.o
                0x00002dcc                R_BSP_WarmStart
 .text.startup.main
                0x00002e04        0xc ./ra_gen/main.o
                0x00002e04                main
 .text.R_SCI_UART_Write
                0x00002e10       0x40 ./ra/fsp/src/r_sci_uart/r_sci_uart.o
                0x00002e10                R_SCI_UART_Write
 .text.r_sci_irq_cfg
                0x00002e50       0x88 ./ra/fsp/src/r_sci_uart/r_sci_uart.o
 .text.r_sci_uart_call_callback
                0x00002ed8       0x50 ./ra/fsp/src/r_sci_uart/r_sci_uart.o
 .text.R_SCI_UART_Open
                0x00002f28      0x2a8 ./ra/fsp/src/r_sci_uart/r_sci_uart.o
                0x00002f28                R_SCI_UART_Open
 .text.sci_uart_txi_isr
                0x000031d0       0x94 ./ra/fsp/src/r_sci_uart/r_sci_uart.o
                0x000031d0                sci_uart_txi_isr
 .text.sci_uart_rxi_isr
                0x00003264       0xa0 ./ra/fsp/src/r_sci_uart/r_sci_uart.o
                0x00003264                sci_uart_rxi_isr
 .text.sci_uart_tei_isr
                0x00003304       0x4c ./ra/fsp/src/r_sci_uart/r_sci_uart.o
                0x00003304                sci_uart_tei_isr
 .text.sci_uart_eri_isr
                0x00003350       0x78 ./ra/fsp/src/r_sci_uart/r_sci_uart.o
                0x00003350                sci_uart_eri_isr
 .text.R_RTC_Close
                0x000033c8       0xe0 ./ra/fsp/src/r_rtc/r_rtc.o
                0x000033c8                R_RTC_Close
 .text.R_RTC_CalendarAlarmGet
                0x000034a8       0xdc ./ra/fsp/src/r_rtc/r_rtc.o
                0x000034a8                R_RTC_CalendarAlarmGet
 .text.R_RTC_InfoGet
                0x00003584       0x1c ./ra/fsp/src/r_rtc/r_rtc.o
                0x00003584                R_RTC_InfoGet
 .text.R_RTC_CallbackSet
                0x000035a0        0xc ./ra/fsp/src/r_rtc/r_rtc.o
                0x000035a0                R_RTC_CallbackSet
 .text.r_rtc_set_clock_source
                0x000035ac       0x94 ./ra/fsp/src/r_rtc/r_rtc.o
 .text.R_RTC_ClockSourceSet
                0x00003640        0xc ./ra/fsp/src/r_rtc/r_rtc.o
                0x00003640                R_RTC_ClockSourceSet
 .text.R_RTC_CalendarTimeGet
                0x0000364c      0x1c8 ./ra/fsp/src/r_rtc/r_rtc.o
                0x0000364c                R_RTC_CalendarTimeGet
 .text.r_rtc_error_adjustment_set.isra.0
                0x00003814       0xb0 ./ra/fsp/src/r_rtc/r_rtc.o
 .text.R_RTC_CalendarTimeSet
                0x000038c4       0xf4 ./ra/fsp/src/r_rtc/r_rtc.o
                0x000038c4                R_RTC_CalendarTimeSet
 .text.R_RTC_ErrorAdjustmentSet
                0x000039b8       0x14 ./ra/fsp/src/r_rtc/r_rtc.o
                0x000039b8                R_RTC_ErrorAdjustmentSet
 .text.R_RTC_PeriodicIrqRateSet
                0x000039cc       0x88 ./ra/fsp/src/r_rtc/r_rtc.o
                0x000039cc                R_RTC_PeriodicIrqRateSet
 .text.R_RTC_CalendarAlarmSet
                0x00003a54      0x224 ./ra/fsp/src/r_rtc/r_rtc.o
                0x00003a54                R_RTC_CalendarAlarmSet
 .text.R_RTC_Open
                0x00003c78      0x108 ./ra/fsp/src/r_rtc/r_rtc.o
                0x00003c78                R_RTC_Open
 .text.rtc_alarm_periodic_isr
                0x00003d80       0x7c ./ra/fsp/src/r_rtc/r_rtc.o
                0x00003d80                rtc_alarm_periodic_isr
 .text.rtc_carry_isr
                0x00003dfc       0x34 ./ra/fsp/src/r_rtc/r_rtc.o
                0x00003dfc                rtc_carry_isr
 .text.R_IOPORT_Close
                0x00003e30        0x8 ./ra/fsp/src/r_ioport/r_ioport.o
                0x00003e30                R_IOPORT_Close
 .text.R_IOPORT_PinRead
                0x00003e38       0x24 ./ra/fsp/src/r_ioport/r_ioport.o
                0x00003e38                R_IOPORT_PinRead
 .text.R_IOPORT_PortRead
                0x00003e5c       0x18 ./ra/fsp/src/r_ioport/r_ioport.o
                0x00003e5c                R_IOPORT_PortRead
 .text.R_IOPORT_PortWrite
                0x00003e74       0x20 ./ra/fsp/src/r_ioport/r_ioport.o
                0x00003e74                R_IOPORT_PortWrite
 .text.R_IOPORT_PinWrite
                0x00003e94       0x28 ./ra/fsp/src/r_ioport/r_ioport.o
                0x00003e94                R_IOPORT_PinWrite
 .text.R_IOPORT_PortDirectionSet
                0x00003ebc       0x24 ./ra/fsp/src/r_ioport/r_ioport.o
                0x00003ebc                R_IOPORT_PortDirectionSet
 .text.R_IOPORT_PortEventInputRead
                0x00003ee0       0x18 ./ra/fsp/src/r_ioport/r_ioport.o
                0x00003ee0                R_IOPORT_PortEventInputRead
 .text.R_IOPORT_PinEventInputRead
                0x00003ef8       0x2c ./ra/fsp/src/r_ioport/r_ioport.o
                0x00003ef8                R_IOPORT_PinEventInputRead
 .text.R_IOPORT_PortEventOutputWrite
                0x00003f24       0x20 ./ra/fsp/src/r_ioport/r_ioport.o
                0x00003f24                R_IOPORT_PortEventOutputWrite
 .text.R_IOPORT_PinEventOutputWrite
                0x00003f44       0x4c ./ra/fsp/src/r_ioport/r_ioport.o
                0x00003f44                R_IOPORT_PinEventOutputWrite
 .text.r_ioport_pins_config
                0x00003f90       0xf8 ./ra/fsp/src/r_ioport/r_ioport.o
 .text.R_IOPORT_Open
                0x00004088       0x18 ./ra/fsp/src/r_ioport/r_ioport.o
                0x00004088                R_IOPORT_Open
 .text.R_IOPORT_PinsCfg
                0x000040a0        0xc ./ra/fsp/src/r_ioport/r_ioport.o
                0x000040a0                R_IOPORT_PinsCfg
 .text.R_IOPORT_PinCfg
                0x000040ac       0xa0 ./ra/fsp/src/r_ioport/r_ioport.o
                0x000040ac                R_IOPORT_PinCfg
 .text.iic_master_notify
                0x0000414c       0x34 ./ra/fsp/src/r_iic_master/r_iic_master.o
 .text.iic_master_open_hw_master
                0x00004180      0x268 ./ra/fsp/src/r_iic_master/r_iic_master.o
 .text.iic_master_rxi_isr
                0x000043e8      0x13c ./ra/fsp/src/r_iic_master/r_iic_master.o
                0x000043e8                iic_master_rxi_isr
 .text.iic_master_txi_isr
                0x00004524       0xf8 ./ra/fsp/src/r_iic_master/r_iic_master.o
                0x00004524                iic_master_txi_isr
 .text.iic_master_tei_isr
                0x0000461c       0xc8 ./ra/fsp/src/r_iic_master/r_iic_master.o
                0x0000461c                iic_master_tei_isr
 .text.iic_master_eri_isr
                0x000046e4      0x11c ./ra/fsp/src/r_iic_master/r_iic_master.o
                0x000046e4                iic_master_eri_isr
 .text.R_ICU_ExternalIrqOpen
                0x00004800       0xb0 ./ra/fsp/src/r_icu/r_icu.o
                0x00004800                R_ICU_ExternalIrqOpen
 .text.R_ICU_ExternalIrqEnable
                0x000048b0       0x4c ./ra/fsp/src/r_icu/r_icu.o
                0x000048b0                R_ICU_ExternalIrqEnable
 .text.r_icu_isr
                0x000048fc       0x78 ./ra/fsp/src/r_icu/r_icu.o
                0x000048fc                r_icu_isr
 .text.R_GPT_Start
                0x00004974        0xc ./ra/fsp/src/r_gpt/r_gpt.o
                0x00004974                R_GPT_Start
 .text.R_GPT_Enable
                0x00004980       0x2c ./ra/fsp/src/r_gpt/r_gpt.o
                0x00004980                R_GPT_Enable
 .text.r_gpt_call_callback
                0x000049ac       0x40 ./ra/fsp/src/r_gpt/r_gpt.o
 .text.r_gpt_capture_common_isr
                0x000049ec       0xc4 ./ra/fsp/src/r_gpt/r_gpt.o
 .text.R_GPT_InfoGet
                0x00004ab0       0x40 ./ra/fsp/src/r_gpt/r_gpt.o
                0x00004ab0                R_GPT_InfoGet
 .text.gpt_calculate_duty_cycle.isra.0
                0x00004af0       0x60 ./ra/fsp/src/r_gpt/r_gpt.o
 .text.r_gpt_enable_irq
                0x00004b50       0x94 ./ra/fsp/src/r_gpt/r_gpt.o
 .text.R_GPT_Open
                0x00004be4      0x2c4 ./ra/fsp/src/r_gpt/r_gpt.o
                0x00004be4                R_GPT_Open
 .text.gpt_counter_overflow_isr
                0x00004ea8       0xa8 ./ra/fsp/src/r_gpt/r_gpt.o
                0x00004ea8                gpt_counter_overflow_isr
 .text.gpt_capture_a_isr
                0x00004f50        0xc ./ra/fsp/src/r_gpt/r_gpt.o
                0x00004f50                gpt_capture_a_isr
 .text.gpt_capture_b_isr
                0x00004f5c        0xc ./ra/fsp/src/r_gpt/r_gpt.o
                0x00004f5c                gpt_capture_b_isr
 .text.R_ADC_ScanStart
                0x00004f68        0xc ./ra/fsp/src/r_adc/r_adc.o
                0x00004f68                R_ADC_ScanStart
 .text.R_ADC_Read
                0x00004f74       0x10 ./ra/fsp/src/r_adc/r_adc.o
                0x00004f74                R_ADC_Read
 .text.r_adc_call_callback
                0x00004f84       0x3c ./ra/fsp/src/r_adc/r_adc.o
 .text.r_adc_scan_end_common_isr
                0x00004fc0       0x60 ./ra/fsp/src/r_adc/r_adc.o
 .text.r_adc_irq_enable.part.0
                0x00005020       0x8c ./ra/fsp/src/r_adc/r_adc.o
 .text.R_ADC_Open
                0x000050ac      0x170 ./ra/fsp/src/r_adc/r_adc.o
                0x000050ac                R_ADC_Open
 .text.R_ADC_ScanCfg
                0x0000521c      0x240 ./ra/fsp/src/r_adc/r_adc.o
                0x0000521c                R_ADC_ScanCfg
 .text.adc_scan_end_isr
                0x0000545c        0xc ./ra/fsp/src/r_adc/r_adc.o
                0x0000545c                adc_scan_end_isr
 .text.SystemCoreClockUpdate
                0x00005468       0x2c ./ra/fsp/src/bsp/mcu/all/bsp_clocks.o
                0x00005468                SystemCoreClockUpdate
 .text.bsp_clock_init
                0x00005494      0x140 ./ra/fsp/src/bsp/mcu/all/bsp_clocks.o
                0x00005494                bsp_clock_init
 .text.R_BSP_Init_RTC
                0x000055d4       0x10 ./ra/fsp/src/bsp/mcu/all/bsp_clocks.o
                0x000055d4                R_BSP_Init_RTC
 .text.bsp_init_internal
                0x000055e4        0x4 ./ra/fsp/src/bsp/mcu/all/bsp_common.o
                0x000055e4                bsp_init_internal
                0x000055e4                bsp_init
 .text.__assert_func
                0x000055e8        0x4 ./ra/fsp/src/bsp/mcu/all/bsp_common.o
                0x000055e8                __assert_func
 .text.bsp_prv_software_delay_loop
                0x000055ec        0x8 ./ra/fsp/src/bsp/mcu/all/bsp_delay.o
                0x000055ec                bsp_prv_software_delay_loop
 .text.R_BSP_SoftwareDelay
                0x000055f4       0x5c ./ra/fsp/src/bsp/mcu/all/bsp_delay.o
                0x000055f4                R_BSP_SoftwareDelay
 .text.NMI_Handler
                0x00005650       0x48 ./ra/fsp/src/bsp/mcu/all/bsp_group_irq.o
                0x00005650                NMI_Handler
 .text.bsp_irq_cfg
                0x00005698       0x28 ./ra/fsp/src/bsp/mcu/all/bsp_irq.o
                0x00005698                bsp_irq_cfg
 .text.R_BSP_RegisterProtectEnable
                0x000056c0       0x54 ./ra/fsp/src/bsp/mcu/all/bsp_register_protection.o
                0x000056c0                R_BSP_RegisterProtectEnable
 .text.R_BSP_RegisterProtectDisable
                0x00005714       0x4c ./ra/fsp/src/bsp/mcu/all/bsp_register_protection.o
                0x00005714                R_BSP_RegisterProtectDisable
 .text._sbrk    0x00005760       0x44 ./ra/fsp/src/bsp/mcu/all/bsp_sbrk.o
                0x00005760                _sbrk
 .text.Default_Handler
                0x000057a4        0x4 ./ra/fsp/src/bsp/cmsis/Device/RENESAS/Source/startup.o
                0x000057a4                DebugMon_Handler
                0x000057a4                HardFault_Handler
                0x000057a4                PendSV_Handler
                0x000057a4                UsageFault_Handler
                0x000057a4                SecureFault_Handler
                0x000057a4                Default_Handler
                0x000057a4                MemManage_Handler
                0x000057a4                SVC_Handler
                0x000057a4                BusFault_Handler
 .text.Reset_Handler
                0x000057a8        0xc ./ra/fsp/src/bsp/cmsis/Device/RENESAS/Source/startup.o
                0x000057a8                Reset_Handler
 .text.SystemInit
                0x000057b4      0x144 ./ra/fsp/src/bsp/cmsis/Device/RENESAS/Source/system.o
                0x000057b4                SystemInit
 .text          0x000058f8       0x3c c:/renesas/ra/e2studio_v2023-04_fsp_v4.4.0/toolchains/gcc_arm/gcc-arm-none-eabi-10.3-2021.10/bin/../lib/gcc/arm-none-eabi/10.3.1/thumb/v8-m.base/nofp\libgcc.a(_clzsi2.o)
                0x000058f8                __clzsi2
 .text          0x00005934       0x5c c:/renesas/ra/e2studio_v2023-04_fsp_v4.4.0/toolchains/gcc_arm/gcc-arm-none-eabi-10.3-2021.10/bin/../lib/gcc/arm-none-eabi/10.3.1/thumb/v8-m.base/nofp\libgcc.a(_muldi3.o)
                0x00005934                __muldi3
                0x00005934                __aeabi_lmul
 .text          0x00005990      0x6b4 c:/renesas/ra/e2studio_v2023-04_fsp_v4.4.0/toolchains/gcc_arm/gcc-arm-none-eabi-10.3-2021.10/bin/../lib/gcc/arm-none-eabi/10.3.1/thumb/v8-m.base/nofp\libgcc.a(adddf3.o)
                0x00005990                __aeabi_dadd
 .text          0x00006044      0x638 c:/renesas/ra/e2studio_v2023-04_fsp_v4.4.0/toolchains/gcc_arm/gcc-arm-none-eabi-10.3-2021.10/bin/../lib/gcc/arm-none-eabi/10.3.1/thumb/v8-m.base/nofp\libgcc.a(divdf3.o)
                0x00006044                __aeabi_ddiv
 .text          0x0000667c      0x50c c:/renesas/ra/e2studio_v2023-04_fsp_v4.4.0/toolchains/gcc_arm/gcc-arm-none-eabi-10.3-2021.10/bin/../lib/gcc/arm-none-eabi/10.3.1/thumb/v8-m.base/nofp\libgcc.a(muldf3.o)
                0x0000667c                __aeabi_dmul
 .text          0x00006b88      0x724 c:/renesas/ra/e2studio_v2023-04_fsp_v4.4.0/toolchains/gcc_arm/gcc-arm-none-eabi-10.3-2021.10/bin/../lib/gcc/arm-none-eabi/10.3.1/thumb/v8-m.base/nofp\libgcc.a(subdf3.o)
                0x00006b88                __aeabi_dsub
 .text          0x000072ac       0x64 c:/renesas/ra/e2studio_v2023-04_fsp_v4.4.0/toolchains/gcc_arm/gcc-arm-none-eabi-10.3-2021.10/bin/../lib/gcc/arm-none-eabi/10.3.1/thumb/v8-m.base/nofp\libgcc.a(fixdfsi.o)
                0x000072ac                __aeabi_d2iz
 .text          0x00007310       0x60 c:/renesas/ra/e2studio_v2023-04_fsp_v4.4.0/toolchains/gcc_arm/gcc-arm-none-eabi-10.3-2021.10/bin/../lib/gcc/arm-none-eabi/10.3.1/thumb/v8-m.base/nofp\libgcc.a(floatsidf.o)
                0x00007310                __aeabi_i2d
 .text.__errno  0x00007370        0xc c:/renesas/ra/e2studio_v2023-04_fsp_v4.4.0/toolchains/gcc_arm/gcc-arm-none-eabi-10.3-2021.10/bin/../lib/gcc/arm-none-eabi/10.3.1/../../../../arm-none-eabi/lib/thumb/v8-m.base/nofp\libg_nano.a(lib_a-errno.o)
                0x00007370                __errno
 .text.malloc   0x0000737c       0x14 c:/renesas/ra/e2studio_v2023-04_fsp_v4.4.0/toolchains/gcc_arm/gcc-arm-none-eabi-10.3-2021.10/bin/../lib/gcc/arm-none-eabi/10.3.1/../../../../arm-none-eabi/lib/thumb/v8-m.base/nofp\libg_nano.a(lib_a-malloc.o)
                0x0000737c                malloc
 .text.free     0x00007390       0x14 c:/renesas/ra/e2studio_v2023-04_fsp_v4.4.0/toolchains/gcc_arm/gcc-arm-none-eabi-10.3-2021.10/bin/../lib/gcc/arm-none-eabi/10.3.1/../../../../arm-none-eabi/lib/thumb/v8-m.base/nofp\libg_nano.a(lib_a-malloc.o)
                0x00007390                free
 .text.memcpy   0x000073a4       0x12 c:/renesas/ra/e2studio_v2023-04_fsp_v4.4.0/toolchains/gcc_arm/gcc-arm-none-eabi-10.3-2021.10/bin/../lib/gcc/arm-none-eabi/10.3.1/../../../../arm-none-eabi/lib/thumb/v8-m.base/nofp\libg_nano.a(lib_a-memcpy-stub.o)
                0x000073a4                memcpy
 .text.memset   0x000073b6       0x10 c:/renesas/ra/e2studio_v2023-04_fsp_v4.4.0/toolchains/gcc_arm/gcc-arm-none-eabi-10.3-2021.10/bin/../lib/gcc/arm-none-eabi/10.3.1/../../../../arm-none-eabi/lib/thumb/v8-m.base/nofp\libg_nano.a(lib_a-memset.o)
                0x000073b6                memset
 *fill*         0x000073c6        0x2 ff
 .text._free_r  0x000073c8       0x8c c:/renesas/ra/e2studio_v2023-04_fsp_v4.4.0/toolchains/gcc_arm/gcc-arm-none-eabi-10.3-2021.10/bin/../lib/gcc/arm-none-eabi/10.3.1/../../../../arm-none-eabi/lib/thumb/v8-m.base/nofp\libg_nano.a(lib_a-nano-freer.o)
                0x000073c8                _free_r
 .text.sbrk_aligned
                0x00007454       0x40 c:/renesas/ra/e2studio_v2023-04_fsp_v4.4.0/toolchains/gcc_arm/gcc-arm-none-eabi-10.3-2021.10/bin/../lib/gcc/arm-none-eabi/10.3.1/../../../../arm-none-eabi/lib/thumb/v8-m.base/nofp\libg_nano.a(lib_a-nano-mallocr.o)
 .text._malloc_r
                0x00007494       0xec c:/renesas/ra/e2studio_v2023-04_fsp_v4.4.0/toolchains/gcc_arm/gcc-arm-none-eabi-10.3-2021.10/bin/../lib/gcc/arm-none-eabi/10.3.1/../../../../arm-none-eabi/lib/thumb/v8-m.base/nofp\libg_nano.a(lib_a-nano-mallocr.o)
                0x00007494                _malloc_r
 .text.__cvt    0x00007580       0xc2 c:/renesas/ra/e2studio_v2023-04_fsp_v4.4.0/toolchains/gcc_arm/gcc-arm-none-eabi-10.3-2021.10/bin/../lib/gcc/arm-none-eabi/10.3.1/../../../../arm-none-eabi/lib/thumb/v8-m.base/nofp\libg_nano.a(lib_a-nano-vfprintf_float.o)
                0x00007580                __cvt
 .text.__exponent
                0x00007642       0x70 c:/renesas/ra/e2studio_v2023-04_fsp_v4.4.0/toolchains/gcc_arm/gcc-arm-none-eabi-10.3-2021.10/bin/../lib/gcc/arm-none-eabi/10.3.1/../../../../arm-none-eabi/lib/thumb/v8-m.base/nofp\libg_nano.a(lib_a-nano-vfprintf_float.o)
                0x00007642                __exponent
 *fill*         0x000076b2        0x2 ff
 .text._printf_float
                0x000076b4      0x478 c:/renesas/ra/e2studio_v2023-04_fsp_v4.4.0/toolchains/gcc_arm/gcc-arm-none-eabi-10.3-2021.10/bin/../lib/gcc/arm-none-eabi/10.3.1/../../../../arm-none-eabi/lib/thumb/v8-m.base/nofp\libg_nano.a(lib_a-nano-vfprintf_float.o)
                0x000076b4                _printf_float
 .text._printf_common
                0x00007b2c       0xdc c:/renesas/ra/e2studio_v2023-04_fsp_v4.4.0/toolchains/gcc_arm/gcc-arm-none-eabi-10.3-2021.10/bin/../lib/gcc/arm-none-eabi/10.3.1/../../../../arm-none-eabi/lib/thumb/v8-m.base/nofp\libg_nano.a(lib_a-nano-vfprintf_i.o)
                0x00007b2c                _printf_common
 .text._printf_i
                0x00007c08      0x218 c:/renesas/ra/e2studio_v2023-04_fsp_v4.4.0/toolchains/gcc_arm/gcc-arm-none-eabi-10.3-2021.10/bin/../lib/gcc/arm-none-eabi/10.3.1/../../../../arm-none-eabi/lib/thumb/v8-m.base/nofp\libg_nano.a(lib_a-nano-vfprintf_i.o)
                0x00007c08                _printf_i
 .text.printf   0x00007e20       0x30 c:/renesas/ra/e2studio_v2023-04_fsp_v4.4.0/toolchains/gcc_arm/gcc-arm-none-eabi-10.3-2021.10/bin/../lib/gcc/arm-none-eabi/10.3.1/../../../../arm-none-eabi/lib/thumb/v8-m.base/nofp\libg_nano.a(lib_a-printf.o)
                0x00007e20                iprintf
                0x00007e20                printf
 .text._sbrk_r  0x00007e50       0x20 c:/renesas/ra/e2studio_v2023-04_fsp_v4.4.0/toolchains/gcc_arm/gcc-arm-none-eabi-10.3-2021.10/bin/../lib/gcc/arm-none-eabi/10.3.1/../../../../arm-none-eabi/lib/thumb/v8-m.base/nofp\libg_nano.a(lib_a-sbrkr.o)
                0x00007e50                _sbrk_r
 .text          0x00007e70        0xe c:/renesas/ra/e2studio_v2023-04_fsp_v4.4.0/toolchains/gcc_arm/gcc-arm-none-eabi-10.3-2021.10/bin/../lib/gcc/arm-none-eabi/10.3.1/../../../../arm-none-eabi/lib/thumb/v8-m.base/nofp\libg_nano.a(lib_a-strlen.o)
                0x00007e70                strlen
 .text.quorem   0x00007e7e      0x10c c:/renesas/ra/e2studio_v2023-04_fsp_v4.4.0/toolchains/gcc_arm/gcc-arm-none-eabi-10.3-2021.10/bin/../lib/gcc/arm-none-eabi/10.3.1/../../../../arm-none-eabi/lib/thumb/v8-m.base/nofp\libg_nano.a(lib_a-dtoa.o)
 *fill*         0x00007f8a        0x2 ff
 .text._dtoa_r  0x00007f8c      0xc20 c:/renesas/ra/e2studio_v2023-04_fsp_v4.4.0/toolchains/gcc_arm/gcc-arm-none-eabi-10.3-2021.10/bin/../lib/gcc/arm-none-eabi/10.3.1/../../../../arm-none-eabi/lib/thumb/v8-m.base/nofp\libg_nano.a(lib_a-dtoa.o)
                0x00007f8c                _dtoa_r
 .text.std      0x00008bac       0x48 c:/renesas/ra/e2studio_v2023-04_fsp_v4.4.0/toolchains/gcc_arm/gcc-arm-none-eabi-10.3-2021.10/bin/../lib/gcc/arm-none-eabi/10.3.1/../../../../arm-none-eabi/lib/thumb/v8-m.base/nofp\libg_nano.a(lib_a-findfp.o)
 .text._cleanup_r
                0x00008bf4       0x10 c:/renesas/ra/e2studio_v2023-04_fsp_v4.4.0/toolchains/gcc_arm/gcc-arm-none-eabi-10.3-2021.10/bin/../lib/gcc/arm-none-eabi/10.3.1/../../../../arm-none-eabi/lib/thumb/v8-m.base/nofp\libg_nano.a(lib_a-findfp.o)
                0x00008bf4                _cleanup_r
 .text.__sfmoreglue
                0x00008c04       0x2c c:/renesas/ra/e2studio_v2023-04_fsp_v4.4.0/toolchains/gcc_arm/gcc-arm-none-eabi-10.3-2021.10/bin/../lib/gcc/arm-none-eabi/10.3.1/../../../../arm-none-eabi/lib/thumb/v8-m.base/nofp\libg_nano.a(lib_a-findfp.o)
                0x00008c04                __sfmoreglue
 .text.__sfp_lock_acquire
                0x00008c30       0x10 c:/renesas/ra/e2studio_v2023-04_fsp_v4.4.0/toolchains/gcc_arm/gcc-arm-none-eabi-10.3-2021.10/bin/../lib/gcc/arm-none-eabi/10.3.1/../../../../arm-none-eabi/lib/thumb/v8-m.base/nofp\libg_nano.a(lib_a-findfp.o)
                0x00008c30                __sfp_lock_acquire
 .text.__sfp_lock_release
                0x00008c40       0x10 c:/renesas/ra/e2studio_v2023-04_fsp_v4.4.0/toolchains/gcc_arm/gcc-arm-none-eabi-10.3-2021.10/bin/../lib/gcc/arm-none-eabi/10.3.1/../../../../arm-none-eabi/lib/thumb/v8-m.base/nofp\libg_nano.a(lib_a-findfp.o)
                0x00008c40                __sfp_lock_release
 .text.__sinit_lock_acquire
                0x00008c50       0x10 c:/renesas/ra/e2studio_v2023-04_fsp_v4.4.0/toolchains/gcc_arm/gcc-arm-none-eabi-10.3-2021.10/bin/../lib/gcc/arm-none-eabi/10.3.1/../../../../arm-none-eabi/lib/thumb/v8-m.base/nofp\libg_nano.a(lib_a-findfp.o)
                0x00008c50                __sinit_lock_acquire
 .text.__sinit_lock_release
                0x00008c60       0x10 c:/renesas/ra/e2studio_v2023-04_fsp_v4.4.0/toolchains/gcc_arm/gcc-arm-none-eabi-10.3-2021.10/bin/../lib/gcc/arm-none-eabi/10.3.1/../../../../arm-none-eabi/lib/thumb/v8-m.base/nofp\libg_nano.a(lib_a-findfp.o)
                0x00008c60                __sinit_lock_release
 .text.__sinit  0x00008c70       0x70 c:/renesas/ra/e2studio_v2023-04_fsp_v4.4.0/toolchains/gcc_arm/gcc-arm-none-eabi-10.3-2021.10/bin/../lib/gcc/arm-none-eabi/10.3.1/../../../../arm-none-eabi/lib/thumb/v8-m.base/nofp\libg_nano.a(lib_a-findfp.o)
                0x00008c70                __sinit
 .text.__sfp    0x00008ce0       0x8c c:/renesas/ra/e2studio_v2023-04_fsp_v4.4.0/toolchains/gcc_arm/gcc-arm-none-eabi-10.3-2021.10/bin/../lib/gcc/arm-none-eabi/10.3.1/../../../../arm-none-eabi/lib/thumb/v8-m.base/nofp\libg_nano.a(lib_a-findfp.o)
                0x00008ce0                __sfp
 .text._fwalk_reent
                0x00008d6c       0x40 c:/renesas/ra/e2studio_v2023-04_fsp_v4.4.0/toolchains/gcc_arm/gcc-arm-none-eabi-10.3-2021.10/bin/../lib/gcc/arm-none-eabi/10.3.1/../../../../arm-none-eabi/lib/thumb/v8-m.base/nofp\libg_nano.a(lib_a-fwalk.o)
                0x00008d6c                _fwalk_reent
 .text._localeconv_r
                0x00008dac        0x8 c:/renesas/ra/e2studio_v2023-04_fsp_v4.4.0/toolchains/gcc_arm/gcc-arm-none-eabi-10.3-2021.10/bin/../lib/gcc/arm-none-eabi/10.3.1/../../../../arm-none-eabi/lib/thumb/v8-m.base/nofp\libg_nano.a(lib_a-localeconv.o)
                0x00008dac                _localeconv_r
 .text.__retarget_lock_init_recursive
                0x00008db4        0x2 c:/renesas/ra/e2studio_v2023-04_fsp_v4.4.0/toolchains/gcc_arm/gcc-arm-none-eabi-10.3-2021.10/bin/../lib/gcc/arm-none-eabi/10.3.1/../../../../arm-none-eabi/lib/thumb/v8-m.base/nofp\libg_nano.a(lib_a-lock.o)
                0x00008db4                __retarget_lock_init_recursive
 .text.__retarget_lock_acquire_recursive
                0x00008db6        0x2 c:/renesas/ra/e2studio_v2023-04_fsp_v4.4.0/toolchains/gcc_arm/gcc-arm-none-eabi-10.3-2021.10/bin/../lib/gcc/arm-none-eabi/10.3.1/../../../../arm-none-eabi/lib/thumb/v8-m.base/nofp\libg_nano.a(lib_a-lock.o)
                0x00008db6                __retarget_lock_acquire_recursive
 .text.__retarget_lock_release_recursive
                0x00008db8        0x2 c:/renesas/ra/e2studio_v2023-04_fsp_v4.4.0/toolchains/gcc_arm/gcc-arm-none-eabi-10.3-2021.10/bin/../lib/gcc/arm-none-eabi/10.3.1/../../../../arm-none-eabi/lib/thumb/v8-m.base/nofp\libg_nano.a(lib_a-lock.o)
                0x00008db8                __retarget_lock_release_recursive
 .text.memchr   0x00008dba       0x16 c:/renesas/ra/e2studio_v2023-04_fsp_v4.4.0/toolchains/gcc_arm/gcc-arm-none-eabi-10.3-2021.10/bin/../lib/gcc/arm-none-eabi/10.3.1/../../../../arm-none-eabi/lib/thumb/v8-m.base/nofp\libg_nano.a(lib_a-memchr-stub.o)
                0x00008dba                memchr
 .text.__malloc_lock
                0x00008dd0       0x10 c:/renesas/ra/e2studio_v2023-04_fsp_v4.4.0/toolchains/gcc_arm/gcc-arm-none-eabi-10.3-2021.10/bin/../lib/gcc/arm-none-eabi/10.3.1/../../../../arm-none-eabi/lib/thumb/v8-m.base/nofp\libg_nano.a(lib_a-mlock.o)
                0x00008dd0                __malloc_lock
 .text.__malloc_unlock
                0x00008de0       0x10 c:/renesas/ra/e2studio_v2023-04_fsp_v4.4.0/toolchains/gcc_arm/gcc-arm-none-eabi-10.3-2021.10/bin/../lib/gcc/arm-none-eabi/10.3.1/../../../../arm-none-eabi/lib/thumb/v8-m.base/nofp\libg_nano.a(lib_a-mlock.o)
                0x00008de0                __malloc_unlock
 .text._Balloc  0x00008df0       0x80 c:/renesas/ra/e2studio_v2023-04_fsp_v4.4.0/toolchains/gcc_arm/gcc-arm-none-eabi-10.3-2021.10/bin/../lib/gcc/arm-none-eabi/10.3.1/../../../../arm-none-eabi/lib/thumb/v8-m.base/nofp\libg_nano.a(lib_a-mprec.o)
                0x00008df0                _Balloc
 .text._Bfree   0x00008e70       0x44 c:/renesas/ra/e2studio_v2023-04_fsp_v4.4.0/toolchains/gcc_arm/gcc-arm-none-eabi-10.3-2021.10/bin/../lib/gcc/arm-none-eabi/10.3.1/../../../../arm-none-eabi/lib/thumb/v8-m.base/nofp\libg_nano.a(lib_a-mprec.o)
                0x00008e70                _Bfree
 .text.__multadd
                0x00008eb4       0x84 c:/renesas/ra/e2studio_v2023-04_fsp_v4.4.0/toolchains/gcc_arm/gcc-arm-none-eabi-10.3-2021.10/bin/../lib/gcc/arm-none-eabi/10.3.1/../../../../arm-none-eabi/lib/thumb/v8-m.base/nofp\libg_nano.a(lib_a-mprec.o)
                0x00008eb4                __multadd
 .text.__hi0bits
                0x00008f38       0x32 c:/renesas/ra/e2studio_v2023-04_fsp_v4.4.0/toolchains/gcc_arm/gcc-arm-none-eabi-10.3-2021.10/bin/../lib/gcc/arm-none-eabi/10.3.1/../../../../arm-none-eabi/lib/thumb/v8-m.base/nofp\libg_nano.a(lib_a-mprec.o)
                0x00008f38                __hi0bits
 .text.__lo0bits
                0x00008f6a       0x5a c:/renesas/ra/e2studio_v2023-04_fsp_v4.4.0/toolchains/gcc_arm/gcc-arm-none-eabi-10.3-2021.10/bin/../lib/gcc/arm-none-eabi/10.3.1/../../../../arm-none-eabi/lib/thumb/v8-m.base/nofp\libg_nano.a(lib_a-mprec.o)
                0x00008f6a                __lo0bits
 .text.__i2b    0x00008fc4       0x2c c:/renesas/ra/e2studio_v2023-04_fsp_v4.4.0/toolchains/gcc_arm/gcc-arm-none-eabi-10.3-2021.10/bin/../lib/gcc/arm-none-eabi/10.3.1/../../../../arm-none-eabi/lib/thumb/v8-m.base/nofp\libg_nano.a(lib_a-mprec.o)
                0x00008fc4                __i2b
 .text.__multiply
                0x00008ff0      0x15c c:/renesas/ra/e2studio_v2023-04_fsp_v4.4.0/toolchains/gcc_arm/gcc-arm-none-eabi-10.3-2021.10/bin/../lib/gcc/arm-none-eabi/10.3.1/../../../../arm-none-eabi/lib/thumb/v8-m.base/nofp\libg_nano.a(lib_a-mprec.o)
                0x00008ff0                __multiply
 .text.__pow5mult
                0x0000914c       0xb0 c:/renesas/ra/e2studio_v2023-04_fsp_v4.4.0/toolchains/gcc_arm/gcc-arm-none-eabi-10.3-2021.10/bin/../lib/gcc/arm-none-eabi/10.3.1/../../../../arm-none-eabi/lib/thumb/v8-m.base/nofp\libg_nano.a(lib_a-mprec.o)
                0x0000914c                __pow5mult
 .text.__lshift
                0x000091fc       0xd8 c:/renesas/ra/e2studio_v2023-04_fsp_v4.4.0/toolchains/gcc_arm/gcc-arm-none-eabi-10.3-2021.10/bin/../lib/gcc/arm-none-eabi/10.3.1/../../../../arm-none-eabi/lib/thumb/v8-m.base/nofp\libg_nano.a(lib_a-mprec.o)
                0x000091fc                __lshift
 .text.__mcmp   0x000092d4       0x36 c:/renesas/ra/e2studio_v2023-04_fsp_v4.4.0/toolchains/gcc_arm/gcc-arm-none-eabi-10.3-2021.10/bin/../lib/gcc/arm-none-eabi/10.3.1/../../../../arm-none-eabi/lib/thumb/v8-m.base/nofp\libg_nano.a(lib_a-mprec.o)
                0x000092d4                __mcmp
 *fill*         0x0000930a        0x2 ff
 .text.__mdiff  0x0000930c      0x12c c:/renesas/ra/e2studio_v2023-04_fsp_v4.4.0/toolchains/gcc_arm/gcc-arm-none-eabi-10.3-2021.10/bin/../lib/gcc/arm-none-eabi/10.3.1/../../../../arm-none-eabi/lib/thumb/v8-m.base/nofp\libg_nano.a(lib_a-mprec.o)
                0x0000930c                __mdiff
 .text.__d2b    0x00009438       0xc0 c:/renesas/ra/e2studio_v2023-04_fsp_v4.4.0/toolchains/gcc_arm/gcc-arm-none-eabi-10.3-2021.10/bin/../lib/gcc/arm-none-eabi/10.3.1/../../../../arm-none-eabi/lib/thumb/v8-m.base/nofp\libg_nano.a(lib_a-mprec.o)
                0x00009438                __d2b
 .text._calloc_r
                0x000094f8       0x54 c:/renesas/ra/e2studio_v2023-04_fsp_v4.4.0/toolchains/gcc_arm/gcc-arm-none-eabi-10.3-2021.10/bin/../lib/gcc/arm-none-eabi/10.3.1/../../../../arm-none-eabi/lib/thumb/v8-m.base/nofp\libg_nano.a(lib_a-nano-callocr.o)
                0x000094f8                _calloc_r
 .text.__sfputc_r
                0x0000954c       0x2a c:/renesas/ra/e2studio_v2023-04_fsp_v4.4.0/toolchains/gcc_arm/gcc-arm-none-eabi-10.3-2021.10/bin/../lib/gcc/arm-none-eabi/10.3.1/../../../../arm-none-eabi/lib/thumb/v8-m.base/nofp\libg_nano.a(lib_a-nano-vfprintf.o)
 .text.__sfputs_r
                0x00009576       0x24 c:/renesas/ra/e2studio_v2023-04_fsp_v4.4.0/toolchains/gcc_arm/gcc-arm-none-eabi-10.3-2021.10/bin/../lib/gcc/arm-none-eabi/10.3.1/../../../../arm-none-eabi/lib/thumb/v8-m.base/nofp\libg_nano.a(lib_a-nano-vfprintf.o)
                0x00009576                __sfputs_r
 *fill*         0x0000959a        0x2 ff
 .text._vfprintf_r
                0x0000959c      0x264 c:/renesas/ra/e2studio_v2023-04_fsp_v4.4.0/toolchains/gcc_arm/gcc-arm-none-eabi-10.3-2021.10/bin/../lib/gcc/arm-none-eabi/10.3.1/../../../../arm-none-eabi/lib/thumb/v8-m.base/nofp\libg_nano.a(lib_a-nano-vfprintf.o)
                0x0000959c                _vfprintf_r
                0x0000959c                _vfiprintf_r
 .text.__sread  0x00009800       0x28 c:/renesas/ra/e2studio_v2023-04_fsp_v4.4.0/toolchains/gcc_arm/gcc-arm-none-eabi-10.3-2021.10/bin/../lib/gcc/arm-none-eabi/10.3.1/../../../../arm-none-eabi/lib/thumb/v8-m.base/nofp\libg_nano.a(lib_a-stdio.o)
                0x00009800                __sread
 .text.__swrite
                0x00009828       0x38 c:/renesas/ra/e2studio_v2023-04_fsp_v4.4.0/toolchains/gcc_arm/gcc-arm-none-eabi-10.3-2021.10/bin/../lib/gcc/arm-none-eabi/10.3.1/../../../../arm-none-eabi/lib/thumb/v8-m.base/nofp\libg_nano.a(lib_a-stdio.o)
                0x00009828                __swrite
 .text.__sseek  0x00009860       0x2c c:/renesas/ra/e2studio_v2023-04_fsp_v4.4.0/toolchains/gcc_arm/gcc-arm-none-eabi-10.3-2021.10/bin/../lib/gcc/arm-none-eabi/10.3.1/../../../../arm-none-eabi/lib/thumb/v8-m.base/nofp\libg_nano.a(lib_a-stdio.o)
                0x00009860                __sseek
 .text.__sclose
                0x0000988c        0xc c:/renesas/ra/e2studio_v2023-04_fsp_v4.4.0/toolchains/gcc_arm/gcc-arm-none-eabi-10.3-2021.10/bin/../lib/gcc/arm-none-eabi/10.3.1/../../../../arm-none-eabi/lib/thumb/v8-m.base/nofp\libg_nano.a(lib_a-stdio.o)
                0x0000988c                __sclose
 .text.__swbuf_r
                0x00009898       0xa4 c:/renesas/ra/e2studio_v2023-04_fsp_v4.4.0/toolchains/gcc_arm/gcc-arm-none-eabi-10.3-2021.10/bin/../lib/gcc/arm-none-eabi/10.3.1/../../../../arm-none-eabi/lib/thumb/v8-m.base/nofp\libg_nano.a(lib_a-wbuf.o)
                0x00009898                __swbuf_r
 .text._write_r
                0x0000993c       0x24 c:/renesas/ra/e2studio_v2023-04_fsp_v4.4.0/toolchains/gcc_arm/gcc-arm-none-eabi-10.3-2021.10/bin/../lib/gcc/arm-none-eabi/10.3.1/../../../../arm-none-eabi/lib/thumb/v8-m.base/nofp\libg_nano.a(lib_a-writer.o)
                0x0000993c                _write_r
 .text.__swsetup_r
                0x00009960       0xe8 c:/renesas/ra/e2studio_v2023-04_fsp_v4.4.0/toolchains/gcc_arm/gcc-arm-none-eabi-10.3-2021.10/bin/../lib/gcc/arm-none-eabi/10.3.1/../../../../arm-none-eabi/lib/thumb/v8-m.base/nofp\libg_nano.a(lib_a-wsetup.o)
                0x00009960                __swsetup_r
 .text._close_r
                0x00009a48       0x20 c:/renesas/ra/e2studio_v2023-04_fsp_v4.4.0/toolchains/gcc_arm/gcc-arm-none-eabi-10.3-2021.10/bin/../lib/gcc/arm-none-eabi/10.3.1/../../../../arm-none-eabi/lib/thumb/v8-m.base/nofp\libg_nano.a(lib_a-closer.o)
                0x00009a48                _close_r
 .text.__sflush_r
                0x00009a68      0x114 c:/renesas/ra/e2studio_v2023-04_fsp_v4.4.0/toolchains/gcc_arm/gcc-arm-none-eabi-10.3-2021.10/bin/../lib/gcc/arm-none-eabi/10.3.1/../../../../arm-none-eabi/lib/thumb/v8-m.base/nofp\libg_nano.a(lib_a-fflush.o)
                0x00009a68                __sflush_r
 .text._fflush_r
                0x00009b7c       0x78 c:/renesas/ra/e2studio_v2023-04_fsp_v4.4.0/toolchains/gcc_arm/gcc-arm-none-eabi-10.3-2021.10/bin/../lib/gcc/arm-none-eabi/10.3.1/../../../../arm-none-eabi/lib/thumb/v8-m.base/nofp\libg_nano.a(lib_a-fflush.o)
                0x00009b7c                _fflush_r
 .text._lseek_r
                0x00009bf4       0x24 c:/renesas/ra/e2studio_v2023-04_fsp_v4.4.0/toolchains/gcc_arm/gcc-arm-none-eabi-10.3-2021.10/bin/../lib/gcc/arm-none-eabi/10.3.1/../../../../arm-none-eabi/lib/thumb/v8-m.base/nofp\libg_nano.a(lib_a-lseekr.o)
                0x00009bf4                _lseek_r
 .text.__swhatbuf_r
                0x00009c18       0x50 c:/renesas/ra/e2studio_v2023-04_fsp_v4.4.0/toolchains/gcc_arm/gcc-arm-none-eabi-10.3-2021.10/bin/../lib/gcc/arm-none-eabi/10.3.1/../../../../arm-none-eabi/lib/thumb/v8-m.base/nofp\libg_nano.a(lib_a-makebuf.o)
                0x00009c18                __swhatbuf_r
 .text.__smakebuf_r
                0x00009c68       0x80 c:/renesas/ra/e2studio_v2023-04_fsp_v4.4.0/toolchains/gcc_arm/gcc-arm-none-eabi-10.3-2021.10/bin/../lib/gcc/arm-none-eabi/10.3.1/../../../../arm-none-eabi/lib/thumb/v8-m.base/nofp\libg_nano.a(lib_a-makebuf.o)
                0x00009c68                __smakebuf_r
 .text.__ascii_mbtowc
                0x00009ce8       0x20 c:/renesas/ra/e2studio_v2023-04_fsp_v4.4.0/toolchains/gcc_arm/gcc-arm-none-eabi-10.3-2021.10/bin/../lib/gcc/arm-none-eabi/10.3.1/../../../../arm-none-eabi/lib/thumb/v8-m.base/nofp\libg_nano.a(lib_a-mbtowc_r.o)
                0x00009ce8                __ascii_mbtowc
 .text._read_r  0x00009d08       0x24 c:/renesas/ra/e2studio_v2023-04_fsp_v4.4.0/toolchains/gcc_arm/gcc-arm-none-eabi-10.3-2021.10/bin/../lib/gcc/arm-none-eabi/10.3.1/../../../../arm-none-eabi/lib/thumb/v8-m.base/nofp\libg_nano.a(lib_a-readr.o)
                0x00009d08                _read_r
 .text.__ascii_wctomb
                0x00009d2c       0x1a c:/renesas/ra/e2studio_v2023-04_fsp_v4.4.0/toolchains/gcc_arm/gcc-arm-none-eabi-10.3-2021.10/bin/../lib/gcc/arm-none-eabi/10.3.1/../../../../arm-none-eabi/lib/thumb/v8-m.base/nofp\libg_nano.a(lib_a-wctomb_r.o)
                0x00009d2c                __ascii_wctomb
 *fill*         0x00009d46        0x2 ff
 .text._fstat_r
                0x00009d48       0x24 c:/renesas/ra/e2studio_v2023-04_fsp_v4.4.0/toolchains/gcc_arm/gcc-arm-none-eabi-10.3-2021.10/bin/../lib/gcc/arm-none-eabi/10.3.1/../../../../arm-none-eabi/lib/thumb/v8-m.base/nofp\libg_nano.a(lib_a-fstatr.o)
                0x00009d48                _fstat_r
 .text._isatty_r
                0x00009d6c       0x20 c:/renesas/ra/e2studio_v2023-04_fsp_v4.4.0/toolchains/gcc_arm/gcc-arm-none-eabi-10.3-2021.10/bin/../lib/gcc/arm-none-eabi/10.3.1/../../../../arm-none-eabi/lib/thumb/v8-m.base/nofp\libg_nano.a(lib_a-isattyr.o)
                0x00009d6c                _isatty_r
 .text          0x00009d8c       0x14 c:/renesas/ra/e2studio_v2023-04_fsp_v4.4.0/toolchains/gcc_arm/gcc-arm-none-eabi-10.3-2021.10/bin/../lib/gcc/arm-none-eabi/10.3.1/thumb/v8-m.base/nofp\libgcc.a(_thumb1_case_uqi.o)
                0x00009d8c                __gnu_thumb1_case_uqi
 .text          0x00009da0       0x14 c:/renesas/ra/e2studio_v2023-04_fsp_v4.4.0/toolchains/gcc_arm/gcc-arm-none-eabi-10.3-2021.10/bin/../lib/gcc/arm-none-eabi/10.3.1/thumb/v8-m.base/nofp\libgcc.a(_thumb1_case_shi.o)
                0x00009da0                __gnu_thumb1_case_shi
 .text          0x00009db4       0x7c c:/renesas/ra/e2studio_v2023-04_fsp_v4.4.0/toolchains/gcc_arm/gcc-arm-none-eabi-10.3-2021.10/bin/../lib/gcc/arm-none-eabi/10.3.1/thumb/v8-m.base/nofp\libgcc.a(_arm_cmpdf2.o)
                0x00009db4                __aeabi_cdrcmple
                0x00009dc4                __aeabi_cdcmple
                0x00009dc4                __aeabi_cdcmpeq
                0x00009dd4                __aeabi_dcmpeq
                0x00009de0                __aeabi_dcmplt
                0x00009df4                __aeabi_dcmple
                0x00009e08                __aeabi_dcmpgt
                0x00009e1c                __aeabi_dcmpge
 .text          0x00009e30       0x84 c:/renesas/ra/e2studio_v2023-04_fsp_v4.4.0/toolchains/gcc_arm/gcc-arm-none-eabi-10.3-2021.10/bin/../lib/gcc/arm-none-eabi/10.3.1/thumb/v8-m.base/nofp\libgcc.a(eqdf2.o)
                0x00009e30                __nedf2
                0x00009e30                __eqdf2
 .text          0x00009eb4       0xc8 c:/renesas/ra/e2studio_v2023-04_fsp_v4.4.0/toolchains/gcc_arm/gcc-arm-none-eabi-10.3-2021.10/bin/../lib/gcc/arm-none-eabi/10.3.1/thumb/v8-m.base/nofp\libgcc.a(gedf2.o)
                0x00009eb4                __gedf2
                0x00009eb4                __gtdf2
 .text          0x00009f7c       0xc0 c:/renesas/ra/e2studio_v2023-04_fsp_v4.4.0/toolchains/gcc_arm/gcc-arm-none-eabi-10.3-2021.10/bin/../lib/gcc/arm-none-eabi/10.3.1/thumb/v8-m.base/nofp\libgcc.a(ledf2.o)
                0x00009f7c                __ledf2
                0x00009f7c                __ltdf2
 .text          0x0000a03c       0x3c c:/renesas/ra/e2studio_v2023-04_fsp_v4.4.0/toolchains/gcc_arm/gcc-arm-none-eabi-10.3-2021.10/bin/../lib/gcc/arm-none-eabi/10.3.1/thumb/v8-m.base/nofp\libgcc.a(unorddf2.o)
                0x0000a03c                __aeabi_dcmpun
 .text          0x0000a078       0x50 c:/renesas/ra/e2studio_v2023-04_fsp_v4.4.0/toolchains/gcc_arm/gcc-arm-none-eabi-10.3-2021.10/bin/../lib/gcc/arm-none-eabi/10.3.1/thumb/v8-m.base/nofp\libgcc.a(floatunsidf.o)
                0x0000a078                __aeabi_ui2d
 .text.floor    0x0000a0c8      0x158 c:/renesas/ra/e2studio_v2023-04_fsp_v4.4.0/toolchains/gcc_arm/gcc-arm-none-eabi-10.3-2021.10/bin/../lib/gcc/arm-none-eabi/10.3.1/../../../../arm-none-eabi/lib/thumb/v8-m.base/nofp\libm.a(lib_a-s_floor.o)
                0x0000a0c8                floor
 .text.log      0x0000a220       0x68 c:/renesas/ra/e2studio_v2023-04_fsp_v4.4.0/toolchains/gcc_arm/gcc-arm-none-eabi-10.3-2021.10/bin/../lib/gcc/arm-none-eabi/10.3.1/../../../../arm-none-eabi/lib/thumb/v8-m.base/nofp\libm.a(lib_a-w_log.o)
                0x0000a220                log
 .text.__ieee754_log
                0x0000a288      0x478 c:/renesas/ra/e2studio_v2023-04_fsp_v4.4.0/toolchains/gcc_arm/gcc-arm-none-eabi-10.3-2021.10/bin/../lib/gcc/arm-none-eabi/10.3.1/../../../../arm-none-eabi/lib/thumb/v8-m.base/nofp\libm.a(lib_a-e_log.o)
                0x0000a288                __ieee754_log
 .text.nan      0x0000a700        0xc c:/renesas/ra/e2studio_v2023-04_fsp_v4.4.0/toolchains/gcc_arm/gcc-arm-none-eabi-10.3-2021.10/bin/../lib/gcc/arm-none-eabi/10.3.1/../../../../arm-none-eabi/lib/thumb/v8-m.base/nofp\libm.a(lib_a-s_nan.o)
                0x0000a700                nan
 .text._close   0x0000a70c       0x14 c:/renesas/ra/e2studio_v2023-04_fsp_v4.4.0/toolchains/gcc_arm/gcc-arm-none-eabi-10.3-2021.10/bin/../lib/gcc/arm-none-eabi/10.3.1/../../../../arm-none-eabi/lib/thumb/v8-m.base/nofp\libnosys.a(close.o)
                0x0000a70c                _close
 .text._fstat   0x0000a720       0x14 c:/renesas/ra/e2studio_v2023-04_fsp_v4.4.0/toolchains/gcc_arm/gcc-arm-none-eabi-10.3-2021.10/bin/../lib/gcc/arm-none-eabi/10.3.1/../../../../arm-none-eabi/lib/thumb/v8-m.base/nofp\libnosys.a(fstat.o)
                0x0000a720                _fstat
 .text._isatty  0x0000a734       0x10 c:/renesas/ra/e2studio_v2023-04_fsp_v4.4.0/toolchains/gcc_arm/gcc-arm-none-eabi-10.3-2021.10/bin/../lib/gcc/arm-none-eabi/10.3.1/../../../../arm-none-eabi/lib/thumb/v8-m.base/nofp\libnosys.a(isatty.o)
                0x0000a734                _isatty
 .text._lseek   0x0000a744       0x14 c:/renesas/ra/e2studio_v2023-04_fsp_v4.4.0/toolchains/gcc_arm/gcc-arm-none-eabi-10.3-2021.10/bin/../lib/gcc/arm-none-eabi/10.3.1/../../../../arm-none-eabi/lib/thumb/v8-m.base/nofp\libnosys.a(lseek.o)
                0x0000a744                _lseek
 .text._read    0x0000a758       0x14 c:/renesas/ra/e2studio_v2023-04_fsp_v4.4.0/toolchains/gcc_arm/gcc-arm-none-eabi-10.3-2021.10/bin/../lib/gcc/arm-none-eabi/10.3.1/../../../../arm-none-eabi/lib/thumb/v8-m.base/nofp\libnosys.a(read.o)
                0x0000a758                _read
 *(.version)
 .version       0x0000a76c       0x50 ./ra/fsp/src/bsp/mcu/all/bsp_common.o
 *(.init)
 .init          0x0000a7bc        0x4 c:/renesas/ra/e2studio_v2023-04_fsp_v4.4.0/toolchains/gcc_arm/gcc-arm-none-eabi-10.3-2021.10/bin/../lib/gcc/arm-none-eabi/10.3.1/thumb/v8-m.base/nofp/crti.o
                0x0000a7bc                _init
 .init          0x0000a7c0        0x8 c:/renesas/ra/e2studio_v2023-04_fsp_v4.4.0/toolchains/gcc_arm/gcc-arm-none-eabi-10.3-2021.10/bin/../lib/gcc/arm-none-eabi/10.3.1/thumb/v8-m.base/nofp/crtn.o
 *(.fini)
 .fini          0x0000a7c8        0x4 c:/renesas/ra/e2studio_v2023-04_fsp_v4.4.0/toolchains/gcc_arm/gcc-arm-none-eabi-10.3-2021.10/bin/../lib/gcc/arm-none-eabi/10.3.1/thumb/v8-m.base/nofp/crti.o
                0x0000a7c8                _fini
 .fini          0x0000a7cc        0x8 c:/renesas/ra/e2studio_v2023-04_fsp_v4.4.0/toolchains/gcc_arm/gcc-arm-none-eabi-10.3-2021.10/bin/../lib/gcc/arm-none-eabi/10.3.1/thumb/v8-m.base/nofp/crtn.o
 *crtbegin.o(.ctors)
 *crtbegin?.o(.ctors)
 *(EXCLUDE_FILE(*crtend.o *crtend?.o) .ctors)
 *(SORT_BY_NAME(.ctors.*))
 *(.ctors)
 *crtbegin.o(.dtors)
 *crtbegin?.o(.dtors)
 *(EXCLUDE_FILE(*crtend.o *crtend?.o) .dtors)
 *(SORT_BY_NAME(.dtors.*))
 *(.dtors)
 *(.rodata*)
 .rodata.GET_Wifi_State.str1.4
                0x0000a7d4       0x8f ./src/user_wifi/use_wifi.o
 *fill*         0x0000a863        0x1 ff
 .rodata.Wifi_get_weather.str1.4
                0x0000a864       0x8f ./src/user_wifi/use_wifi.o
 *fill*         0x0000a8f3        0x1 ff
 .rodata.Wifi_state_inquire.str1.4
                0x0000a8f4       0xd7 ./src/user_wifi/use_wifi.o
 *fill*         0x0000a9cb        0x1 ff
 .rodata.WiFi_data_Upload.str1.4
                0x0000a9cc       0x79 ./src/user_wifi/use_wifi.o
 *fill*         0x0000aa45        0x3 ff
 .rodata.ntc10k_3950_temp_data.str1.4
                0x0000aa48       0x5f ./src/user_ntc_3950_10k_read/user_ntc_3950_10k_read.o
 *fill*         0x0000aaa7        0x1 ff
 .rodata.itoa.str1.4
                0x0000aaa8       0x11 ./src/user_ntc_3950_10k_read/user_ntc_3950_10k_read.o
 *fill*         0x0000aab9        0x3 ff
 .rodata.LCD_integer_and_decimal_display.str1.4
                0x0000aabc        0x6 ./src/user_lcd_driver/user_lcd_driver.o
 *fill*         0x0000aac2        0x2 ff
 .rodata.debug_uart1_Init.part.0.str1.4
                0x0000aac4       0x39 ./src/user_bsp_uart/user_bsp_uart.o
 *fill*         0x0000aafd        0x3 ff
 .rodata.Receive_weather_by_UART1.part.0.str1.4
                0x0000ab00       0x48 ./src/user_bsp_uart/user_bsp_uart.o
 .rodata.Receive_wifi_in_softAP_by_UATR1.str1.4
                0x0000ab48       0x5d ./src/user_bsp_uart/user_bsp_uart.o
 *fill*         0x0000aba5        0x3 ff
 .rodata.Receive_wifi_command_by_UATR1.str1.4
                0x0000aba8       0xfa ./src/user_bsp_uart/user_bsp_uart.o
 *fill*         0x0000aca2        0x2 ff
 .rodata.__func__.0
                0x0000aca4       0x10 ./src/user_bsp_uart/user_bsp_uart.o
 .rodata.__func__.1
                0x0000acb4       0x10 ./src/user_bsp_uart/user_bsp_uart.o
 .rodata.__func__.2
                0x0000acc4       0x11 ./src/user_bsp_uart/user_bsp_uart.o
 *fill*         0x0000acd5        0x3 ff
 .rodata.rtc_minute_30_read.str1.4
                0x0000acd8       0xa9 ./src/user_bsp_rtc/user_bsp_rtc.o
 *fill*         0x0000ad81        0x3 ff
 .rodata.ir_receive_data_output.str1.4
                0x0000ad84       0x5c ./src/user_bsp_gpt_pwm/user_bsp_gpt_pwm.o
 .rodata.Power_Input_Init.str1.4
                0x0000ade0       0x25 ./src/user_bsp_gpio/user_bsp_gpio.o
                                 0x39 (size before relaxing)
 *fill*         0x0000ae05        0x3 ff
 .rodata.power_in_irq_callback.str1.4
                0x0000ae08       0x51 ./src/user_bsp_gpio/user_bsp_gpio.o
 *fill*         0x0000ae59        0x3 ff
 .rodata.__func__.0
                0x0000ae5c       0x11 ./src/user_bsp_gpio/user_bsp_gpio.o
 *fill*         0x0000ae6d        0x3 ff
 .rodata.ADC_Init.str1.4
                0x0000ae70       0x37 ./src/user_bsp_adc/user_bsp_adc.o
 *fill*         0x0000aea7        0x1 ff
 .rodata.__func__.0
                0x0000aea8        0x9 ./src/user_bsp_adc/user_bsp_adc.o
 *fill*         0x0000aeb1        0x3 ff
 .rodata.SysTick_Init.str1.4
                0x0000aeb4       0x33 ./src/user_bsp_SysTick/user_bsp_SysTick.o
 *fill*         0x0000aee7        0x1 ff
 .rodata.__func__.0
                0x0000aee8        0xd ./src/user_bsp_SysTick/user_bsp_SysTick.o
 *fill*         0x0000aef5        0x3 ff
 .rodata.DHT11_Read.str1.4
                0x0000aef8      0x107 ./src/user_DHT11/user_dht11.o
 *fill*         0x0000afff        0x1 ff
 .rodata.System_Init.str1.4
                0x0000b000       0x33 ./src/hal_entry.o
 *fill*         0x0000b033        0x1 ff
 .rodata.hal_entry.str1.4
                0x0000b034       0x3d ./src/hal_entry.o
 *fill*         0x0000b071        0x3 ff
 .rodata.g_external_irq4_cfg
                0x0000b074       0x14 ./ra_gen/common_data.o
                0x0000b074                g_external_irq4_cfg
 .rodata.g_ioport
                0x0000b088        0xc ./ra_gen/common_data.o
                0x0000b088                g_ioport
 .rodata.g_adc0_cfg
                0x0000b094       0x18 ./ra_gen/hal_data.o
                0x0000b094                g_adc0_cfg
 .rodata.g_adc0_cfg_extend
                0x0000b0ac        0xa ./ra_gen/hal_data.o
                0x0000b0ac                g_adc0_cfg_extend
 *fill*         0x0000b0b6        0x2 ff
 .rodata.g_adc0_channel_cfg
                0x0000b0b8       0x14 ./ra_gen/hal_data.o
                0x0000b0b8                g_adc0_channel_cfg
 .rodata.g_timer_gpt0_cfg
                0x0000b0cc       0x20 ./ra_gen/hal_data.o
                0x0000b0cc                g_timer_gpt0_cfg
 .rodata.g_timer_gpt0_extend
                0x0000b0ec       0x30 ./ra_gen/hal_data.o
                0x0000b0ec                g_timer_gpt0_extend
 .rodata.g_timer_gpt7_cfg
                0x0000b11c       0x20 ./ra_gen/hal_data.o
                0x0000b11c                g_timer_gpt7_cfg
 .rodata.g_timer_gpt7_extend
                0x0000b13c       0x30 ./ra_gen/hal_data.o
                0x0000b13c                g_timer_gpt7_extend
 .rodata.g_timer_gpt9_cfg
                0x0000b16c       0x20 ./ra_gen/hal_data.o
                0x0000b16c                g_timer_gpt9_cfg
 .rodata.g_timer_gpt9_extend
                0x0000b18c       0x30 ./ra_gen/hal_data.o
                0x0000b18c                g_timer_gpt9_extend
 .rodata.g_uart1_cfg
                0x0000b1bc       0x20 ./ra_gen/hal_data.o
                0x0000b1bc                g_uart1_cfg
 .rodata.g_uart1_cfg_extend
                0x0000b1dc       0x14 ./ra_gen/hal_data.o
                0x0000b1dc                g_uart1_cfg_extend
 .rodata.g_uart2_cfg
                0x0000b1f0       0x20 ./ra_gen/hal_data.o
                0x0000b1f0                g_uart2_cfg
 .rodata.g_uart2_cfg_extend
                0x0000b210       0x14 ./ra_gen/hal_data.o
                0x0000b210                g_uart2_cfg_extend
 .rodata.g_uart9_cfg
                0x0000b224       0x20 ./ra_gen/hal_data.o
                0x0000b224                g_uart9_cfg
 .rodata.g_uart9_cfg_extend
                0x0000b244       0x14 ./ra_gen/hal_data.o
                0x0000b244                g_uart9_cfg_extend
 .rodata.rtc    0x0000b258        0xc ./ra_gen/hal_data.o
                0x0000b258                rtc
 .rodata.rtc_cfg
                0x0000b264       0x20 ./ra_gen/hal_data.o
                0x0000b264                rtc_cfg
 .rodata.rtc_err_cfg
                0x0000b284        0x8 ./ra_gen/hal_data.o
                0x0000b284                rtc_err_cfg
 .rodata.g_bsp_pin_cfg
                0x0000b28c        0x8 ./ra_gen/pin_data.o
                0x0000b28c                g_bsp_pin_cfg
 .rodata.g_bsp_pin_cfg_data
                0x0000b294      0x120 ./ra_gen/pin_data.o
                0x0000b294                g_bsp_pin_cfg_data
 .rodata.g_interrupt_event_link_select
                0x0000b3b4       0x20 ./ra_gen/vector_data.o
                0x0000b3b4                g_interrupt_event_link_select
 .rodata.g_rtc_on_rtc
                0x0000b3d4       0x2c ./ra/fsp/src/r_rtc/r_rtc.o
                0x0000b3d4                g_rtc_on_rtc
 .rodata.g_ioport_on_ioport
                0x0000b400       0x34 ./ra/fsp/src/r_ioport/r_ioport.o
                0x0000b400                g_ioport_on_ioport
 .rodata.adc_elc_trigger_lut
                0x0000b434        0xc ./ra/fsp/src/r_adc/r_adc.o
 .rodata.g_prcr_masks
                0x0000b440        0x8 ./ra/fsp/src/bsp/mcu/all/bsp_register_protection.o
 .rodata        0x0000b448       0x40 c:/renesas/ra/e2studio_v2023-04_fsp_v4.4.0/toolchains/gcc_arm/gcc-arm-none-eabi-10.3-2021.10/bin/../lib/gcc/arm-none-eabi/10.3.1/thumb/v8-m.base/nofp\libgcc.a(divdf3.o)
 .rodata        0x0000b488       0x40 c:/renesas/ra/e2studio_v2023-04_fsp_v4.4.0/toolchains/gcc_arm/gcc-arm-none-eabi-10.3-2021.10/bin/../lib/gcc/arm-none-eabi/10.3.1/thumb/v8-m.base/nofp\libgcc.a(muldf3.o)
 .rodata._global_impure_ptr
                0x0000b4c8        0x4 c:/renesas/ra/e2studio_v2023-04_fsp_v4.4.0/toolchains/gcc_arm/gcc-arm-none-eabi-10.3-2021.10/bin/../lib/gcc/arm-none-eabi/10.3.1/../../../../arm-none-eabi/lib/thumb/v8-m.base/nofp\libg_nano.a(lib_a-impure.o)
                0x0000b4c8                _global_impure_ptr
 .rodata._printf_float.str1.1
                0x0000b4cc       0x12 c:/renesas/ra/e2studio_v2023-04_fsp_v4.4.0/toolchains/gcc_arm/gcc-arm-none-eabi-10.3-2021.10/bin/../lib/gcc/arm-none-eabi/10.3.1/../../../../arm-none-eabi/lib/thumb/v8-m.base/nofp\libg_nano.a(lib_a-nano-vfprintf_float.o)
 .rodata._printf_i.str1.1
                0x0000b4de       0x22 c:/renesas/ra/e2studio_v2023-04_fsp_v4.4.0/toolchains/gcc_arm/gcc-arm-none-eabi-10.3-2021.10/bin/../lib/gcc/arm-none-eabi/10.3.1/../../../../arm-none-eabi/lib/thumb/v8-m.base/nofp\libg_nano.a(lib_a-nano-vfprintf_i.o)
 .rodata._dtoa_r.str1.1
                0x0000b500       0xb3 c:/renesas/ra/e2studio_v2023-04_fsp_v4.4.0/toolchains/gcc_arm/gcc-arm-none-eabi-10.3-2021.10/bin/../lib/gcc/arm-none-eabi/10.3.1/../../../../arm-none-eabi/lib/thumb/v8-m.base/nofp\libg_nano.a(lib_a-dtoa.o)
                                 0xb5 (size before relaxing)
 *fill*         0x0000b5b3        0x1 ff
 .rodata.__sf_fake_stderr
                0x0000b5b4       0x20 c:/renesas/ra/e2studio_v2023-04_fsp_v4.4.0/toolchains/gcc_arm/gcc-arm-none-eabi-10.3-2021.10/bin/../lib/gcc/arm-none-eabi/10.3.1/../../../../arm-none-eabi/lib/thumb/v8-m.base/nofp\libg_nano.a(lib_a-findfp.o)
                0x0000b5b4                __sf_fake_stderr
 .rodata.__sf_fake_stdin
                0x0000b5d4       0x20 c:/renesas/ra/e2studio_v2023-04_fsp_v4.4.0/toolchains/gcc_arm/gcc-arm-none-eabi-10.3-2021.10/bin/../lib/gcc/arm-none-eabi/10.3.1/../../../../arm-none-eabi/lib/thumb/v8-m.base/nofp\libg_nano.a(lib_a-findfp.o)
                0x0000b5d4                __sf_fake_stdin
 .rodata.__sf_fake_stdout
                0x0000b5f4       0x20 c:/renesas/ra/e2studio_v2023-04_fsp_v4.4.0/toolchains/gcc_arm/gcc-arm-none-eabi-10.3-2021.10/bin/../lib/gcc/arm-none-eabi/10.3.1/../../../../arm-none-eabi/lib/thumb/v8-m.base/nofp\libg_nano.a(lib_a-findfp.o)
                0x0000b5f4                __sf_fake_stdout
 .rodata._Balloc.str1.1
                0x0000b614       0x7f c:/renesas/ra/e2studio_v2023-04_fsp_v4.4.0/toolchains/gcc_arm/gcc-arm-none-eabi-10.3-2021.10/bin/../lib/gcc/arm-none-eabi/10.3.1/../../../../arm-none-eabi/lib/thumb/v8-m.base/nofp\libg_nano.a(lib_a-mprec.o)
                                 0x96 (size before relaxing)
 .rodata.__multadd.str1.1
                0x0000b693       0x11 c:/renesas/ra/e2studio_v2023-04_fsp_v4.4.0/toolchains/gcc_arm/gcc-arm-none-eabi-10.3-2021.10/bin/../lib/gcc/arm-none-eabi/10.3.1/../../../../arm-none-eabi/lib/thumb/v8-m.base/nofp\libg_nano.a(lib_a-mprec.o)
 *fill*         0x0000b693        0x5 ff
 .rodata.__mprec_bigtens
                0x0000b698       0x28 c:/renesas/ra/e2studio_v2023-04_fsp_v4.4.0/toolchains/gcc_arm/gcc-arm-none-eabi-10.3-2021.10/bin/../lib/gcc/arm-none-eabi/10.3.1/../../../../arm-none-eabi/lib/thumb/v8-m.base/nofp\libg_nano.a(lib_a-mprec.o)
                0x0000b698                __mprec_bigtens
 .rodata.__mprec_tens
                0x0000b6c0       0xc8 c:/renesas/ra/e2studio_v2023-04_fsp_v4.4.0/toolchains/gcc_arm/gcc-arm-none-eabi-10.3-2021.10/bin/../lib/gcc/arm-none-eabi/10.3.1/../../../../arm-none-eabi/lib/thumb/v8-m.base/nofp\libg_nano.a(lib_a-mprec.o)
                0x0000b6c0                __mprec_tens
 .rodata.p05.0  0x0000b788        0xc c:/renesas/ra/e2studio_v2023-04_fsp_v4.4.0/toolchains/gcc_arm/gcc-arm-none-eabi-10.3-2021.10/bin/../lib/gcc/arm-none-eabi/10.3.1/../../../../arm-none-eabi/lib/thumb/v8-m.base/nofp\libg_nano.a(lib_a-mprec.o)
 .rodata._vfprintf_r.str1.1
                0x0000b794       0x11 c:/renesas/ra/e2studio_v2023-04_fsp_v4.4.0/toolchains/gcc_arm/gcc-arm-none-eabi-10.3-2021.10/bin/../lib/gcc/arm-none-eabi/10.3.1/../../../../arm-none-eabi/lib/thumb/v8-m.base/nofp\libg_nano.a(lib_a-nano-vfprintf.o)
 .rodata._setlocale_r.str1.1
                0x0000b7a5        0x8 c:/renesas/ra/e2studio_v2023-04_fsp_v4.4.0/toolchains/gcc_arm/gcc-arm-none-eabi-10.3-2021.10/bin/../lib/gcc/arm-none-eabi/10.3.1/../../../../arm-none-eabi/lib/thumb/v8-m.base/nofp\libg_nano.a(lib_a-locale.o)
                                  0x9 (size before relaxing)
 .rodata.str1.1
                0x0000b7ad        0x2 c:/renesas/ra/e2studio_v2023-04_fsp_v4.4.0/toolchains/gcc_arm/gcc-arm-none-eabi-10.3-2021.10/bin/../lib/gcc/arm-none-eabi/10.3.1/../../../../arm-none-eabi/lib/thumb/v8-m.base/nofp\libg_nano.a(lib_a-locale.o)
 .rodata._ctype_
                0x0000b7af      0x101 c:/renesas/ra/e2studio_v2023-04_fsp_v4.4.0/toolchains/gcc_arm/gcc-arm-none-eabi-10.3-2021.10/bin/../lib/gcc/arm-none-eabi/10.3.1/../../../../arm-none-eabi/lib/thumb/v8-m.base/nofp\libg_nano.a(lib_a-ctype_.o)
                0x0000b7af                _ctype_
 .rodata.log.str1.4
                0x0000b8b0       0x3d c:/renesas/ra/e2studio_v2023-04_fsp_v4.4.0/toolchains/gcc_arm/gcc-arm-none-eabi-10.3-2021.10/bin/../lib/gcc/arm-none-eabi/10.3.1/../../../../arm-none-eabi/lib/thumb/v8-m.base/nofp\libm.a(lib_a-w_log.o)
                                  0x1 (size before relaxing)
                0x0000b8b0                __usb_dev_descriptor_start_fs = .
 *(.usb_device_desc_fs*)
                0x0000b8b0                __usb_cfg_descriptor_start_fs = .
 *(.usb_config_desc_fs*)
                0x0000b8b0                __usb_interface_descriptor_start_fs = .
 *(.usb_interface_desc_fs*)
                0x0000b8b0                __usb_descriptor_end_fs = .
                0x0000b8b0                __usb_dev_descriptor_start_hs = .
 *(.usb_device_desc_hs*)
                0x0000b8b0                __usb_cfg_descriptor_start_hs = .
 *(.usb_config_desc_hs*)
                0x0000b8b0                __usb_interface_descriptor_start_hs = .
 *(.usb_interface_desc_hs*)
                0x0000b8b0                __usb_descriptor_end_hs = .
 *(.eh_frame*)
 .eh_frame      0x0000b8b0        0x0 c:/renesas/ra/e2studio_v2023-04_fsp_v4.4.0/toolchains/gcc_arm/gcc-arm-none-eabi-10.3-2021.10/bin/../lib/gcc/arm-none-eabi/10.3.1/thumb/v8-m.base/nofp/crtbegin.o
 .eh_frame      0x0000b8b0        0x4 c:/renesas/ra/e2studio_v2023-04_fsp_v4.4.0/toolchains/gcc_arm/gcc-arm-none-eabi-10.3-2021.10/bin/../lib/gcc/arm-none-eabi/10.3.1/thumb/v8-m.base/nofp/crtend.o
                0x0000b8b4                __ROM_End = .
                0x000000c0                __Vectors_Size = (__Vectors_End - __Vectors)

.glue_7         0x0000b8b4        0x0
 .glue_7        0x0000b8b4        0x0 linker stubs

.glue_7t        0x0000b8b4        0x0
 .glue_7t       0x0000b8b4        0x0 linker stubs

.vfp11_veneer   0x0000b8b4        0x0
 .vfp11_veneer  0x0000b8b4        0x0 linker stubs

.v4_bx          0x0000b8b4        0x0
 .v4_bx         0x0000b8b4        0x0 linker stubs

.iplt           0x0000b8b4        0x0
 .iplt          0x0000b8b4        0x0 c:/renesas/ra/e2studio_v2023-04_fsp_v4.4.0/toolchains/gcc_arm/gcc-arm-none-eabi-10.3-2021.10/bin/../lib/gcc/arm-none-eabi/10.3.1/thumb/v8-m.base/nofp/crtbegin.o

.ARM.extab
 *(.ARM.extab* .gnu.linkonce.armextab.*)
                0x0000b8b4                __exidx_start = .

.ARM.exidx
 *(.ARM.exidx* .gnu.linkonce.armexidx.*)
                0x0000b8b4                __exidx_end = .
                0x0000b8b4                __etext = .
                0x20004000                __tz_RAM_S = ORIGIN (RAM)

.fsp_dtc_vector_table
                0x20004000        0x0
                0x20004000                . = ORIGIN (RAM)
 *(.fsp_dtc_vector_table)

.data           0x20004000     0x1ca4 load address 0x0000b8b4
                0x20004000                __data_start__ = .
                0x20004000                . = ALIGN (0x4)
                0x20004000                __Code_In_RAM_Start = .
 *(.code_in_ram*)
                0x20004000                __Code_In_RAM_End = .
 *(vtable)
 *(.data.*)
 .data.chines_word
                0x20004000     0x1a86 ./src/user_lcd_driver/user_lcd_driver.o
                0x20004000                chines_word
 *fill*         0x20005a86        0x2 
 .data.TaskComps
                0x20005a88       0x38 ./src/user_bsp_SysTick/user_bsp_SysTick.o
 .data.g_uart1_baud_setting
                0x20005ac0        0x4 ./ra_gen/hal_data.o
                0x20005ac0                g_uart1_baud_setting
 .data.g_uart2_baud_setting
                0x20005ac4        0x4 ./ra_gen/hal_data.o
                0x20005ac4                g_uart2_baud_setting
 .data.g_uart9_baud_setting
                0x20005ac8        0x4 ./ra_gen/hal_data.o
                0x20005ac8                g_uart9_baud_setting
 .data._impure_ptr
                0x20005acc        0x4 c:/renesas/ra/e2studio_v2023-04_fsp_v4.4.0/toolchains/gcc_arm/gcc-arm-none-eabi-10.3-2021.10/bin/../lib/gcc/arm-none-eabi/10.3.1/../../../../arm-none-eabi/lib/thumb/v8-m.base/nofp\libg_nano.a(lib_a-impure.o)
                0x20005acc                _impure_ptr
 .data.impure_data
                0x20005ad0       0x60 c:/renesas/ra/e2studio_v2023-04_fsp_v4.4.0/toolchains/gcc_arm/gcc-arm-none-eabi-10.3-2021.10/bin/../lib/gcc/arm-none-eabi/10.3.1/../../../../arm-none-eabi/lib/thumb/v8-m.base/nofp\libg_nano.a(lib_a-impure.o)
 .data.__global_locale
                0x20005b30      0x16c c:/renesas/ra/e2studio_v2023-04_fsp_v4.4.0/toolchains/gcc_arm/gcc-arm-none-eabi-10.3-2021.10/bin/../lib/gcc/arm-none-eabi/10.3.1/../../../../arm-none-eabi/lib/thumb/v8-m.base/nofp\libg_nano.a(lib_a-locale.o)
                0x20005b30                __global_locale
 *(.data)
                0x20005c9c                . = ALIGN (0x4)
                0x20005c9c                PROVIDE (__preinit_array_start = .)
 *(.preinit_array)
                0x20005c9c                PROVIDE (__preinit_array_end = .)
                0x20005c9c                . = ALIGN (0x4)
                0x20005c9c                PROVIDE (__init_array_start = .)
 *(SORT_BY_NAME(.init_array.*))
 *(.init_array)
 .init_array    0x20005c9c        0x4 c:/renesas/ra/e2studio_v2023-04_fsp_v4.4.0/toolchains/gcc_arm/gcc-arm-none-eabi-10.3-2021.10/bin/../lib/gcc/arm-none-eabi/10.3.1/thumb/v8-m.base/nofp/crtbegin.o
                0x20005ca0                PROVIDE (__init_array_end = .)
                0x20005ca0                . = ALIGN (0x4)
                [!provide]                PROVIDE (__fini_array_start = .)
 *(SORT_BY_NAME(.fini_array.*))
 *(.fini_array)
 .fini_array    0x20005ca0        0x4 c:/renesas/ra/e2studio_v2023-04_fsp_v4.4.0/toolchains/gcc_arm/gcc-arm-none-eabi-10.3-2021.10/bin/../lib/gcc/arm-none-eabi/10.3.1/thumb/v8-m.base/nofp/crtbegin.o
                [!provide]                PROVIDE (__fini_array_end = .)
 *(.jcr*)
                0x20005ca4                . = ALIGN (0x4)
                0x20005ca4                __data_end__ = .
                0x0000d558                __dtcm_data_init_start = ((__etext + __data_end__) - __data_start__)

.igot.plt       0x20005ca4        0x0 load address 0x0000d558
 .igot.plt      0x20005ca4        0x0 c:/renesas/ra/e2studio_v2023-04_fsp_v4.4.0/toolchains/gcc_arm/gcc-arm-none-eabi-10.3-2021.10/bin/../lib/gcc/arm-none-eabi/10.3.1/thumb/v8-m.base/nofp/crtbegin.o

.dtcm_data      0x00000000        0x0 load address 0x0000d558
                0x00000000                __tz_DTCM_S = ABSOLUTE (DTCM_START)
                0x00000000                __dtcm_data_start__ = .
 *(.dtcm_data*)
                0x00000000                __dtcm_data_end__ = .

.dtcm_noinit    0x00000000        0x0 load address 0x0000d558
                0x00000000                __dtcm_noinit_start = .
 *(.dtcm_noinit*)
                0x00000000                __dtcm_noinit_end = .
                0x00000000                __tz_DTCM_N = DEFINED (DTCM_NS_START)?ABSOLUTE (DTCM_NS_START):ALIGN (__dtcm_noinit_end, 0x2000)
                0x0000d558                DATA_END = (LOADADDR (.data) + SIZEOF (.data))
                0x0000d800                SGSTUBS_LOC = (DEFINED (PROJECT_SECURE) && DEFINED (FLASH_NSC_START))?ABSOLUTE (FLASH_NSC_START):ALIGN (DATA_END, 0x400)

.gnu.sgstubs    0x0000d800        0x0
                0x0000d800                __tz_FLASH_C = DEFINED (FLASH_NSC_START)?ABSOLUTE (FLASH_NSC_START):__RESERVE_NS_RAM?ABSOLUTE ((FLASH_START + FLASH_LENGTH)):ALIGN (0x400)
                0x0000d800                _start_sg = .
 *(.gnu.sgstubs*)
                0x0000d800                . = ALIGN (0x20)
                0x0000d800                _end_sg = .
                0x00010000                __tz_FLASH_N = DEFINED (FLASH_NS_START)?ABSOLUTE (FLASH_NS_START):__RESERVE_NS_RAM?ABSOLUTE ((FLASH_START + FLASH_LENGTH)):(FLASH_LENGTH < 0x8000)?FLASH_LENGTH:ALIGN (0x8000)
                0x00010000                FLASH_NS_IMAGE_START = DEFINED (FLASH_NS_IMAGE_START)?FLASH_NS_IMAGE_START:__tz_FLASH_N
                0x60000000                __tz_QSPI_FLASH_S = ORIGIN (QSPI_FLASH)

.qspi_flash     0x60000000        0x0
                0x60000000                __qspi_flash_start__ = .
 *(.qspi_flash*)
 *(.code_in_qspi*)
                0x60000000                __qspi_flash_end__ = .
                0x00000000                __qspi_flash_code_size__ = (__qspi_flash_end__ - __qspi_flash_start__)
                0x0000d558                __qspi_flash_code_addr__ = (__etext + (__data_end__ - __data_start__))

.qspi_non_retentive
                0x60000000        0x0 load address 0x0000d558
                0x60000000                __qspi_non_retentive_start__ = .
 *(.qspi_non_retentive*)
                0x60000000                __qspi_non_retentive_end__ = .
                0x00000000                __qspi_non_retentive_size__ = (__qspi_non_retentive_end__ - __qspi_non_retentive_start__)
                0x04000000                __qspi_region_max_size__ = 0x4000000
                0x60000000                __qspi_region_start_address__ = __qspi_flash_start__
                0x64000000                __qspi_region_end_address__ = (__qspi_flash_start__ + __qspi_region_max_size__)
                0x60000000                __tz_QSPI_FLASH_N = __qspi_non_retentive_end__

.OSPI_DEVICE_0_NO_LOAD
                0x80020000        0x0
                0x80020000                . = ALIGN (0x4)
                0x80020000                __ospi_device_0_start__ = .
 *(.ospi_device_0_no_load*)
                0x80020000                . = ALIGN (0x4)
                0x80020000                __ospi_device_0_end__ = .

.OSPI_DEVICE_1_NO_LOAD
                0x80030000        0x0
                0x80030000                . = ALIGN (0x4)
                0x80030000                __ospi_device_1_start__ = .
 *(.ospi_device_1_no_load*)
                0x80030000                . = ALIGN (0x4)
                0x80030000                __ospi_device_1_end__ = .
                0x80020000                __tz_OSPI_DEVICE_0_S = ORIGIN (OSPI_DEVICE_0)

.OSPI_DEVICE_0  0x80020000        0x0
                0x80020000                __ospi_device_0_start__ = .
 *(.ospi_device_0*)
 *(.code_in_ospi_device_0*)
                0x80020000                __ospi_device_0_end__ = .
                0x00000000                __ospi_device_0_code_size__ = (__ospi_device_0_end__ - __ospi_device_0_start__)
                0x0000d558                __ospi_device_0_code_addr__ = (__etext + (__data_end__ - __data_start__))

.ospi_device_0_non_retentive
                0x80020000        0x0 load address 0x0000d558
                0x80020000                __ospi_device_0_non_retentive_start__ = .
 *(.ospi_device_0_non_retentive*)
                0x80020000                __ospi_device_0_non_retentive_end__ = .
                0x00000000                __ospi_device_0_non_retentive_size__ = (__ospi_device_0_non_retentive_end__ - __ospi_device_0_non_retentive_start__)
                0x08000000                __ospi_device_0_region_max_size__ = 0x8000000
                0x80020000                __ospi_device_0_region_start_address__ = __ospi_device_0_start__
                0x88020000                __ospi_device_0_region_end_address__ = (__ospi_device_0_start__ + __ospi_device_0_region_max_size__)
                0x80020000                __tz_OSPI_DEVICE_0_N = __ospi_device_0_non_retentive_end__
                0x80030000                __tz_OSPI_DEVICE_1_S = ORIGIN (OSPI_DEVICE_1)

.OSPI_DEVICE_1  0x80030000        0x0
                0x80030000                __ospi_device_1_start__ = .
 *(.ospi_device_1*)
 *(.code_in_ospi_device_1*)
                0x80030000                __ospi_device_1_end__ = .
                0x00000000                __ospi_device_1_code_size__ = (__ospi_device_1_end__ - __ospi_device_1_start__)
                0x0000d558                __ospi_device_1_code_addr__ = (__etext + (__data_end__ - __data_start__))

.ospi_device_1_non_retentive
                0x80030000        0x0 load address 0x0000d558
                0x80030000                __ospi_device_1_non_retentive_start__ = .
 *(.ospi_device_1_non_retentive*)
                0x80030000                __ospi_device_1_non_retentive_end__ = .
                0x00000000                __ospi_device_1_non_retentive_size__ = (__ospi_device_1_non_retentive_end__ - __ospi_device_1_non_retentive_start__)
                0x10000000                __ospi_device_1_region_max_size__ = 0x10000000
                0x80030000                __ospi_device_1_region_start_address__ = __ospi_device_1_start__
                0x90030000                __ospi_device_1_region_end_address__ = (__ospi_device_1_start__ + __ospi_device_1_region_max_size__)
                0x80030000                __tz_OSPI_DEVICE_1_N = __ospi_device_1_non_retentive_end__

.noinit         0x20005ca4       0x14
                0x20005ca4                . = ALIGN (0x4)
                0x20005ca4                __noinit_start = .
 *(.noinit*)
 .noinit        0x20005ca4       0x14 ./ra/fsp/src/bsp/mcu/all/bsp_clocks.o
                0x20005cb8                . = ALIGN (0x8)
 *(.heap.*)
                0x20005cb8                __noinit_end = .

.bss            0x20005cb8      0x384
                0x20005cb8                . = ALIGN (0x4)
                0x20005cb8                __bss_start__ = .
 *(.bss*)
 .bss           0x20005cb8       0x1c c:/renesas/ra/e2studio_v2023-04_fsp_v4.4.0/toolchains/gcc_arm/gcc-arm-none-eabi-10.3-2021.10/bin/../lib/gcc/arm-none-eabi/10.3.1/thumb/v8-m.base/nofp/crtbegin.o
 .bss.wifi_disconnect_inquire_count
                0x20005cd4        0x1 ./src/user_wifi/use_wifi.o
                0x20005cd4                wifi_disconnect_inquire_count
 .bss.wifi_state_display
                0x20005cd5        0x1 ./src/user_wifi/use_wifi.o
                0x20005cd5                wifi_state_display
 *fill*         0x20005cd6        0x2 
 .bss.wifi_up_load_before
                0x20005cd8        0x5 ./src/user_wifi/use_wifi.o
                0x20005cd8                wifi_up_load_before
 *fill*         0x20005cdd        0x3 
 .bss.wifi_up_load_now
                0x20005ce0        0x5 ./src/user_wifi/use_wifi.o
                0x20005ce0                wifi_up_load_now
 *fill*         0x20005ce5        0x1 
 .bss.gpt0_count
                0x20005ce6        0x2 ./src/user_ir_send/user_ir_send.o
                0x20005ce6                gpt0_count
 .bss.gpt0_count1
                0x20005ce8        0x2 ./src/user_ir_send/user_ir_send.o
                0x20005ce8                gpt0_count1
 *fill*         0x20005cea        0x2 
 .bss.Rx1Buffer
                0x20005cec       0x64 ./src/user_bsp_uart/user_bsp_uart.o
                0x20005cec                Rx1Buffer
 .bss.Rx1_Receive_Count
                0x20005d50        0x1 ./src/user_bsp_uart/user_bsp_uart.o
                0x20005d50                Rx1_Receive_Count
 .bss.UART_TO_WIFI_STA
                0x20005d51        0x1 ./src/user_bsp_uart/user_bsp_uart.o
                0x20005d51                UART_TO_WIFI_STA
 .bss.Wifi_state_flag
                0x20005d52        0x1 ./src/user_bsp_uart/user_bsp_uart.o
                0x20005d52                Wifi_state_flag
 .bss.uart1_Receive_COMPLETE_flag
                0x20005d53        0x1 ./src/user_bsp_uart/user_bsp_uart.o
                0x20005d53                uart1_Receive_COMPLETE_flag
 .bss.uart1_send_complete_flag
                0x20005d54        0x1 ./src/user_bsp_uart/user_bsp_uart.o
                0x20005d54                uart1_send_complete_flag
 .bss.uart2_send_complete_flag
                0x20005d55        0x1 ./src/user_bsp_uart/user_bsp_uart.o
                0x20005d55                uart2_send_complete_flag
 .bss.uart9_send_complete_flag
                0x20005d56        0x1 ./src/user_bsp_uart/user_bsp_uart.o
                0x20005d56                uart9_send_complete_flag
 .bss.wifi_get_weather_init_flag
                0x20005d57        0x1 ./src/user_bsp_uart/user_bsp_uart.o
                0x20005d57                wifi_get_weather_init_flag
 .bss.get_time.1
                0x20005d58       0x24 ./src/user_bsp_rtc/user_bsp_rtc.o
 .bss.rtc_ir_count.0
                0x20005d7c        0x1 ./src/user_bsp_rtc/user_bsp_rtc.o
 .bss.wifi_get_weather_flag
                0x20005d7d        0x1 ./src/user_bsp_rtc/user_bsp_rtc.o